Archive member included to satisfy reference by file (symbol)

/usr/lib/gcc/arm-none-eabi/10.3.1/thumb/v6-m/nofp/libgcc.a(_dvmd_tls.o)
                              CMakeFiles/AudioRecv.dir/home/samgriffen/raspberry-pi-pico/pico/pico-sdk/src/rp2_common/pico_divider/divider.S.obj (__aeabi_idiv0)
/usr/lib/gcc/arm-none-eabi/10.3.1/../../../arm-none-eabi/lib/thumb/v6-m/nofp/libg.a(lib_a-atexit.o)
                              /usr/lib/gcc/arm-none-eabi/10.3.1/../../../arm-none-eabi/lib/thumb/v6-m/nofp/crt0.o (atexit)
/usr/lib/gcc/arm-none-eabi/10.3.1/../../../arm-none-eabi/lib/thumb/v6-m/nofp/libg.a(lib_a-calloc.o)
                              CMakeFiles/AudioRecv.dir/home/samgriffen/raspberry-pi-pico/pico/pico-sdk/src/rp2_common/pico_malloc/pico_malloc.c.obj (calloc)
/usr/lib/gcc/arm-none-eabi/10.3.1/../../../arm-none-eabi/lib/thumb/v6-m/nofp/libg.a(lib_a-callocr.o)
                              /usr/lib/gcc/arm-none-eabi/10.3.1/../../../arm-none-eabi/lib/thumb/v6-m/nofp/libg.a(lib_a-calloc.o) (_calloc_r)
/usr/lib/gcc/arm-none-eabi/10.3.1/../../../arm-none-eabi/lib/thumb/v6-m/nofp/libg.a(lib_a-ctype_.o)
                              CMakeFiles/AudioRecv.dir/home/samgriffen/raspberry-pi-pico/pico/pico-sdk/lib/tinyusb/src/tusb.c.obj (_ctype_)
/usr/lib/gcc/arm-none-eabi/10.3.1/../../../arm-none-eabi/lib/thumb/v6-m/nofp/libg.a(lib_a-fini.o)
                              /usr/lib/gcc/arm-none-eabi/10.3.1/../../../arm-none-eabi/lib/thumb/v6-m/nofp/crt0.o (__libc_fini_array)
/usr/lib/gcc/arm-none-eabi/10.3.1/../../../arm-none-eabi/lib/thumb/v6-m/nofp/libg.a(lib_a-impure.o)
                              /usr/lib/gcc/arm-none-eabi/10.3.1/../../../arm-none-eabi/lib/thumb/v6-m/nofp/libg.a(lib_a-calloc.o) (_impure_ptr)
/usr/lib/gcc/arm-none-eabi/10.3.1/../../../arm-none-eabi/lib/thumb/v6-m/nofp/libg.a(lib_a-init.o)
                              /usr/lib/gcc/arm-none-eabi/10.3.1/../../../arm-none-eabi/lib/thumb/v6-m/nofp/crt0.o (__libc_init_array)
/usr/lib/gcc/arm-none-eabi/10.3.1/../../../arm-none-eabi/lib/thumb/v6-m/nofp/libg.a(lib_a-malloc.o)
                              CMakeFiles/AudioRecv.dir/home/samgriffen/raspberry-pi-pico/pico/pico-sdk/src/rp2_common/pico_malloc/pico_malloc.c.obj (malloc)
/usr/lib/gcc/arm-none-eabi/10.3.1/../../../arm-none-eabi/lib/thumb/v6-m/nofp/libg.a(lib_a-mallocr.o)
                              /usr/lib/gcc/arm-none-eabi/10.3.1/../../../arm-none-eabi/lib/thumb/v6-m/nofp/libg.a(lib_a-callocr.o) (_malloc_r)
/usr/lib/gcc/arm-none-eabi/10.3.1/../../../arm-none-eabi/lib/thumb/v6-m/nofp/libg.a(lib_a-mlock.o)
                              /usr/lib/gcc/arm-none-eabi/10.3.1/../../../arm-none-eabi/lib/thumb/v6-m/nofp/libg.a(lib_a-mallocr.o) (__malloc_lock)
/usr/lib/gcc/arm-none-eabi/10.3.1/../../../arm-none-eabi/lib/thumb/v6-m/nofp/libg.a(lib_a-sbrkr.o)
                              /usr/lib/gcc/arm-none-eabi/10.3.1/../../../arm-none-eabi/lib/thumb/v6-m/nofp/libg.a(lib_a-mallocr.o) (_sbrk_r)
/usr/lib/gcc/arm-none-eabi/10.3.1/../../../arm-none-eabi/lib/thumb/v6-m/nofp/libg.a(lib_a-strlen-stub.o)
                              CMakeFiles/AudioRecv.dir/home/samgriffen/raspberry-pi-pico/pico/pico-sdk/src/rp2_common/pico_stdio/stdio.c.obj (strlen)
/usr/lib/gcc/arm-none-eabi/10.3.1/../../../arm-none-eabi/lib/thumb/v6-m/nofp/libg.a(lib_a-__atexit.o)
                              /usr/lib/gcc/arm-none-eabi/10.3.1/../../../arm-none-eabi/lib/thumb/v6-m/nofp/libg.a(lib_a-atexit.o) (__register_exitproc)
/usr/lib/gcc/arm-none-eabi/10.3.1/../../../arm-none-eabi/lib/thumb/v6-m/nofp/libg.a(lib_a-freer.o)
                              /usr/lib/gcc/arm-none-eabi/10.3.1/../../../arm-none-eabi/lib/thumb/v6-m/nofp/libg.a(lib_a-malloc.o) (_free_r)
/usr/lib/gcc/arm-none-eabi/10.3.1/../../../arm-none-eabi/lib/thumb/v6-m/nofp/libg.a(lib_a-reent.o)
                              /usr/lib/gcc/arm-none-eabi/10.3.1/../../../arm-none-eabi/lib/thumb/v6-m/nofp/libg.a(lib_a-sbrkr.o) (errno)

Discarded input sections

 .text          0x0000000000000000        0x0 /usr/lib/gcc/arm-none-eabi/10.3.1/thumb/v6-m/nofp/crti.o
 .data          0x0000000000000000        0x0 /usr/lib/gcc/arm-none-eabi/10.3.1/thumb/v6-m/nofp/crti.o
 .bss           0x0000000000000000        0x0 /usr/lib/gcc/arm-none-eabi/10.3.1/thumb/v6-m/nofp/crti.o
 .data          0x0000000000000000        0x4 /usr/lib/gcc/arm-none-eabi/10.3.1/thumb/v6-m/nofp/crtbegin.o
 .rodata        0x0000000000000000       0x24 /usr/lib/gcc/arm-none-eabi/10.3.1/thumb/v6-m/nofp/crtbegin.o
 .fini_array    0x0000000000000000        0x4 /usr/lib/gcc/arm-none-eabi/10.3.1/thumb/v6-m/nofp/crtbegin.o
 .text          0x0000000000000000       0x74 /usr/lib/gcc/arm-none-eabi/10.3.1/../../../arm-none-eabi/lib/thumb/v6-m/nofp/crt0.o
 .data          0x0000000000000000        0x0 /usr/lib/gcc/arm-none-eabi/10.3.1/../../../arm-none-eabi/lib/thumb/v6-m/nofp/crt0.o
 .bss           0x0000000000000000        0x0 /usr/lib/gcc/arm-none-eabi/10.3.1/../../../arm-none-eabi/lib/thumb/v6-m/nofp/crt0.o
[...]
Memory Configuration

Name             Origin             Length             Attributes
FLASH            0x0000000010000000 0x0000000000200000 xr
RAM              0x0000000020000000 0x0000000000040000 xrw
SCRATCH_X        0x0000000020040000 0x0000000000001000 xrw
SCRATCH_Y        0x0000000020041000 0x0000000000001000 xrw
*default*        0x0000000000000000 0xffffffffffffffff

Linker script and memory map

LOAD /usr/lib/gcc/arm-none-eabi/10.3.1/thumb/v6-m/nofp/crti.o
LOAD /usr/lib/gcc/arm-none-eabi/10.3.1/thumb/v6-m/nofp/crtbegin.o
LOAD /usr/lib/gcc/arm-none-eabi/10.3.1/../../../arm-none-eabi/lib/thumb/v6-m/nofp/crt0.o

.flash_begin    0x0000000010000000        0x0
                0x0000000010000000                __flash_binary_start = .

.boot2          0x0000000010000000      0x100
                0x0000000010000000                __boot2_start__ = .
 *(.boot2)
 .boot2         0x0000000010000000      0x100 /tmp/ccpNwoMx.o
                0x0000000010000100                __boot2_end__ = .
                0x0000000000000001                ASSERT (((__boot2_end__ - __boot2_start__) == 0x100), ERROR: Pico second stage bootloader must be 256 bytes in size)

.text           0x0000000010000100     0x7510
                0x0000000010000100                __logical_binary_start = .
 *(.vectors)
 .vectors       0x0000000010000100       0xd4 CMakeFiles/AudioRecv.dir/home/samgriffen/raspberry-pi-pico/pico/pico-sdk/src/rp2_common/pico_standard_link/crt0.S.obj
                0x0000000010000100                __vectors
                0x0000000010000100                __VECTOR_TABLE
                0x00000000100001c0                isr_invalid
                0x00000000100001c0                __default_isrs_start
                0x00000000100001c2                isr_nmi
                0x00000000100001c4                isr_hardfault
                0x00000000100001c6                isr_svcall
                0x00000000100001c8                isr_pendsv
                0x00000000100001ca                isr_systick
                0x00000000100001cc                isr_irq30
                0x00000000100001cc                __unhandled_user_irq
                0x00000000100001cc                isr_irq13
                0x00000000100001cc                isr_irq27
                0x00000000100001cc                isr_irq31
                0x00000000100001cc                isr_irq5
                0x00000000100001cc                isr_irq11
                0x00000000100001cc                isr_irq23
                0x00000000100001cc                isr_irq18
                0x00000000100001cc                isr_irq28
                0x00000000100001cc                isr_irq19
                0x00000000100001cc                isr_irq0
                0x00000000100001cc                isr_irq6
                0x00000000100001cc                isr_irq22
                0x00000000100001cc                isr_irq17
                0x00000000100001cc                isr_irq14
                0x00000000100001cc                isr_irq2
                0x00000000100001cc                isr_irq10
                0x00000000100001cc                isr_irq8
                0x00000000100001cc                isr_irq24
                0x00000000100001cc                isr_irq1
                0x00000000100001cc                isr_irq7
                0x00000000100001cc                isr_irq21
                0x00000000100001cc                isr_irq20
                0x00000000100001cc                isr_irq15
                0x00000000100001cc                isr_irq25
                0x00000000100001cc                isr_irq4
                0x00000000100001cc                isr_irq16
                0x00000000100001cc                isr_irq29
                0x00000000100001cc                isr_irq26
                0x00000000100001cc                __default_isrs_end
                0x00000000100001cc                isr_irq3
                0x00000000100001cc                isr_irq12
                0x00000000100001cc                isr_irq9
                0x00000000100001d2                unhandled_user_irq_num_in_r0
 *(.binary_info_header)
 .binary_info_header
                0x00000000100001d4       0x14 CMakeFiles/AudioRecv.dir/home/samgriffen/raspberry-pi-pico/pico/pico-sdk/src/rp2_common/pico_standard_link/crt0.S.obj
                0x00000000100001e8                __binary_info_header_end = .
 *(.reset)
 .reset         0x00000000100001e8       0xa8 CMakeFiles/AudioRecv.dir/home/samgriffen/raspberry-pi-pico/pico/pico-sdk/src/rp2_common/pico_standard_link/crt0.S.obj
                0x00000000100001e8                _entry_point
                0x0000000010000266                __get_current_exception
 .reset         0x0000000010000290       0x30 CMakeFiles/AudioRecv.dir/home/samgriffen/raspberry-pi-pico/pico/pico-sdk/src/rp2_common/pico_standard_link/binary_info.c.obj
 *(.init)
 .init          0x00000000100002c0        0x4 /usr/lib/gcc/arm-none-eabi/10.3.1/thumb/v6-m/nofp/crti.o
                0x00000000100002c0                _init
 *(EXCLUDE_FILE(*libm.a: *libc.a:*lib_a-mem*.o *libgcc.a:) .text*)
 .text          0x00000000100002c4       0x98 /usr/lib/gcc/arm-none-eabi/10.3.1/thumb/v6-m/nofp/crtbegin.o
 .text.main     0x000000001000035c       0xac CMakeFiles/AudioRecv.dir/AudioRecv.cpp.obj
                0x000000001000035c                main
 .text._ZN5NRF24C2EP8spi_insttt
                0x0000000010000408       0x60 CMakeFiles/AudioRecv.dir/NRF24.cpp.obj
                0x0000000010000408                NRF24::NRF24(spi_inst*, unsigned short, unsigned short)
                0x0000000010000408                NRF24::NRF24(spi_inst*, unsigned short, unsigned short)
 .text._ZN5NRF248read_regEh
                0x0000000010000468       0x54 CMakeFiles/AudioRecv.dir/NRF24.cpp.obj
                0x0000000010000468                NRF24::read_reg(unsigned char)
 .text._ZN5NRF249write_regEhPhh
                0x00000000100004bc       0x5c CMakeFiles/AudioRecv.dir/NRF24.cpp.obj
                0x00000000100004bc                NRF24::write_reg(unsigned char, unsigned char*, unsigned char)
 .text._ZN5NRF249write_regEhh
                0x0000000010000518       0x16 CMakeFiles/AudioRecv.dir/NRF24.cpp.obj
                0x0000000010000518                NRF24::write_reg(unsigned char, unsigned char)
 *fill*         0x000000001000052e        0x2 
 .text._ZN5NRF246configEv
                0x0000000010000530       0x74 CMakeFiles/AudioRecv.dir/NRF24.cpp.obj
                0x0000000010000530                NRF24::config()
 .text._ZN5NRF247rx_modeEv
                0x00000000100005a4       0x2e CMakeFiles/AudioRecv.dir/NRF24.cpp.obj
                0x00000000100005a4                NRF24::rx_mode()
 .text._ZN5NRF2417message_availableEv
                0x00000000100005d2       0x12 CMakeFiles/AudioRecv.dir/NRF24.cpp.obj
                0x00000000100005d2                NRF24::message_available()
 .text._ZN5NRF2415receive_messageEPh
                0x00000000100005e4       0x3c CMakeFiles/AudioRecv.dir/NRF24.cpp.obj
                0x00000000100005e4                NRF24::receive_message(unsigned char*)
 .text.gpio_set_function
                0x0000000010000620       0x30 CMakeFiles/AudioRecv.dir/home/samgriffen/raspberry-pi-pico/pico/pico-sdk/src/rp2_common/hardware_gpio/gpio.c.obj
                0x0000000010000620                gpio_set_function
 .text.gpio_init
                0x0000000010000650       0x16 CMakeFiles/AudioRecv.dir/home/samgriffen/raspberry-pi-pico/pico/pico-sdk/src/rp2_common/hardware_gpio/gpio.c.obj
                0x0000000010000650                gpio_init
 *fill*         0x0000000010000666        0x2 
 .text.hw_claim_lock
                0x0000000010000668       0x18 CMakeFiles/AudioRecv.dir/home/samgriffen/raspberry-pi-pico/pico/pico-sdk/src/rp2_common/hardware_claim/claim.c.obj
                0x0000000010000668                hw_claim_lock
 .text.hw_claim_unlock
                0x0000000010000680       0x14 CMakeFiles/AudioRecv.dir/home/samgriffen/raspberry-pi-pico/pico/pico-sdk/src/rp2_common/hardware_claim/claim.c.obj
                0x0000000010000680                hw_claim_unlock
 .text.hw_claim_or_assert
                0x0000000010000694       0x32 CMakeFiles/AudioRecv.dir/home/samgriffen/raspberry-pi-pico/pico/pico-sdk/src/rp2_common/hardware_claim/claim.c.obj
                0x0000000010000694                hw_claim_or_assert
 .text.hw_claim_unused_from_range
                0x00000000100006c6       0x50 CMakeFiles/AudioRecv.dir/home/samgriffen/raspberry-pi-pico/pico/pico-sdk/src/rp2_common/hardware_claim/claim.c.obj
                0x00000000100006c6                hw_claim_unused_from_range
 *fill*         0x0000000010000716        0x2 
 .text.running_on_fpga
                0x0000000010000718       0x14 CMakeFiles/AudioRecv.dir/home/samgriffen/raspberry-pi-pico/pico/pico-sdk/src/rp2_common/pico_platform/platform.c.obj
                0x0000000010000718                running_on_fpga
 .text.spin_locks_reset
                0x000000001000072c       0x20 CMakeFiles/AudioRecv.dir/home/samgriffen/raspberry-pi-pico/pico/pico-sdk/src/rp2_common/hardware_sync/sync.c.obj
                0x000000001000072c                spin_locks_reset
 .text.next_striped_spin_lock_num
                0x000000001000074c       0x1c CMakeFiles/AudioRecv.dir/home/samgriffen/raspberry-pi-pico/pico/pico-sdk/src/rp2_common/hardware_sync/sync.c.obj
                0x000000001000074c                next_striped_spin_lock_num
 .text.spin_lock_claim_unused
                0x0000000010000768       0x20 CMakeFiles/AudioRecv.dir/home/samgriffen/raspberry-pi-pico/pico/pico-sdk/src/rp2_common/hardware_sync/sync.c.obj
                0x0000000010000768                spin_lock_claim_unused
 .text.uart_set_baudrate
                0x0000000010000788       0x5c CMakeFiles/AudioRecv.dir/home/samgriffen/raspberry-pi-pico/pico/pico-sdk/src/rp2_common/hardware_uart/uart.c.obj
                0x0000000010000788                uart_set_baudrate
 .text.uart_set_translate_crlf
                0x00000000100007e4       0x28 CMakeFiles/AudioRecv.dir/home/samgriffen/raspberry-pi-pico/pico/pico-sdk/src/rp2_common/hardware_uart/uart.c.obj
                0x00000000100007e4                uart_set_translate_crlf
 .text.uart_init
                0x000000001000080c       0x80 CMakeFiles/AudioRecv.dir/home/samgriffen/raspberry-pi-pico/pico/pico-sdk/src/rp2_common/hardware_uart/uart.c.obj
                0x000000001000080c                uart_init
 .text.alarm_pool_post_alloc_init
                0x000000001000088c       0x40 CMakeFiles/AudioRecv.dir/home/samgriffen/raspberry-pi-pico/pico/pico-sdk/src/common/pico_time/time.c.obj
 .text.sleep_until_callback
                0x00000000100008cc       0x30 CMakeFiles/AudioRecv.dir/home/samgriffen/raspberry-pi-pico/pico/pico-sdk/src/common/pico_time/time.c.obj
 .text.timer_pool_entry_comparator
                0x00000000100008fc       0x7c CMakeFiles/AudioRecv.dir/home/samgriffen/raspberry-pi-pico/pico/pico-sdk/src/common/pico_time/time.c.obj
                0x00000000100008fc                timer_pool_entry_comparator
 .text.ph_add_child_node
                0x0000000010000978       0xa4 CMakeFiles/AudioRecv.dir/home/samgriffen/raspberry-pi-pico/pico/pico-sdk/src/common/pico_time/time.c.obj
 .text.ph_merge_nodes
                0x0000000010000a1c       0x3e CMakeFiles/AudioRecv.dir/home/samgriffen/raspberry-pi-pico/pico/pico-sdk/src/common/pico_time/time.c.obj
 *fill*         0x0000000010000a5a        0x2 
 .text.add_alarm_under_lock
                0x0000000010000a5c      0x174 CMakeFiles/AudioRecv.dir/home/samgriffen/raspberry-pi-pico/pico/pico-sdk/src/common/pico_time/time.c.obj
 .text.alarm_pool_alarm_callback
                0x0000000010000bd0      0x328 CMakeFiles/AudioRecv.dir/home/samgriffen/raspberry-pi-pico/pico/pico-sdk/src/common/pico_time/time.c.obj
 .text.alarm_pool_init_default
                0x0000000010000ef8       0x38 CMakeFiles/AudioRecv.dir/home/samgriffen/raspberry-pi-pico/pico/pico-sdk/src/common/pico_time/time.c.obj
                0x0000000010000ef8                alarm_pool_init_default
 .text.alarm_pool_get_default
                0x0000000010000f30       0x2c CMakeFiles/AudioRecv.dir/home/samgriffen/raspberry-pi-pico/pico/pico-sdk/src/common/pico_time/time.c.obj
                0x0000000010000f30                alarm_pool_get_default
 .text.alarm_pool_add_alarm_at
                0x0000000010000f5c      0x170 CMakeFiles/AudioRecv.dir/home/samgriffen/raspberry-pi-pico/pico/pico-sdk/src/common/pico_time/time.c.obj
                0x0000000010000f5c                alarm_pool_add_alarm_at
 .text.alarm_pool_cancel_alarm
                0x00000000100010cc       0xf0 CMakeFiles/AudioRecv.dir/home/samgriffen/raspberry-pi-pico/pico/pico-sdk/src/common/pico_time/time.c.obj
                0x00000000100010cc                alarm_pool_cancel_alarm
 .text.sleep_until
                0x00000000100011bc       0xfc CMakeFiles/AudioRecv.dir/home/samgriffen/raspberry-pi-pico/pico/pico-sdk/src/common/pico_time/time.c.obj
                0x00000000100011bc                sleep_until
 .text.sleep_us
                0x00000000100012b8       0x58 CMakeFiles/AudioRecv.dir/home/samgriffen/raspberry-pi-pico/pico/pico-sdk/src/common/pico_time/time.c.obj
                0x00000000100012b8                sleep_us
 .text.sleep_ms
                0x0000000010001310       0x14 CMakeFiles/AudioRecv.dir/home/samgriffen/raspberry-pi-pico/pico/pico-sdk/src/common/pico_time/time.c.obj
                0x0000000010001310                sleep_ms
 .text.best_effort_wfe_or_timeout
                0x0000000010001324       0x80 CMakeFiles/AudioRecv.dir/home/samgriffen/raspberry-pi-pico/pico/pico-sdk/src/common/pico_time/time.c.obj
                0x0000000010001324                best_effort_wfe_or_timeout
 .text.hardware_alarm_irq_handler
                0x00000000100013a4       0x8c CMakeFiles/AudioRecv.dir/home/samgriffen/raspberry-pi-pico/pico/pico-sdk/src/rp2_common/hardware_timer/timer.c.obj
 .text.hardware_alarm_claim
                0x0000000010001430       0x18 CMakeFiles/AudioRecv.dir/home/samgriffen/raspberry-pi-pico/pico/pico-sdk/src/rp2_common/hardware_timer/timer.c.obj
                0x0000000010001430                hardware_alarm_claim
 .text.time_us_64
                0x0000000010001448       0x18 CMakeFiles/AudioRecv.dir/home/samgriffen/raspberry-pi-pico/pico/pico-sdk/src/rp2_common/hardware_timer/timer.c.obj
                0x0000000010001448                time_us_64
 .text.busy_wait_until
                0x0000000010001460       0x28 CMakeFiles/AudioRecv.dir/home/samgriffen/raspberry-pi-pico/pico/pico-sdk/src/rp2_common/hardware_timer/timer.c.obj
                0x0000000010001460                busy_wait_until
 .text.hardware_alarm_set_callback
                0x0000000010001488       0x90 CMakeFiles/AudioRecv.dir/home/samgriffen/raspberry-pi-pico/pico/pico-sdk/src/rp2_common/hardware_timer/timer.c.obj
                0x0000000010001488                hardware_alarm_set_callback
 .text.hardware_alarm_set_target
                0x0000000010001518       0xe8 CMakeFiles/AudioRecv.dir/home/samgriffen/raspberry-pi-pico/pico/pico-sdk/src/rp2_common/hardware_timer/timer.c.obj
                0x0000000010001518                hardware_alarm_set_target
 .text.hardware_alarm_cancel
                0x0000000010001600       0x40 CMakeFiles/AudioRecv.dir/home/samgriffen/raspberry-pi-pico/pico/pico-sdk/src/rp2_common/hardware_timer/timer.c.obj
                0x0000000010001600                hardware_alarm_cancel
 .text.lock_init
                0x0000000010001640       0x10 CMakeFiles/AudioRecv.dir/home/samgriffen/raspberry-pi-pico/pico/pico-sdk/src/common/pico_sync/lock_core.c.obj
                0x0000000010001640                lock_init
 .text.mutex_init
                0x0000000010001650       0x1a CMakeFiles/AudioRecv.dir/home/samgriffen/raspberry-pi-pico/pico/pico-sdk/src/common/pico_sync/mutex.c.obj
                0x0000000010001650                mutex_init
 .text.recursive_mutex_init
                0x000000001000166a       0x1e CMakeFiles/AudioRecv.dir/home/samgriffen/raspberry-pi-pico/pico/pico-sdk/src/common/pico_sync/mutex.c.obj
                0x000000001000166a                recursive_mutex_init
 .text.critical_section_init_with_lock_num
                0x0000000010001688       0x14 CMakeFiles/AudioRecv.dir/home/samgriffen/raspberry-pi-pico/pico/pico-sdk/src/common/pico_sync/critical_section.c.obj
                0x0000000010001688                critical_section_init_with_lock_num
 .text.critical_section_init
                0x000000001000169c       0x14 CMakeFiles/AudioRecv.dir/home/samgriffen/raspberry-pi-pico/pico/pico-sdk/src/common/pico_sync/critical_section.c.obj
                0x000000001000169c                critical_section_init
 .text.ph_add_child_node
                0x00000000100016b0       0xa4 CMakeFiles/AudioRecv.dir/home/samgriffen/raspberry-pi-pico/pico/pico-sdk/src/common/pico_util/pheap.c.obj
 .text.ph_merge_nodes
                0x0000000010001754       0x3e CMakeFiles/AudioRecv.dir/home/samgriffen/raspberry-pi-pico/pico/pico-sdk/src/common/pico_util/pheap.c.obj
 *fill*         0x0000000010001792        0x2 
 .text.ph_clear
                0x0000000010001794       0x70 CMakeFiles/AudioRecv.dir/home/samgriffen/raspberry-pi-pico/pico/pico-sdk/src/common/pico_util/pheap.c.obj
                0x0000000010001794                ph_clear
 .text.ph_post_alloc_init
                0x0000000010001804        0xe CMakeFiles/AudioRecv.dir/home/samgriffen/raspberry-pi-pico/pico/pico-sdk/src/common/pico_util/pheap.c.obj
                0x0000000010001804                ph_post_alloc_init
 *fill*         0x0000000010001812        0x2 
 .text.ph_merge_two_pass
                0x0000000010001814       0xa8 CMakeFiles/AudioRecv.dir/home/samgriffen/raspberry-pi-pico/pico/pico-sdk/src/common/pico_util/pheap.c.obj
                0x0000000010001814                ph_merge_two_pass
 .text.ph_remove_any_head
                0x00000000100018bc      0x108 CMakeFiles/AudioRecv.dir/home/samgriffen/raspberry-pi-pico/pico/pico-sdk/src/common/pico_util/pheap.c.obj
 .text.ph_remove_head
                0x00000000100019c4       0x14 CMakeFiles/AudioRecv.dir/home/samgriffen/raspberry-pi-pico/pico/pico-sdk/src/common/pico_util/pheap.c.obj
                0x00000000100019c4                ph_remove_head
 .text.ph_remove_and_free_node
                0x00000000100019d8       0xf8 CMakeFiles/AudioRecv.dir/home/samgriffen/raspberry-pi-pico/pico/pico-sdk/src/common/pico_util/pheap.c.obj
                0x00000000100019d8                ph_remove_and_free_node
 .text._exit    0x0000000010001ad0        0x4 CMakeFiles/AudioRecv.dir/home/samgriffen/raspberry-pi-pico/pico/pico-sdk/src/rp2_common/pico_runtime/runtime.c.obj
                0x0000000010001ad0                _exit
 .text.exit     0x0000000010001ad4        0x6 CMakeFiles/AudioRecv.dir/home/samgriffen/raspberry-pi-pico/pico/pico-sdk/src/rp2_common/pico_runtime/runtime.c.obj
                0x0000000010001ad4                exit
 *fill*         0x0000000010001ada        0x2 
 .text.__assert_func
                0x0000000010001adc       0x3c CMakeFiles/AudioRecv.dir/home/samgriffen/raspberry-pi-pico/pico/pico-sdk/src/rp2_common/pico_runtime/runtime.c.obj
                0x0000000010001adc                __assert_func
 .text.runtime_init
                0x0000000010001b18       0xf8 CMakeFiles/AudioRecv.dir/home/samgriffen/raspberry-pi-pico/pico/pico-sdk/src/rp2_common/pico_runtime/runtime.c.obj
                0x0000000010001b18                runtime_init
 .text.panic    0x0000000010001c10       0x30 CMakeFiles/AudioRecv.dir/home/samgriffen/raspberry-pi-pico/pico/pico-sdk/src/rp2_common/pico_runtime/runtime.c.obj
                0x0000000010001c10                panic
 .text.clock_configure
                0x0000000010001c40      0x104 CMakeFiles/AudioRecv.dir/home/samgriffen/raspberry-pi-pico/pico/pico-sdk/src/rp2_common/hardware_clocks/clocks.c.obj
                0x0000000010001c40                clock_configure
 .text.clocks_init
                0x0000000010001d44      0x100 CMakeFiles/AudioRecv.dir/home/samgriffen/raspberry-pi-pico/pico/pico-sdk/src/rp2_common/hardware_clocks/clocks.c.obj
                0x0000000010001d44                clocks_init
 .text.clock_get_hz
                0x0000000010001e44        0xc CMakeFiles/AudioRecv.dir/home/samgriffen/raspberry-pi-pico/pico/pico-sdk/src/rp2_common/hardware_clocks/clocks.c.obj
                0x0000000010001e44                clock_get_hz
 .text.set_raw_irq_handler_and_unlock
                0x0000000010001e50       0x28 CMakeFiles/AudioRecv.dir/home/samgriffen/raspberry-pi-pico/pico/pico-sdk/src/rp2_common/hardware_irq/irq.c.obj
 .text.make_branch
                0x0000000010001e78       0x34 CMakeFiles/AudioRecv.dir/home/samgriffen/raspberry-pi-pico/pico/pico-sdk/src/rp2_common/hardware_irq/irq.c.obj
 .text.insert_branch_and_link
                0x0000000010001eac       0x40 CMakeFiles/AudioRecv.dir/home/samgriffen/raspberry-pi-pico/pico/pico-sdk/src/rp2_common/hardware_irq/irq.c.obj
 .text.irq_is_enabled
                0x0000000010001eec       0x18 CMakeFiles/AudioRecv.dir/home/samgriffen/raspberry-pi-pico/pico/pico-sdk/src/rp2_common/hardware_irq/irq.c.obj
                0x0000000010001eec                irq_is_enabled
 .text.irq_set_mask_enabled
                0x0000000010001f04       0x20 CMakeFiles/AudioRecv.dir/home/samgriffen/raspberry-pi-pico/pico/pico-sdk/src/rp2_common/hardware_irq/irq.c.obj
                0x0000000010001f04                irq_set_mask_enabled
 .text.irq_set_enabled
                0x0000000010001f24        0xe CMakeFiles/AudioRecv.dir/home/samgriffen/raspberry-pi-pico/pico/pico-sdk/src/rp2_common/hardware_irq/irq.c.obj
                0x0000000010001f24                irq_set_enabled
 *fill*         0x0000000010001f32        0x2 
 .text.irq_set_pending
                0x0000000010001f34       0x10 CMakeFiles/AudioRecv.dir/home/samgriffen/raspberry-pi-pico/pico/pico-sdk/src/rp2_common/hardware_irq/irq.c.obj
                0x0000000010001f34                irq_set_pending
 .text.irq_get_vtable_handler
                0x0000000010001f44       0x10 CMakeFiles/AudioRecv.dir/home/samgriffen/raspberry-pi-pico/pico/pico-sdk/src/rp2_common/hardware_irq/irq.c.obj
                0x0000000010001f44                irq_get_vtable_handler
 .text.irq_set_exclusive_handler
                0x0000000010001f54       0x54 CMakeFiles/AudioRecv.dir/home/samgriffen/raspberry-pi-pico/pico/pico-sdk/src/rp2_common/hardware_irq/irq.c.obj
                0x0000000010001f54                irq_set_exclusive_handler
 .text.irq_remove_handler
                0x0000000010001fa8      0x1ac CMakeFiles/AudioRecv.dir/home/samgriffen/raspberry-pi-pico/pico/pico-sdk/src/rp2_common/hardware_irq/irq.c.obj
                0x0000000010001fa8                irq_remove_handler
 .text.irq_add_tail_to_free_list
                0x0000000010002154       0xf0 CMakeFiles/AudioRecv.dir/home/samgriffen/raspberry-pi-pico/pico/pico-sdk/src/rp2_common/hardware_irq/irq.c.obj
                0x0000000010002154                irq_add_tail_to_free_list
 .text.irq_init_priorities
                0x0000000010002244       0x1c CMakeFiles/AudioRecv.dir/home/samgriffen/raspberry-pi-pico/pico/pico-sdk/src/rp2_common/hardware_irq/irq.c.obj
                0x0000000010002244                irq_init_priorities
 .text.pll_init
                0x0000000010002260      0x118 CMakeFiles/AudioRecv.dir/home/samgriffen/raspberry-pi-pico/pico/pico-sdk/src/rp2_common/hardware_pll/pll.c.obj
                0x0000000010002260                pll_init
 .text.watchdog_start_tick
                0x0000000010002378       0x10 CMakeFiles/AudioRecv.dir/home/samgriffen/raspberry-pi-pico/pico/pico-sdk/src/rp2_common/hardware_watchdog/watchdog.c.obj
                0x0000000010002378                watchdog_start_tick
 .text.watchdog_update
                0x0000000010002388       0x14 CMakeFiles/AudioRecv.dir/home/samgriffen/raspberry-pi-pico/pico/pico-sdk/src/rp2_common/hardware_watchdog/watchdog.c.obj
                0x0000000010002388                watchdog_update
 .text._watchdog_enable
                0x000000001000239c       0x78 CMakeFiles/AudioRecv.dir/home/samgriffen/raspberry-pi-pico/pico/pico-sdk/src/rp2_common/hardware_watchdog/watchdog.c.obj
                0x000000001000239c                _watchdog_enable
 .text.watchdog_reboot
                0x0000000010002414       0x48 CMakeFiles/AudioRecv.dir/home/samgriffen/raspberry-pi-pico/pico/pico-sdk/src/rp2_common/hardware_watchdog/watchdog.c.obj
                0x0000000010002414                watchdog_reboot
 .text.xosc_init
                0x000000001000245c       0x28 CMakeFiles/AudioRecv.dir/home/samgriffen/raspberry-pi-pico/pico/pico-sdk/src/rp2_common/hardware_xosc/xosc.c.obj
                0x000000001000245c                xosc_init
 .text._out_null
                0x0000000010002484        0x2 CMakeFiles/AudioRecv.dir/home/samgriffen/raspberry-pi-pico/pico/pico-sdk/src/rp2_common/pico_printf/printf.c.obj
 .text._out_fct
                0x0000000010002486        0xe CMakeFiles/AudioRecv.dir/home/samgriffen/raspberry-pi-pico/pico/pico-sdk/src/rp2_common/pico_printf/printf.c.obj
 .text._atoi    0x0000000010002494       0x24 CMakeFiles/AudioRecv.dir/home/samgriffen/raspberry-pi-pico/pico/pico-sdk/src/rp2_common/pico_printf/printf.c.obj
 .text._out_rev
                0x00000000100024b8       0xae CMakeFiles/AudioRecv.dir/home/samgriffen/raspberry-pi-pico/pico/pico-sdk/src/rp2_common/pico_printf/printf.c.obj
 .text._ntoa_format
                0x0000000010002566      0x112 CMakeFiles/AudioRecv.dir/home/samgriffen/raspberry-pi-pico/pico/pico-sdk/src/rp2_common/pico_printf/printf.c.obj
 .text._ntoa_long
                0x0000000010002678       0xbc CMakeFiles/AudioRecv.dir/home/samgriffen/raspberry-pi-pico/pico/pico-sdk/src/rp2_common/pico_printf/printf.c.obj
 .text._ntoa_long_long
                0x0000000010002734       0xe2 CMakeFiles/AudioRecv.dir/home/samgriffen/raspberry-pi-pico/pico/pico-sdk/src/rp2_common/pico_printf/printf.c.obj
 *fill*         0x0000000010002816        0x2 
 .text._etoa    0x0000000010002818      0x414 CMakeFiles/AudioRecv.dir/home/samgriffen/raspberry-pi-pico/pico/pico-sdk/src/rp2_common/pico_printf/printf.c.obj
 .text._ftoa    0x0000000010002c2c      0x354 CMakeFiles/AudioRecv.dir/home/samgriffen/raspberry-pi-pico/pico/pico-sdk/src/rp2_common/pico_printf/printf.c.obj
 .text._vsnprintf
                0x0000000010002f80      0x624 CMakeFiles/AudioRecv.dir/home/samgriffen/raspberry-pi-pico/pico/pico-sdk/src/rp2_common/pico_printf/printf.c.obj
 .text.vfctprintf
                0x00000000100035a4       0x20 CMakeFiles/AudioRecv.dir/home/samgriffen/raspberry-pi-pico/pico/pico-sdk/src/rp2_common/pico_printf/printf.c.obj
                0x00000000100035a4                vfctprintf
 .text          0x00000000100035c4       0x10 CMakeFiles/AudioRecv.dir/home/samgriffen/raspberry-pi-pico/pico/pico-sdk/src/rp2_common/pico_bit_ops/bit_ops_aeabi.S.obj
 .text.rom_func_lookup
                0x00000000100035d4       0x10 CMakeFiles/AudioRecv.dir/home/samgriffen/raspberry-pi-pico/pico/pico-sdk/src/rp2_common/pico_bootrom/bootrom.c.obj
                0x00000000100035d4                rom_func_lookup
 .text.rom_data_lookup
                0x00000000100035e4       0x10 CMakeFiles/AudioRecv.dir/home/samgriffen/raspberry-pi-pico/pico/pico-sdk/src/rp2_common/pico_bootrom/bootrom.c.obj
                0x00000000100035e4                rom_data_lookup
 .text.rom_funcs_lookup
                0x00000000100035f4       0x36 CMakeFiles/AudioRecv.dir/home/samgriffen/raspberry-pi-pico/pico/pico-sdk/src/rp2_common/pico_bootrom/bootrom.c.obj
                0x00000000100035f4                rom_funcs_lookup
 *fill*         0x000000001000362a        0x2 
 .text.__wrap___aeabi_idiv
                0x000000001000362c       0x50 CMakeFiles/AudioRecv.dir/home/samgriffen/raspberry-pi-pico/pico/pico-sdk/src/rp2_common/pico_divider/divider.S.obj
                0x000000001000362c                __wrap___aeabi_idivmod
                0x000000001000362c                divmod_s32s32
                0x000000001000362c                div_s32s32
                0x000000001000362c                __wrap___aeabi_idiv
                0x0000000010003634                divmod_s32s32_unsafe
                0x0000000010003660                divmod_s32s32_savestate
 .text.__wrap___aeabi_uidiv
                0x000000001000367c       0x4c CMakeFiles/AudioRecv.dir/home/samgriffen/raspberry-pi-pico/pico/pico-sdk/src/rp2_common/pico_divider/divider.S.obj
                0x000000001000367c                __wrap___aeabi_uidiv
                0x000000001000367c                __wrap___aeabi_uidivmod
                0x000000001000367c                div_u32u32
                0x000000001000367c                divmod_u32u32
                0x0000000010003684                divmod_u32u32_unsafe
                0x00000000100036ac                divmod_u32u32_savestate
 .text.__wrap___aeabi_ldiv
                0x00000000100036c8      0x434 CMakeFiles/AudioRecv.dir/home/samgriffen/raspberry-pi-pico/pico/pico-sdk/src/rp2_common/pico_divider/divider.S.obj
                0x00000000100036c8                div_s64s64
                0x00000000100036c8                divmod_s64s64
                0x00000000100036c8                __wrap___aeabi_ldivmod
                0x0000000010003700                div_u64u64
                0x0000000010003700                divmod_u64u64
                0x0000000010003700                __wrap___aeabi_uldivmod
                0x0000000010003710                divmod_u64u64_savestate
                0x0000000010003738                divmod_s64s64_unsafe
                0x00000000100037c0                divmod_u64u64_unsafe
 .text.__wrap___aeabi_darithmetic
                0x0000000010003afc       0x80 CMakeFiles/AudioRecv.dir/home/samgriffen/raspberry-pi-pico/pico/pico-sdk/src/rp2_common/pico_double/double_aeabi.S.obj
                0x0000000010003afc                __wrap___aeabi_drsub
                0x0000000010003b02                __wrap___aeabi_dsub
                0x0000000010003b14                __wrap___aeabi_dadd
                0x0000000010003b26                __wrap___aeabi_ddiv
                0x0000000010003b62                __wrap___aeabi_dmul
 .text.__wrap___aeabi_cdcmple
                0x0000000010003b7c       0x6c CMakeFiles/AudioRecv.dir/home/samgriffen/raspberry-pi-pico/pico/pico-sdk/src/rp2_common/pico_double/double_aeabi.S.obj
                0x0000000010003b7c                __wrap___aeabi_cdrcmple
                0x0000000010003b8c                __wrap___aeabi_cdcmple
                0x0000000010003b8c                __wrap___aeabi_cdcmpeq
 .text.__wrap___aeabi_dcmplt
                0x0000000010003be8        0xc CMakeFiles/AudioRecv.dir/home/samgriffen/raspberry-pi-pico/pico/pico-sdk/src/rp2_common/pico_double/double_aeabi.S.obj
                0x0000000010003be8                __wrap___aeabi_dcmplt
 .text.__wrap___aeabi_dcmple
                0x0000000010003bf4       0x10 CMakeFiles/AudioRecv.dir/home/samgriffen/raspberry-pi-pico/pico/pico-sdk/src/rp2_common/pico_double/double_aeabi.S.obj
                0x0000000010003bf4                __wrap___aeabi_dcmple
 .text.__wrap___aeabi_dcmpge
                0x0000000010003c04       0x10 CMakeFiles/AudioRecv.dir/home/samgriffen/raspberry-pi-pico/pico/pico-sdk/src/rp2_common/pico_double/double_aeabi.S.obj
                0x0000000010003c04                __wrap___aeabi_dcmpge
 .text.__wrap___aeabi_dcmpgt
                0x0000000010003c14        0xa CMakeFiles/AudioRecv.dir/home/samgriffen/raspberry-pi-pico/pico/pico-sdk/src/rp2_common/pico_double/double_aeabi.S.obj
                0x0000000010003c14                __wrap___aeabi_dcmpgt
 .text.__wrap___aeabi_dcmpun
                0x0000000010003c1e       0x1c CMakeFiles/AudioRecv.dir/home/samgriffen/raspberry-pi-pico/pico/pico-sdk/src/rp2_common/pico_double/double_aeabi.S.obj
                0x0000000010003c1e                __wrap___aeabi_dcmpun
 *fill*         0x0000000010003c3a        0x2 
 .text.__wrap___aeabi_i2d
                0x0000000010003c3c       0x38 CMakeFiles/AudioRecv.dir/home/samgriffen/raspberry-pi-pico/pico/pico-sdk/src/rp2_common/pico_double/double_aeabi.S.obj
                0x0000000010003c3c                __wrap___aeabi_ui2d
                0x0000000010003c44                __wrap___aeabi_i2d
 .text.__wrap___aeabi_d2iz
                0x0000000010003c74       0x48 CMakeFiles/AudioRecv.dir/home/samgriffen/raspberry-pi-pico/pico/pico-sdk/src/rp2_common/pico_double/double_aeabi.S.obj
                0x0000000010003c74                __wrap___aeabi_d2iz
                0x0000000010003c74                double2int_z
 .text.__wrap___aeabi_d2uiz
                0x0000000010003cbc       0x18 CMakeFiles/AudioRecv.dir/home/samgriffen/raspberry-pi-pico/pico/pico-sdk/src/rp2_common/pico_double/double_aeabi.S.obj
                0x0000000010003cbc                double2uint
                0x0000000010003cbc                __wrap___aeabi_d2uiz
 .text.__aeabi_double_init
                0x0000000010003cd4       0xc8 CMakeFiles/AudioRecv.dir/home/samgriffen/raspberry-pi-pico/pico/pico-sdk/src/rp2_common/pico_double/double_init_rom.c.obj
                0x0000000010003cd4                __aeabi_double_init
 .text.double_table_shim_on_use_helper
                0x0000000010003d9c       0x34 CMakeFiles/AudioRecv.dir/home/samgriffen/raspberry-pi-pico/pico/pico-sdk/src/rp2_common/pico_double/double_v1_rom_shim.S.obj
                0x0000000010003d9c                double_table_shim_on_use_helper
 .text.__wrap___aeabi_dsub
                0x0000000010003dd0       0x10 CMakeFiles/AudioRecv.dir/home/samgriffen/raspberry-pi-pico/pico/pico-sdk/src/rp2_common/pico_double/double_v1_rom_shim.S.obj
                0x0000000010003dd0                drsub_shim
                0x0000000010003dd6                dsub_shim
 .text.dadd_shim
                0x0000000010003de0      0x15c CMakeFiles/AudioRecv.dir/home/samgriffen/raspberry-pi-pico/pico/pico-sdk/src/rp2_common/pico_double/double_v1_rom_shim.S.obj
                0x0000000010003de0                dadd_shim
 .text.dmul_shim
                0x0000000010003f3c      0x15c CMakeFiles/AudioRecv.dir/home/samgriffen/raspberry-pi-pico/pico/pico-sdk/src/rp2_common/pico_double/double_v1_rom_shim.S.obj
                0x0000000010003f3c                dmul_shim
 .text.ddiv_shim
                0x0000000010004098      0x1b0 CMakeFiles/AudioRecv.dir/home/samgriffen/raspberry-pi-pico/pico/pico-sdk/src/rp2_common/pico_double/double_v1_rom_shim.S.obj
                0x0000000010004098                ddiv_shim
 .text.double2uint_shim
                0x0000000010004248        0xe CMakeFiles/AudioRecv.dir/home/samgriffen/raspberry-pi-pico/pico/pico-sdk/src/rp2_common/pico_double/double_v1_rom_shim.S.obj
                0x0000000010004248                double2uint_shim
                0x000000001000424a                double2ufix_shim
 *fill*         0x0000000010004256        0x2 
 .text.double2uint64_shim
                0x0000000010004258       0x70 CMakeFiles/AudioRecv.dir/home/samgriffen/raspberry-pi-pico/pico/pico-sdk/src/rp2_common/pico_double/double_v1_rom_shim.S.obj
                0x0000000010004258                double2uint64_shim
                0x000000001000425a                double2ufix64_shim
                0x000000001000427a                d2fix_a
 .text.dunpacks
                0x00000000100042c8       0x3c CMakeFiles/AudioRecv.dir/home/samgriffen/raspberry-pi-pico/pico/pico-sdk/src/rp2_common/pico_double/double_v1_rom_shim.S.obj
                0x00000000100042c8                dunpacks
 .text.__aeabi_lmul
                0x0000000010004304       0x32 CMakeFiles/AudioRecv.dir/home/samgriffen/raspberry-pi-pico/pico/pico-sdk/src/rp2_common/pico_int64_ops/pico_int64_ops_aeabi.S.obj
                0x0000000010004304                __wrap___aeabi_lmul
 *fill*         0x0000000010004336        0x2 
 .text.__aeabi_float_init
                0x0000000010004338       0xfc CMakeFiles/AudioRecv.dir/home/samgriffen/raspberry-pi-pico/pico/pico-sdk/src/rp2_common/pico_float/float_init_rom.c.obj
                0x0000000010004338                __aeabi_float_init
 .text.float_table_shim_on_use_helper
                0x0000000010004434       0x34 CMakeFiles/AudioRecv.dir/home/samgriffen/raspberry-pi-pico/pico/pico-sdk/src/rp2_common/pico_float/float_v1_rom_shim.S.obj
                0x0000000010004434                float_table_shim_on_use_helper
 .text          0x0000000010004468       0x10 CMakeFiles/AudioRecv.dir/home/samgriffen/raspberry-pi-pico/pico/pico-sdk/src/rp2_common/pico_mem_ops/mem_ops_aeabi.S.obj
                0x0000000010004468                __aeabi_mem_init
 .text.memset   0x0000000010004478        0xc CMakeFiles/AudioRecv.dir/home/samgriffen/raspberry-pi-pico/pico/pico-sdk/src/rp2_common/pico_mem_ops/mem_ops_aeabi.S.obj
                0x0000000010004478                __wrap_memset
 .text.memcpy   0x0000000010004484        0xc CMakeFiles/AudioRecv.dir/home/samgriffen/raspberry-pi-pico/pico/pico-sdk/src/rp2_common/pico_mem_ops/mem_ops_aeabi.S.obj
                0x0000000010004484                __wrap___aeabi_memcpy
                0x0000000010004484                __wrap_memcpy
 .text.stdio_out_chars_no_crlf
                0x0000000010004490        0xe CMakeFiles/AudioRecv.dir/home/samgriffen/raspberry-pi-pico/pico/pico-sdk/src/rp2_common/pico_stdio/stdio.c.obj
 *fill*         0x000000001000449e        0x2 
 .text.stdio_out_chars_crlf
                0x00000000100044a0       0x80 CMakeFiles/AudioRecv.dir/home/samgriffen/raspberry-pi-pico/pico/pico-sdk/src/rp2_common/pico_stdio/stdio.c.obj
 .text.stdio_stack_buffer_flush
                0x0000000010004520       0x44 CMakeFiles/AudioRecv.dir/home/samgriffen/raspberry-pi-pico/pico/pico-sdk/src/rp2_common/pico_stdio/stdio.c.obj
 .text.stdio_buffered_printer
                0x0000000010004564       0x20 CMakeFiles/AudioRecv.dir/home/samgriffen/raspberry-pi-pico/pico/pico-sdk/src/rp2_common/pico_stdio/stdio.c.obj
 .text.stdout_serialize_begin
                0x0000000010004584       0x30 CMakeFiles/AudioRecv.dir/home/samgriffen/raspberry-pi-pico/pico/pico-sdk/src/rp2_common/pico_stdio/stdio.c.obj
                0x0000000010004584                stdout_serialize_begin
 .text.stdout_serialize_end
                0x00000000100045b4       0x10 CMakeFiles/AudioRecv.dir/home/samgriffen/raspberry-pi-pico/pico/pico-sdk/src/rp2_common/pico_stdio/stdio.c.obj
                0x00000000100045b4                stdout_serialize_end
 .text.stdio_put_string
                0x00000000100045c4       0x98 CMakeFiles/AudioRecv.dir/home/samgriffen/raspberry-pi-pico/pico/pico-sdk/src/rp2_common/pico_stdio/stdio.c.obj
 .text.stdio_set_driver_enabled
                0x000000001000465c       0x38 CMakeFiles/AudioRecv.dir/home/samgriffen/raspberry-pi-pico/pico/pico-sdk/src/rp2_common/pico_stdio/stdio.c.obj
                0x000000001000465c                stdio_set_driver_enabled
 .text.stdio_flush
                0x0000000010004694       0x20 CMakeFiles/AudioRecv.dir/home/samgriffen/raspberry-pi-pico/pico/pico-sdk/src/rp2_common/pico_stdio/stdio.c.obj
                0x0000000010004694                stdio_flush
 .text.__wrap_puts
                0x00000000100046b4       0x1e CMakeFiles/AudioRecv.dir/home/samgriffen/raspberry-pi-pico/pico/pico-sdk/src/rp2_common/pico_stdio/stdio.c.obj
                0x00000000100046b4                __wrap_puts
 *fill*         0x00000000100046d2        0x2 
 .text.__wrap_vprintf
                0x00000000100046d4       0x44 CMakeFiles/AudioRecv.dir/home/samgriffen/raspberry-pi-pico/pico/pico-sdk/src/rp2_common/pico_stdio/stdio.c.obj
                0x00000000100046d4                __wrap_vprintf
 .text.__wrap_printf
                0x0000000010004718       0x18 CMakeFiles/AudioRecv.dir/home/samgriffen/raspberry-pi-pico/pico/pico-sdk/src/rp2_common/pico_stdio/stdio.c.obj
                0x0000000010004718                __wrap_printf
 .text.stdio_init_all
                0x0000000010004730        0xc CMakeFiles/AudioRecv.dir/home/samgriffen/raspberry-pi-pico/pico/pico-sdk/src/rp2_common/pico_stdio/stdio.c.obj
                0x0000000010004730                stdio_init_all
 .text.resetd_init
                0x000000001000473c        0x2 CMakeFiles/AudioRecv.dir/home/samgriffen/raspberry-pi-pico/pico/pico-sdk/src/rp2_common/pico_stdio_usb/reset_interface.c.obj
 *fill*         0x000000001000473e        0x2 
 .text.resetd_reset
                0x0000000010004740        0xc CMakeFiles/AudioRecv.dir/home/samgriffen/raspberry-pi-pico/pico/pico-sdk/src/rp2_common/pico_stdio_usb/reset_interface.c.obj
 .text.resetd_open
                0x000000001000474c       0x34 CMakeFiles/AudioRecv.dir/home/samgriffen/raspberry-pi-pico/pico/pico-sdk/src/rp2_common/pico_stdio_usb/reset_interface.c.obj
 .text.resetd_xfer_cb
                0x0000000010004780        0x4 CMakeFiles/AudioRecv.dir/home/samgriffen/raspberry-pi-pico/pico/pico-sdk/src/rp2_common/pico_stdio_usb/reset_interface.c.obj
 .text.reset_usb_boot
                0x0000000010004784       0x18 CMakeFiles/AudioRecv.dir/home/samgriffen/raspberry-pi-pico/pico/pico-sdk/src/rp2_common/pico_stdio_usb/reset_interface.c.obj
 .text.resetd_control_xfer_cb
                0x000000001000479c       0x5c CMakeFiles/AudioRecv.dir/home/samgriffen/raspberry-pi-pico/pico/pico-sdk/src/rp2_common/pico_stdio_usb/reset_interface.c.obj
 .text.usbd_app_driver_get_cb
                0x00000000100047f8        0xc CMakeFiles/AudioRecv.dir/home/samgriffen/raspberry-pi-pico/pico/pico-sdk/src/rp2_common/pico_stdio_usb/reset_interface.c.obj
                0x00000000100047f8                usbd_app_driver_get_cb
 .text.tud_cdc_line_coding_cb
                0x0000000010004804       0x28 CMakeFiles/AudioRecv.dir/home/samgriffen/raspberry-pi-pico/pico/pico-sdk/src/rp2_common/pico_stdio_usb/reset_interface.c.obj
                0x0000000010004804                tud_cdc_line_coding_cb
 .text.stdio_usb_in_chars
                0x000000001000482c       0x70 CMakeFiles/AudioRecv.dir/home/samgriffen/raspberry-pi-pico/pico/pico-sdk/src/rp2_common/pico_stdio_usb/stdio_usb.c.obj
                0x000000001000482c                stdio_usb_in_chars
 .text.low_priority_worker_irq
                0x000000001000489c       0x20 CMakeFiles/AudioRecv.dir/home/samgriffen/raspberry-pi-pico/pico/pico-sdk/src/rp2_common/pico_stdio_usb/stdio_usb.c.obj
 .text.stdio_usb_out_chars
                0x00000000100048bc       0xd4 CMakeFiles/AudioRecv.dir/home/samgriffen/raspberry-pi-pico/pico/pico-sdk/src/rp2_common/pico_stdio_usb/stdio_usb.c.obj
 .text.timer_task
                0x0000000010004990       0x10 CMakeFiles/AudioRecv.dir/home/samgriffen/raspberry-pi-pico/pico/pico-sdk/src/rp2_common/pico_stdio_usb/stdio_usb.c.obj
 .text.stdio_usb_init
                0x00000000100049a0       0xb8 CMakeFiles/AudioRecv.dir/home/samgriffen/raspberry-pi-pico/pico/pico-sdk/src/rp2_common/pico_stdio_usb/stdio_usb.c.obj
                0x00000000100049a0                stdio_usb_init
 .text.tud_descriptor_device_cb
                0x0000000010004a58        0x8 CMakeFiles/AudioRecv.dir/home/samgriffen/raspberry-pi-pico/pico/pico-sdk/src/rp2_common/pico_stdio_usb/stdio_usb_descriptors.c.obj
                0x0000000010004a58                tud_descriptor_device_cb
 .text.tud_descriptor_configuration_cb
                0x0000000010004a60        0x8 CMakeFiles/AudioRecv.dir/home/samgriffen/raspberry-pi-pico/pico/pico-sdk/src/rp2_common/pico_stdio_usb/stdio_usb_descriptors.c.obj
                0x0000000010004a60                tud_descriptor_configuration_cb
 .text.tud_descriptor_string_cb
                0x0000000010004a68       0x6c CMakeFiles/AudioRecv.dir/home/samgriffen/raspberry-pi-pico/pico/pico-sdk/src/rp2_common/pico_stdio_usb/stdio_usb_descriptors.c.obj
                0x0000000010004a68                tud_descriptor_string_cb
 .text.hw_endpoint_get_by_addr
                0x0000000010004ad4       0x18 CMakeFiles/AudioRecv.dir/home/samgriffen/raspberry-pi-pico/pico/pico-sdk/lib/tinyusb/src/portable/raspberrypi/rp2040/dcd_rp2040.c.obj
 .text.reset_ep0_pid
                0x0000000010004aec       0x28 CMakeFiles/AudioRecv.dir/home/samgriffen/raspberry-pi-pico/pico/pico-sdk/lib/tinyusb/src/portable/raspberrypi/rp2040/dcd_rp2040.c.obj
 .text._hw_endpoint_alloc
                0x0000000010004b14       0x70 CMakeFiles/AudioRecv.dir/home/samgriffen/raspberry-pi-pico/pico/pico-sdk/lib/tinyusb/src/portable/raspberrypi/rp2040/dcd_rp2040.c.obj
 .text.hw_endpoint_init
                0x0000000010004b84       0x88 CMakeFiles/AudioRecv.dir/home/samgriffen/raspberry-pi-pico/pico/pico-sdk/lib/tinyusb/src/portable/raspberrypi/rp2040/dcd_rp2040.c.obj
 .text.reset_non_control_endpoints
                0x0000000010004c0c       0x40 CMakeFiles/AudioRecv.dir/home/samgriffen/raspberry-pi-pico/pico/pico-sdk/lib/tinyusb/src/portable/raspberrypi/rp2040/dcd_rp2040.c.obj
 .text.hw_handle_buff_status
                0x0000000010004c4c       0x8c CMakeFiles/AudioRecv.dir/home/samgriffen/raspberry-pi-pico/pico/pico-sdk/lib/tinyusb/src/portable/raspberrypi/rp2040/dcd_rp2040.c.obj
 .text.dcd_rp2040_irq
                0x0000000010004cd8       0xc0 CMakeFiles/AudioRecv.dir/home/samgriffen/raspberry-pi-pico/pico/pico-sdk/lib/tinyusb/src/portable/raspberrypi/rp2040/dcd_rp2040.c.obj
 .text.hw_endpoint_xfer
                0x0000000010004d98       0x14 CMakeFiles/AudioRecv.dir/home/samgriffen/raspberry-pi-pico/pico/pico-sdk/lib/tinyusb/src/portable/raspberrypi/rp2040/dcd_rp2040.c.obj
 .text.dcd_int_enable
                0x0000000010004dac       0x2c CMakeFiles/AudioRecv.dir/home/samgriffen/raspberry-pi-pico/pico/pico-sdk/lib/tinyusb/src/portable/raspberrypi/rp2040/dcd_rp2040.c.obj
                0x0000000010004dac                dcd_int_enable
 .text.dcd_set_address
                0x0000000010004dd8       0x2c CMakeFiles/AudioRecv.dir/home/samgriffen/raspberry-pi-pico/pico/pico-sdk/lib/tinyusb/src/portable/raspberrypi/rp2040/dcd_rp2040.c.obj
                0x0000000010004dd8                dcd_set_address
 .text.dcd_connect
                0x0000000010004e04       0x10 CMakeFiles/AudioRecv.dir/home/samgriffen/raspberry-pi-pico/pico/pico-sdk/lib/tinyusb/src/portable/raspberrypi/rp2040/dcd_rp2040.c.obj
                0x0000000010004e04                dcd_connect
 .text.dcd_init
                0x0000000010004e14       0x7c CMakeFiles/AudioRecv.dir/home/samgriffen/raspberry-pi-pico/pico/pico-sdk/lib/tinyusb/src/portable/raspberrypi/rp2040/dcd_rp2040.c.obj
                0x0000000010004e14                dcd_init
 .text.dcd_edpt0_status_complete
                0x0000000010004e90       0x1c CMakeFiles/AudioRecv.dir/home/samgriffen/raspberry-pi-pico/pico/pico-sdk/lib/tinyusb/src/portable/raspberrypi/rp2040/dcd_rp2040.c.obj
                0x0000000010004e90                dcd_edpt0_status_complete
 .text.dcd_edpt_open
                0x0000000010004eac       0x40 CMakeFiles/AudioRecv.dir/home/samgriffen/raspberry-pi-pico/pico/pico-sdk/lib/tinyusb/src/portable/raspberrypi/rp2040/dcd_rp2040.c.obj
                0x0000000010004eac                dcd_edpt_open
 .text.dcd_edpt_close_all
                0x0000000010004eec        0x8 CMakeFiles/AudioRecv.dir/home/samgriffen/raspberry-pi-pico/pico/pico-sdk/lib/tinyusb/src/portable/raspberrypi/rp2040/dcd_rp2040.c.obj
                0x0000000010004eec                dcd_edpt_close_all
 .text.dcd_edpt_xfer
                0x0000000010004ef4       0x30 CMakeFiles/AudioRecv.dir/home/samgriffen/raspberry-pi-pico/pico/pico-sdk/lib/tinyusb/src/portable/raspberrypi/rp2040/dcd_rp2040.c.obj
                0x0000000010004ef4                dcd_edpt_xfer
 .text.dcd_edpt_stall
                0x0000000010004f24       0x2c CMakeFiles/AudioRecv.dir/home/samgriffen/raspberry-pi-pico/pico/pico-sdk/lib/tinyusb/src/portable/raspberrypi/rp2040/dcd_rp2040.c.obj
                0x0000000010004f24                dcd_edpt_stall
 .text.dcd_edpt_clear_stall
                0x0000000010004f50       0x20 CMakeFiles/AudioRecv.dir/home/samgriffen/raspberry-pi-pico/pico/pico-sdk/lib/tinyusb/src/portable/raspberrypi/rp2040/dcd_rp2040.c.obj
                0x0000000010004f50                dcd_edpt_clear_stall
 .text.prepare_ep_buffer
                0x0000000010004f70       0x70 CMakeFiles/AudioRecv.dir/home/samgriffen/raspberry-pi-pico/pico/pico-sdk/lib/tinyusb/src/portable/raspberrypi/rp2040/rp2040_usb.c.obj
 .text.sync_ep_buffer
                0x0000000010004fe0       0x7c CMakeFiles/AudioRecv.dir/home/samgriffen/raspberry-pi-pico/pico/pico-sdk/lib/tinyusb/src/portable/raspberrypi/rp2040/rp2040_usb.c.obj
 .text._hw_endpoint_xfer_sync
                0x000000001000505c       0x28 CMakeFiles/AudioRecv.dir/home/samgriffen/raspberry-pi-pico/pico/pico-sdk/lib/tinyusb/src/portable/raspberrypi/rp2040/rp2040_usb.c.obj
 .text.rp2040_usb_init
                0x0000000010005084       0x4c CMakeFiles/AudioRecv.dir/home/samgriffen/raspberry-pi-pico/pico/pico-sdk/lib/tinyusb/src/portable/raspberrypi/rp2040/rp2040_usb.c.obj
                0x0000000010005084                rp2040_usb_init
 .text.hw_endpoint_reset_transfer
                0x00000000100050d0        0xc CMakeFiles/AudioRecv.dir/home/samgriffen/raspberry-pi-pico/pico/pico-sdk/lib/tinyusb/src/portable/raspberrypi/rp2040/rp2040_usb.c.obj
                0x00000000100050d0                hw_endpoint_reset_transfer
 .text._hw_endpoint_buffer_control_update32
                0x00000000100050dc       0x58 CMakeFiles/AudioRecv.dir/home/samgriffen/raspberry-pi-pico/pico/pico-sdk/lib/tinyusb/src/portable/raspberrypi/rp2040/rp2040_usb.c.obj
                0x00000000100050dc                _hw_endpoint_buffer_control_update32
 .text._hw_endpoint_start_next_buffer
                0x0000000010005134       0x74 CMakeFiles/AudioRecv.dir/home/samgriffen/raspberry-pi-pico/pico/pico-sdk/lib/tinyusb/src/portable/raspberrypi/rp2040/rp2040_usb.c.obj
 .text.hw_endpoint_xfer_start
                0x00000000100051a8       0x48 CMakeFiles/AudioRecv.dir/home/samgriffen/raspberry-pi-pico/pico/pico-sdk/lib/tinyusb/src/portable/raspberrypi/rp2040/rp2040_usb.c.obj
                0x00000000100051a8                hw_endpoint_xfer_start
 .text.hw_endpoint_xfer_continue
                0x00000000100051f0       0x38 CMakeFiles/AudioRecv.dir/home/samgriffen/raspberry-pi-pico/pico/pico-sdk/lib/tinyusb/src/portable/raspberrypi/rp2040/rp2040_usb.c.obj
                0x00000000100051f0                hw_endpoint_xfer_continue
 .text.configuration_reset
                0x0000000010005228       0x84 CMakeFiles/AudioRecv.dir/home/samgriffen/raspberry-pi-pico/pico/pico-sdk/lib/tinyusb/src/device/usbd.c.obj
 .text.usbd_reset
                0x00000000100052ac        0xc CMakeFiles/AudioRecv.dir/home/samgriffen/raspberry-pi-pico/pico/pico-sdk/lib/tinyusb/src/device/usbd.c.obj
 .text.invoke_class_control
                0x00000000100052b8       0x1a CMakeFiles/AudioRecv.dir/home/samgriffen/raspberry-pi-pico/pico/pico-sdk/lib/tinyusb/src/device/usbd.c.obj
 *fill*         0x00000000100052d2        0x2 
 .text.process_set_config
                0x00000000100052d4      0x1b0 CMakeFiles/AudioRecv.dir/home/samgriffen/raspberry-pi-pico/pico/pico-sdk/lib/tinyusb/src/device/usbd.c.obj
 .text.process_get_descriptor
                0x0000000010005484       0xec CMakeFiles/AudioRecv.dir/home/samgriffen/raspberry-pi-pico/pico/pico-sdk/lib/tinyusb/src/device/usbd.c.obj
 .text.tud_mounted
                0x0000000010005570       0x10 CMakeFiles/AudioRecv.dir/home/samgriffen/raspberry-pi-pico/pico/pico-sdk/lib/tinyusb/src/device/usbd.c.obj
                0x0000000010005570                tud_mounted
 .text.tud_suspended
                0x0000000010005580       0x10 CMakeFiles/AudioRecv.dir/home/samgriffen/raspberry-pi-pico/pico/pico-sdk/lib/tinyusb/src/device/usbd.c.obj
                0x0000000010005580                tud_suspended
 .text.tud_inited
                0x0000000010005590        0xc CMakeFiles/AudioRecv.dir/home/samgriffen/raspberry-pi-pico/pico/pico-sdk/lib/tinyusb/src/device/usbd.c.obj
                0x0000000010005590                tud_inited
 .text.tud_init
                0x000000001000559c       0xcc CMakeFiles/AudioRecv.dir/home/samgriffen/raspberry-pi-pico/pico/pico-sdk/lib/tinyusb/src/device/usbd.c.obj
                0x000000001000559c                tud_init
 .text.dcd_event_handler
                0x0000000010005668      0x1e0 CMakeFiles/AudioRecv.dir/home/samgriffen/raspberry-pi-pico/pico/pico-sdk/lib/tinyusb/src/device/usbd.c.obj
                0x0000000010005668                dcd_event_handler
 .text.dcd_event_bus_signal
                0x0000000010005848       0x26 CMakeFiles/AudioRecv.dir/home/samgriffen/raspberry-pi-pico/pico/pico-sdk/lib/tinyusb/src/device/usbd.c.obj
                0x0000000010005848                dcd_event_bus_signal
 .text.dcd_event_bus_reset
                0x000000001000586e       0x2a CMakeFiles/AudioRecv.dir/home/samgriffen/raspberry-pi-pico/pico/pico-sdk/lib/tinyusb/src/device/usbd.c.obj
                0x000000001000586e                dcd_event_bus_reset
 .text.dcd_event_setup_received
                0x0000000010005898       0x34 CMakeFiles/AudioRecv.dir/home/samgriffen/raspberry-pi-pico/pico/pico-sdk/lib/tinyusb/src/device/usbd.c.obj
                0x0000000010005898                dcd_event_setup_received
 .text.dcd_event_xfer_complete
                0x00000000100058cc       0x44 CMakeFiles/AudioRecv.dir/home/samgriffen/raspberry-pi-pico/pico/pico-sdk/lib/tinyusb/src/device/usbd.c.obj
                0x00000000100058cc                dcd_event_xfer_complete
 .text.usbd_edpt_open
                0x0000000010005910       0x58 CMakeFiles/AudioRecv.dir/home/samgriffen/raspberry-pi-pico/pico/pico-sdk/lib/tinyusb/src/device/usbd.c.obj
                0x0000000010005910                usbd_edpt_open
 .text.usbd_open_edpt_pair
                0x0000000010005968       0x8c CMakeFiles/AudioRecv.dir/home/samgriffen/raspberry-pi-pico/pico/pico-sdk/lib/tinyusb/src/device/usbd.c.obj
                0x0000000010005968                usbd_open_edpt_pair
 .text.usbd_edpt_claim
                0x00000000100059f4       0x8c CMakeFiles/AudioRecv.dir/home/samgriffen/raspberry-pi-pico/pico/pico-sdk/lib/tinyusb/src/device/usbd.c.obj
                0x00000000100059f4                usbd_edpt_claim
 .text.usbd_edpt_release
                0x0000000010005a80       0x68 CMakeFiles/AudioRecv.dir/home/samgriffen/raspberry-pi-pico/pico/pico-sdk/lib/tinyusb/src/device/usbd.c.obj
                0x0000000010005a80                usbd_edpt_release
 .text.usbd_edpt_xfer
                0x0000000010005ae8       0x80 CMakeFiles/AudioRecv.dir/home/samgriffen/raspberry-pi-pico/pico/pico-sdk/lib/tinyusb/src/device/usbd.c.obj
                0x0000000010005ae8                usbd_edpt_xfer
 .text.usbd_edpt_stall
                0x0000000010005b68       0x40 CMakeFiles/AudioRecv.dir/home/samgriffen/raspberry-pi-pico/pico/pico-sdk/lib/tinyusb/src/device/usbd.c.obj
                0x0000000010005b68                usbd_edpt_stall
 .text.usbd_edpt_clear_stall
                0x0000000010005ba8       0x40 CMakeFiles/AudioRecv.dir/home/samgriffen/raspberry-pi-pico/pico/pico-sdk/lib/tinyusb/src/device/usbd.c.obj
                0x0000000010005ba8                usbd_edpt_clear_stall
 .text.usbd_edpt_stalled
                0x0000000010005be8       0x1c CMakeFiles/AudioRecv.dir/home/samgriffen/raspberry-pi-pico/pico/pico-sdk/lib/tinyusb/src/device/usbd.c.obj
                0x0000000010005be8                usbd_edpt_stalled
 .text.process_control_request
                0x0000000010005c04      0x3b8 CMakeFiles/AudioRecv.dir/home/samgriffen/raspberry-pi-pico/pico/pico-sdk/lib/tinyusb/src/device/usbd.c.obj
 .text.tud_task
                0x0000000010005fbc      0x218 CMakeFiles/AudioRecv.dir/home/samgriffen/raspberry-pi-pico/pico/pico-sdk/lib/tinyusb/src/device/usbd.c.obj
                0x0000000010005fbc                tud_task
 .text._data_stage_xact
                0x00000000100061d4       0x58 CMakeFiles/AudioRecv.dir/home/samgriffen/raspberry-pi-pico/pico/pico-sdk/lib/tinyusb/src/device/usbd_control.c.obj
 .text.tud_control_status
                0x000000001000622c       0x38 CMakeFiles/AudioRecv.dir/home/samgriffen/raspberry-pi-pico/pico/pico-sdk/lib/tinyusb/src/device/usbd_control.c.obj
                0x000000001000622c                tud_control_status
 .text.tud_control_xfer
                0x0000000010006264       0xa8 CMakeFiles/AudioRecv.dir/home/samgriffen/raspberry-pi-pico/pico/pico-sdk/lib/tinyusb/src/device/usbd_control.c.obj
                0x0000000010006264                tud_control_xfer
 .text.usbd_control_reset
                0x000000001000630c       0x14 CMakeFiles/AudioRecv.dir/home/samgriffen/raspberry-pi-pico/pico/pico-sdk/lib/tinyusb/src/device/usbd_control.c.obj
                0x000000001000630c                usbd_control_reset
 .text.usbd_control_set_complete_callback
                0x0000000010006320        0xc CMakeFiles/AudioRecv.dir/home/samgriffen/raspberry-pi-pico/pico/pico-sdk/lib/tinyusb/src/device/usbd_control.c.obj
                0x0000000010006320                usbd_control_set_complete_callback
 .text.usbd_control_set_request
                0x000000001000632c       0x1c CMakeFiles/AudioRecv.dir/home/samgriffen/raspberry-pi-pico/pico/pico-sdk/lib/tinyusb/src/device/usbd_control.c.obj
                0x000000001000632c                usbd_control_set_request
 .text.usbd_control_xfer_cb
                0x0000000010006348       0xfc CMakeFiles/AudioRecv.dir/home/samgriffen/raspberry-pi-pico/pico/pico-sdk/lib/tinyusb/src/device/usbd_control.c.obj
                0x0000000010006348                usbd_control_xfer_cb
 .text._prep_out_transaction
                0x0000000010006444       0x46 CMakeFiles/AudioRecv.dir/home/samgriffen/raspberry-pi-pico/pico/pico-sdk/lib/tinyusb/src/class/cdc/cdc_device.c.obj
 *fill*         0x000000001000648a        0x2 
 .text.tud_cdc_n_connected
                0x000000001000648c       0x44 CMakeFiles/AudioRecv.dir/home/samgriffen/raspberry-pi-pico/pico/pico-sdk/lib/tinyusb/src/class/cdc/cdc_device.c.obj
                0x000000001000648c                tud_cdc_n_connected
 .text.tud_cdc_n_available
                0x00000000100064d0       0x18 CMakeFiles/AudioRecv.dir/home/samgriffen/raspberry-pi-pico/pico/pico-sdk/lib/tinyusb/src/class/cdc/cdc_device.c.obj
                0x00000000100064d0                tud_cdc_n_available
 .text.tud_cdc_n_read
                0x00000000100064e8       0x28 CMakeFiles/AudioRecv.dir/home/samgriffen/raspberry-pi-pico/pico/pico-sdk/lib/tinyusb/src/class/cdc/cdc_device.c.obj
                0x00000000100064e8                tud_cdc_n_read
 .text.tud_cdc_n_write_flush
                0x0000000010006510       0xcc CMakeFiles/AudioRecv.dir/home/samgriffen/raspberry-pi-pico/pico/pico-sdk/lib/tinyusb/src/class/cdc/cdc_device.c.obj
                0x0000000010006510                tud_cdc_n_write_flush
 .text.tud_cdc_n_write
                0x00000000100065dc       0x38 CMakeFiles/AudioRecv.dir/home/samgriffen/raspberry-pi-pico/pico/pico-sdk/lib/tinyusb/src/class/cdc/cdc_device.c.obj
                0x00000000100065dc                tud_cdc_n_write
 .text.tud_cdc_n_write_available
                0x0000000010006614       0x1c CMakeFiles/AudioRecv.dir/home/samgriffen/raspberry-pi-pico/pico/pico-sdk/lib/tinyusb/src/class/cdc/cdc_device.c.obj
                0x0000000010006614                tud_cdc_n_write_available
 .text.cdcd_init
                0x0000000010006630       0xbc CMakeFiles/AudioRecv.dir/home/samgriffen/raspberry-pi-pico/pico/pico-sdk/lib/tinyusb/src/class/cdc/cdc_device.c.obj
                0x0000000010006630                cdcd_init
 .text.cdcd_reset
                0x00000000100066ec       0x44 CMakeFiles/AudioRecv.dir/home/samgriffen/raspberry-pi-pico/pico/pico-sdk/lib/tinyusb/src/class/cdc/cdc_device.c.obj
                0x00000000100066ec                cdcd_reset
 .text.cdcd_open
                0x0000000010006730       0xf8 CMakeFiles/AudioRecv.dir/home/samgriffen/raspberry-pi-pico/pico/pico-sdk/lib/tinyusb/src/class/cdc/cdc_device.c.obj
                0x0000000010006730                cdcd_open
 .text.cdcd_control_xfer_cb
                0x0000000010006828      0x134 CMakeFiles/AudioRecv.dir/home/samgriffen/raspberry-pi-pico/pico/pico-sdk/lib/tinyusb/src/class/cdc/cdc_device.c.obj
                0x0000000010006828                cdcd_control_xfer_cb
 .text.cdcd_xfer_cb
                0x000000001000695c      0x144 CMakeFiles/AudioRecv.dir/home/samgriffen/raspberry-pi-pico/pico/pico-sdk/lib/tinyusb/src/class/cdc/cdc_device.c.obj
                0x000000001000695c                cdcd_xfer_cb
 .text.tusb_init
                0x0000000010006aa0       0x24 CMakeFiles/AudioRecv.dir/home/samgriffen/raspberry-pi-pico/pico/pico-sdk/lib/tinyusb/src/tusb.c.obj
                0x0000000010006aa0                tusb_init
 .text.tusb_inited
                0x0000000010006ac4        0xe CMakeFiles/AudioRecv.dir/home/samgriffen/raspberry-pi-pico/pico/pico-sdk/lib/tinyusb/src/tusb.c.obj
                0x0000000010006ac4                tusb_inited
 *fill*         0x0000000010006ad2        0x2 
 .text.tu_edpt_validate
                0x0000000010006ad4       0xa8 CMakeFiles/AudioRecv.dir/home/samgriffen/raspberry-pi-pico/pico/pico-sdk/lib/tinyusb/src/tusb.c.obj
                0x0000000010006ad4                tu_edpt_validate
 .text.tu_edpt_bind_driver
                0x0000000010006b7c       0x2a CMakeFiles/AudioRecv.dir/home/samgriffen/raspberry-pi-pico/pico/pico-sdk/lib/tinyusb/src/tusb.c.obj
                0x0000000010006b7c                tu_edpt_bind_driver
 .text.advance_pointer
                0x0000000010006ba6       0x18 CMakeFiles/AudioRecv.dir/home/samgriffen/raspberry-pi-pico/pico/pico-sdk/lib/tinyusb/src/common/tusb_fifo.c.obj
 .text.backward_pointer
                0x0000000010006bbe       0x1e CMakeFiles/AudioRecv.dir/home/samgriffen/raspberry-pi-pico/pico/pico-sdk/lib/tinyusb/src/common/tusb_fifo.c.obj
 .text.get_relative_pointer
                0x0000000010006bdc       0x10 CMakeFiles/AudioRecv.dir/home/samgriffen/raspberry-pi-pico/pico/pico-sdk/lib/tinyusb/src/common/tusb_fifo.c.obj
 .text._tu_fifo_peek
                0x0000000010006bec       0x50 CMakeFiles/AudioRecv.dir/home/samgriffen/raspberry-pi-pico/pico/pico-sdk/lib/tinyusb/src/common/tusb_fifo.c.obj
 .text._ff_pull_const_addr
                0x0000000010006c3c       0x4c CMakeFiles/AudioRecv.dir/home/samgriffen/raspberry-pi-pico/pico/pico-sdk/lib/tinyusb/src/common/tusb_fifo.c.obj
 .text._ff_pull_n
                0x0000000010006c88      0x10c CMakeFiles/AudioRecv.dir/home/samgriffen/raspberry-pi-pico/pico/pico-sdk/lib/tinyusb/src/common/tusb_fifo.c.obj
 .text._tu_fifo_peek_n
                0x0000000010006d94       0x5e CMakeFiles/AudioRecv.dir/home/samgriffen/raspberry-pi-pico/pico/pico-sdk/lib/tinyusb/src/common/tusb_fifo.c.obj
 .text._tu_fifo_read_n
                0x0000000010006df2       0x4e CMakeFiles/AudioRecv.dir/home/samgriffen/raspberry-pi-pico/pico/pico-sdk/lib/tinyusb/src/common/tusb_fifo.c.obj
 .text._ff_push_const_addr
                0x0000000010006e40       0x40 CMakeFiles/AudioRecv.dir/home/samgriffen/raspberry-pi-pico/pico/pico-sdk/lib/tinyusb/src/common/tusb_fifo.c.obj
 .text._ff_push_n
                0x0000000010006e80      0x108 CMakeFiles/AudioRecv.dir/home/samgriffen/raspberry-pi-pico/pico/pico-sdk/lib/tinyusb/src/common/tusb_fifo.c.obj
 .text._tu_fifo_write_n
                0x0000000010006f88       0x9e CMakeFiles/AudioRecv.dir/home/samgriffen/raspberry-pi-pico/pico/pico-sdk/lib/tinyusb/src/common/tusb_fifo.c.obj
 .text.tu_fifo_config
                0x0000000010007026       0x72 CMakeFiles/AudioRecv.dir/home/samgriffen/raspberry-pi-pico/pico/pico-sdk/lib/tinyusb/src/common/tusb_fifo.c.obj
                0x0000000010007026                tu_fifo_config
 .text.tu_fifo_count
                0x0000000010007098       0x26 CMakeFiles/AudioRecv.dir/home/samgriffen/raspberry-pi-pico/pico/pico-sdk/lib/tinyusb/src/common/tusb_fifo.c.obj
                0x0000000010007098                tu_fifo_count
 .text.tu_fifo_empty
                0x00000000100070be       0x10 CMakeFiles/AudioRecv.dir/home/samgriffen/raspberry-pi-pico/pico/pico-sdk/lib/tinyusb/src/common/tusb_fifo.c.obj
                0x00000000100070be                tu_fifo_empty
 .text.tu_fifo_remaining
                0x00000000100070ce       0x20 CMakeFiles/AudioRecv.dir/home/samgriffen/raspberry-pi-pico/pico/pico-sdk/lib/tinyusb/src/common/tusb_fifo.c.obj
                0x00000000100070ce                tu_fifo_remaining
 .text.tu_fifo_read
                0x00000000100070ee       0x42 CMakeFiles/AudioRecv.dir/home/samgriffen/raspberry-pi-pico/pico/pico-sdk/lib/tinyusb/src/common/tusb_fifo.c.obj
                0x00000000100070ee                tu_fifo_read
 .text.tu_fifo_read_n
                0x0000000010007130        0xa CMakeFiles/AudioRecv.dir/home/samgriffen/raspberry-pi-pico/pico/pico-sdk/lib/tinyusb/src/common/tusb_fifo.c.obj
                0x0000000010007130                tu_fifo_read_n
 .text.tu_fifo_write
                0x000000001000713a       0x6c CMakeFiles/AudioRecv.dir/home/samgriffen/raspberry-pi-pico/pico/pico-sdk/lib/tinyusb/src/common/tusb_fifo.c.obj
                0x000000001000713a                tu_fifo_write
 .text.tu_fifo_write_n
                0x00000000100071a6        0xa CMakeFiles/AudioRecv.dir/home/samgriffen/raspberry-pi-pico/pico/pico-sdk/lib/tinyusb/src/common/tusb_fifo.c.obj
                0x00000000100071a6                tu_fifo_write_n
 .text.tu_fifo_clear
                0x00000000100071b0       0x4c CMakeFiles/AudioRecv.dir/home/samgriffen/raspberry-pi-pico/pico/pico-sdk/lib/tinyusb/src/common/tusb_fifo.c.obj
                0x00000000100071b0                tu_fifo_clear
 .text.tu_fifo_set_overwritable
                0x00000000100071fc       0x3c CMakeFiles/AudioRecv.dir/home/samgriffen/raspberry-pi-pico/pico/pico-sdk/lib/tinyusb/src/common/tusb_fifo.c.obj
                0x00000000100071fc                tu_fifo_set_overwritable
 .text._retrieve_unique_id_on_boot
                0x0000000010007238       0x10 CMakeFiles/AudioRecv.dir/home/samgriffen/raspberry-pi-pico/pico/pico-sdk/src/rp2_common/pico_unique_id/unique_id.c.obj
 .text.pico_get_unique_board_id_string
                0x0000000010007248       0x60 CMakeFiles/AudioRecv.dir/home/samgriffen/raspberry-pi-pico/pico/pico-sdk/src/rp2_common/pico_unique_id/unique_id.c.obj
                0x0000000010007248                pico_get_unique_board_id_string
 .text.flash_get_unique_id
                0x00000000100072a8       0x46 CMakeFiles/AudioRecv.dir/home/samgriffen/raspberry-pi-pico/pico/pico-sdk/src/rp2_common/hardware_flash/flash.c.obj
                0x00000000100072a8                flash_get_unique_id
 *fill*         0x00000000100072ee        0x2 
 .text.stdio_uart_out_chars
                0x00000000100072f0       0x74 CMakeFiles/AudioRecv.dir/home/samgriffen/raspberry-pi-pico/pico/pico-sdk/src/rp2_common/pico_stdio_uart/stdio_uart.c.obj
 .text.stdio_uart_in_chars
                0x0000000010007364       0x58 CMakeFiles/AudioRecv.dir/home/samgriffen/raspberry-pi-pico/pico/pico-sdk/src/rp2_common/pico_stdio_uart/stdio_uart.c.obj
                0x0000000010007364                stdio_uart_in_chars
 .text.stdio_uart_init_full
                0x00000000100073bc       0x3c CMakeFiles/AudioRecv.dir/home/samgriffen/raspberry-pi-pico/pico/pico-sdk/src/rp2_common/pico_stdio_uart/stdio_uart.c.obj
                0x00000000100073bc                stdio_uart_init_full
 .text.stdio_uart_init
                0x00000000100073f8       0x28 CMakeFiles/AudioRecv.dir/home/samgriffen/raspberry-pi-pico/pico/pico-sdk/src/rp2_common/pico_stdio_uart/stdio_uart.c.obj
                0x00000000100073f8                stdio_uart_init
 .text.spi_set_baudrate
                0x0000000010007420       0x92 CMakeFiles/AudioRecv.dir/home/samgriffen/raspberry-pi-pico/pico/pico-sdk/src/rp2_common/hardware_spi/spi.c.obj
                0x0000000010007420                spi_set_baudrate
 *fill*         0x00000000100074b2        0x2 
 .text.spi_init
                0x00000000100074b4       0x68 CMakeFiles/AudioRecv.dir/home/samgriffen/raspberry-pi-pico/pico/pico-sdk/src/rp2_common/hardware_spi/spi.c.obj
                0x00000000100074b4                spi_init
 .text          0x000000001000751c       0x5c /usr/lib/gcc/arm-none-eabi/10.3.1/../../../arm-none-eabi/lib/thumb/v6-m/nofp/libg.a(lib_a-strlen-stub.o)
                0x000000001000751c                strlen
 *(.fini)
 .fini          0x0000000010007578        0x4 /usr/lib/gcc/arm-none-eabi/10.3.1/thumb/v6-m/nofp/crti.o
                0x0000000010007578                _fini
 *fill*         0x000000001000757c        0x4 
 .fini.__stub   0x0000000010007580       0x90 linker stubs
 *crtbegin.o(.ctors)
 *crtbegin?.o(.ctors)
 *(EXCLUDE_FILE(*crtend.o *crtend?.o) .ctors)
 *(SORT_BY_NAME(.ctors.*))
 *(.ctors)
 *crtbegin.o(.dtors)
 *crtbegin?.o(.dtors)
 *(EXCLUDE_FILE(*crtend.o *crtend?.o) .dtors)
 *(SORT_BY_NAME(.dtors.*))
 *(.dtors)
 *(.eh_frame*)
 .eh_frame      0x0000000010007610        0x0 /usr/lib/gcc/arm-none-eabi/10.3.1/thumb/v6-m/nofp/crtbegin.o
                0x0000000010007610                . = ALIGN (0x4)

.glue_7         0x0000000010007610        0x0
 .glue_7        0x0000000010007610        0x0 linker stubs

.glue_7t        0x0000000010007610        0x0
 .glue_7t       0x0000000010007610        0x0 linker stubs

.vfp11_veneer   0x0000000010007610        0x0
 .vfp11_veneer  0x0000000010007610        0x0 linker stubs

.v4_bx          0x0000000010007610        0x0
 .v4_bx         0x0000000010007610        0x0 linker stubs

.iplt           0x0000000010007610        0x0
 .iplt          0x0000000010007610        0x0 /usr/lib/gcc/arm-none-eabi/10.3.1/thumb/v6-m/nofp/crtbegin.o

.rodata         0x0000000010007610     0x1748
 *(EXCLUDE_FILE(*libm.a: *libc.a:*lib_a-mem*.o *libgcc.a:) .rodata*)
 .rodata.main.str1.4
                0x0000000010007610        0x4 CMakeFiles/AudioRecv.dir/AudioRecv.cpp.obj
 .rodata._ZN5NRF246configEv.str1.4
                0x0000000010007614        0x6 CMakeFiles/AudioRecv.dir/NRF24.cpp.obj
 *fill*         0x000000001000761a        0x2 
 .rodata.spin_lock_claim_unused.str1.4
                0x000000001000761c       0x1b CMakeFiles/AudioRecv.dir/home/samgriffen/raspberry-pi-pico/pico/pico-sdk/src/rp2_common/hardware_sync/sync.c.obj
 *fill*         0x0000000010007637        0x1 
 .rodata.repeating_timer_callback.str1.4
                0x0000000010007638       0x61 CMakeFiles/AudioRecv.dir/home/samgriffen/raspberry-pi-pico/pico/pico-sdk/src/common/pico_time/time.c.obj
 *fill*         0x0000000010007699        0x3 
 .rodata.alarm_pool_dump_key.str1.4
                0x000000001000769c       0x33 CMakeFiles/AudioRecv.dir/home/samgriffen/raspberry-pi-pico/pico/pico-sdk/src/common/pico_time/time.c.obj
 *fill*         0x00000000100076cf        0x1 
 .rodata.ph_add_child_node.str1.4
                0x00000000100076d0       0xaa CMakeFiles/AudioRecv.dir/home/samgriffen/raspberry-pi-pico/pico/pico-sdk/src/common/pico_time/time.c.obj
 *fill*         0x000000001000777a        0x2 
 .rodata.add_alarm_under_lock.str1.4
                0x000000001000777c       0x28 CMakeFiles/AudioRecv.dir/home/samgriffen/raspberry-pi-pico/pico/pico-sdk/src/common/pico_time/time.c.obj
                                         0x2b (size before relaxing)
 .rodata.alarm_pool_alarm_callback.str1.4
                0x00000000100077a4       0xfa CMakeFiles/AudioRecv.dir/home/samgriffen/raspberry-pi-pico/pico/pico-sdk/src/common/pico_time/time.c.obj
 *fill*         0x000000001000789e        0x2 
 .rodata.alarm_pool_get_default.str1.4
                0x00000000100078a0       0x21 CMakeFiles/AudioRecv.dir/home/samgriffen/raspberry-pi-pico/pico/pico-sdk/src/common/pico_time/time.c.obj
 *fill*         0x00000000100078c1        0x3 
 .rodata.alarm_pool_cancel_alarm.str1.4
                0x00000000100078c4       0x27 CMakeFiles/AudioRecv.dir/home/samgriffen/raspberry-pi-pico/pico/pico-sdk/src/common/pico_time/time.c.obj
 *fill*         0x00000000100078eb        0x1 
 .rodata.sleep_until.str1.4
                0x00000000100078ec       0x4d CMakeFiles/AudioRecv.dir/home/samgriffen/raspberry-pi-pico/pico/pico-sdk/src/common/pico_time/time.c.obj
 *fill*         0x0000000010007939        0x3 
 .rodata.__func__.1
                0x000000001000793c       0x18 CMakeFiles/AudioRecv.dir/home/samgriffen/raspberry-pi-pico/pico/pico-sdk/src/common/pico_time/time.c.obj
 .rodata.__func__.10
                0x0000000010007954       0x15 CMakeFiles/AudioRecv.dir/home/samgriffen/raspberry-pi-pico/pico/pico-sdk/src/common/pico_time/time.c.obj
 *fill*         0x0000000010007969        0x3 
 .rodata.__func__.11
                0x000000001000796c       0x1a CMakeFiles/AudioRecv.dir/home/samgriffen/raspberry-pi-pico/pico/pico-sdk/src/common/pico_time/time.c.obj
 *fill*         0x0000000010007986        0x2 
 .rodata.__func__.12
                0x0000000010007988        0xa CMakeFiles/AudioRecv.dir/home/samgriffen/raspberry-pi-pico/pico/pico-sdk/src/common/pico_time/time.c.obj
 *fill*         0x0000000010007992        0x2 
 .rodata.__func__.3
                0x0000000010007994       0x17 CMakeFiles/AudioRecv.dir/home/samgriffen/raspberry-pi-pico/pico/pico-sdk/src/common/pico_time/time.c.obj
 *fill*         0x00000000100079ab        0x1 
 .rodata.__func__.4
                0x00000000100079ac       0x12 CMakeFiles/AudioRecv.dir/home/samgriffen/raspberry-pi-pico/pico/pico-sdk/src/common/pico_time/time.c.obj
 *fill*         0x00000000100079be        0x2 
 .rodata.__func__.5
                0x00000000100079c0        0xd CMakeFiles/AudioRecv.dir/home/samgriffen/raspberry-pi-pico/pico/pico-sdk/src/common/pico_time/time.c.obj
 *fill*         0x00000000100079cd        0x3 
 .rodata.__func__.6
                0x00000000100079d0       0x12 CMakeFiles/AudioRecv.dir/home/samgriffen/raspberry-pi-pico/pico/pico-sdk/src/common/pico_time/time.c.obj
 *fill*         0x00000000100079e2        0x2 
 .rodata.__func__.7
                0x00000000100079e4        0xf CMakeFiles/AudioRecv.dir/home/samgriffen/raspberry-pi-pico/pico/pico-sdk/src/common/pico_time/time.c.obj
 *fill*         0x00000000100079f3        0x1 
 .rodata.__func__.8
                0x00000000100079f4        0xc CMakeFiles/AudioRecv.dir/home/samgriffen/raspberry-pi-pico/pico/pico-sdk/src/common/pico_time/time.c.obj
 .rodata.__func__.9
                0x0000000010007a00       0x15 CMakeFiles/AudioRecv.dir/home/samgriffen/raspberry-pi-pico/pico/pico-sdk/src/common/pico_time/time.c.obj
 *fill*         0x0000000010007a15        0x3 
 .rodata.hardware_alarm_claim.str1.4
                0x0000000010007a18       0x22 CMakeFiles/AudioRecv.dir/home/samgriffen/raspberry-pi-pico/pico/pico-sdk/src/rp2_common/hardware_timer/timer.c.obj
 *fill*         0x0000000010007a3a        0x2 
 .rodata.hardware_alarm_set_target.str1.4
                0x0000000010007a3c       0x7b CMakeFiles/AudioRecv.dir/home/samgriffen/raspberry-pi-pico/pico/pico-sdk/src/rp2_common/hardware_timer/timer.c.obj
 *fill*         0x0000000010007ab7        0x1 
 .rodata.__func__.0
                0x0000000010007ab8       0x1a CMakeFiles/AudioRecv.dir/home/samgriffen/raspberry-pi-pico/pico/pico-sdk/src/rp2_common/hardware_timer/timer.c.obj
 *fill*         0x0000000010007ad2        0x2 
 .rodata.str1.4
                0x0000000010007ad4       0xa1 CMakeFiles/AudioRecv.dir/home/samgriffen/raspberry-pi-pico/pico/pico-sdk/src/common/pico_sync/mutex.c.obj
                                        0x119 (size before relaxing)
 *fill*         0x0000000010007b75        0x3 
 .rodata.__func__.1
                0x0000000010007b78        0xb CMakeFiles/AudioRecv.dir/home/samgriffen/raspberry-pi-pico/pico/pico-sdk/src/common/pico_sync/mutex.c.obj
 *fill*         0x0000000010007b83        0x1 
 .rodata.__func__.3
                0x0000000010007b84       0x18 CMakeFiles/AudioRecv.dir/home/samgriffen/raspberry-pi-pico/pico/pico-sdk/src/common/pico_sync/mutex.c.obj
 .rodata.__func__.4
                0x0000000010007b9c       0x15 CMakeFiles/AudioRecv.dir/home/samgriffen/raspberry-pi-pico/pico/pico-sdk/src/common/pico_sync/mutex.c.obj
 .rodata.ph_add_child_node.str1.4
                0x0000000010007bb1       0xaa CMakeFiles/AudioRecv.dir/home/samgriffen/raspberry-pi-pico/pico/pico-sdk/src/common/pico_util/pheap.c.obj
 *fill*         0x0000000010007bb1        0x3 
 .rodata.ph_remove_any_head.str1.4
                0x0000000010007bb4       0xa4 CMakeFiles/AudioRecv.dir/home/samgriffen/raspberry-pi-pico/pico/pico-sdk/src/common/pico_util/pheap.c.obj
 .rodata.ph_remove_and_free_node.str1.4
                0x0000000010007c58       0x26 CMakeFiles/AudioRecv.dir/home/samgriffen/raspberry-pi-pico/pico/pico-sdk/src/common/pico_util/pheap.c.obj
 *fill*         0x0000000010007c7e        0x2 
 .rodata.__func__.0
                0x0000000010007c80       0x18 CMakeFiles/AudioRecv.dir/home/samgriffen/raspberry-pi-pico/pico/pico-sdk/src/common/pico_util/pheap.c.obj
 .rodata.__func__.1
                0x0000000010007c98       0x13 CMakeFiles/AudioRecv.dir/home/samgriffen/raspberry-pi-pico/pico/pico-sdk/src/common/pico_util/pheap.c.obj
 *fill*         0x0000000010007cab        0x1 
 .rodata.__func__.2
                0x0000000010007cac       0x12 CMakeFiles/AudioRecv.dir/home/samgriffen/raspberry-pi-pico/pico/pico-sdk/src/common/pico_util/pheap.c.obj
 *fill*         0x0000000010007cbe        0x2 
 .rodata.__func__.3
                0x0000000010007cc0        0xc CMakeFiles/AudioRecv.dir/home/samgriffen/raspberry-pi-pico/pico/pico-sdk/src/common/pico_util/pheap.c.obj
 .rodata.__assert_func.str1.4
                0x0000000010007ccc       0x3f CMakeFiles/AudioRecv.dir/home/samgriffen/raspberry-pi-pico/pico/pico-sdk/src/rp2_common/pico_runtime/runtime.c.obj
                                         0x43 (size before relaxing)
 *fill*         0x0000000010007d0b        0x1 
 .rodata.runtime_init.str1.4
                0x0000000010007d0c       0x77 CMakeFiles/AudioRecv.dir/home/samgriffen/raspberry-pi-pico/pico/pico-sdk/src/rp2_common/pico_runtime/runtime.c.obj
 *fill*         0x0000000010007d83        0x1 
 .rodata.panic.str1.4
                0x0000000010007d84       0x12 CMakeFiles/AudioRecv.dir/home/samgriffen/raspberry-pi-pico/pico/pico-sdk/src/rp2_common/pico_runtime/runtime.c.obj
 *fill*         0x0000000010007d96        0x2 
 .rodata.__func__.1
                0x0000000010007d98        0xd CMakeFiles/AudioRecv.dir/home/samgriffen/raspberry-pi-pico/pico/pico-sdk/src/rp2_common/pico_runtime/runtime.c.obj
 *fill*         0x0000000010007da5        0x3 
 .rodata.clock_configure.str1.4
                0x0000000010007da8       0x6d CMakeFiles/AudioRecv.dir/home/samgriffen/raspberry-pi-pico/pico/pico-sdk/src/rp2_common/hardware_clocks/clocks.c.obj
 *fill*         0x0000000010007e15        0x3 
 .rodata.__func__.1
                0x0000000010007e18       0x10 CMakeFiles/AudioRecv.dir/home/samgriffen/raspberry-pi-pico/pico/pico-sdk/src/rp2_common/hardware_clocks/clocks.c.obj
 .rodata.make_branch.str1.4
                0x0000000010007e28       0x63 CMakeFiles/AudioRecv.dir/home/samgriffen/raspberry-pi-pico/pico/pico-sdk/src/rp2_common/hardware_irq/irq.c.obj
 *fill*         0x0000000010007e8b        0x1 
 .rodata.irq_set_exclusive_handler.str1.4
                0x0000000010007e8c       0x36 CMakeFiles/AudioRecv.dir/home/samgriffen/raspberry-pi-pico/pico/pico-sdk/src/rp2_common/hardware_irq/irq.c.obj
 *fill*         0x0000000010007ec2        0x2 
 .rodata.irq_add_shared_handler.str1.4
                0x0000000010007ec4       0xd9 CMakeFiles/AudioRecv.dir/home/samgriffen/raspberry-pi-pico/pico/pico-sdk/src/rp2_common/hardware_irq/irq.c.obj
 *fill*         0x0000000010007f9d        0x3 
 .rodata.irq_remove_handler.str1.4
                0x0000000010007fa0       0x2a CMakeFiles/AudioRecv.dir/home/samgriffen/raspberry-pi-pico/pico/pico-sdk/src/rp2_common/hardware_irq/irq.c.obj
 *fill*         0x0000000010007fca        0x2 
 .rodata.irq_add_tail_to_free_list.str1.4
                0x0000000010007fcc       0x32 CMakeFiles/AudioRecv.dir/home/samgriffen/raspberry-pi-pico/pico/pico-sdk/src/rp2_common/hardware_irq/irq.c.obj
                                         0x3a (size before relaxing)
 *fill*         0x0000000010007ffe        0x2 
 .rodata.__func__.0
                0x0000000010008000       0x1a CMakeFiles/AudioRecv.dir/home/samgriffen/raspberry-pi-pico/pico/pico-sdk/src/rp2_common/hardware_irq/irq.c.obj
 *fill*         0x000000001000801a        0x2 
 .rodata.__func__.1
                0x000000001000801c       0x17 CMakeFiles/AudioRecv.dir/home/samgriffen/raspberry-pi-pico/pico/pico-sdk/src/rp2_common/hardware_irq/irq.c.obj
 *fill*         0x0000000010008033        0x1 
 .rodata.__func__.2
                0x0000000010008034       0x13 CMakeFiles/AudioRecv.dir/home/samgriffen/raspberry-pi-pico/pico/pico-sdk/src/rp2_common/hardware_irq/irq.c.obj
 *fill*         0x0000000010008047        0x1 
 .rodata.__func__.3
                0x0000000010008048        0xc CMakeFiles/AudioRecv.dir/home/samgriffen/raspberry-pi-pico/pico/pico-sdk/src/rp2_common/hardware_irq/irq.c.obj
 .rodata.__func__.4
                0x0000000010008054        0xf CMakeFiles/AudioRecv.dir/home/samgriffen/raspberry-pi-pico/pico/pico-sdk/src/rp2_common/hardware_irq/irq.c.obj
 *fill*         0x0000000010008063        0x1 
 .rodata.__func__.6
                0x0000000010008064       0x1a CMakeFiles/AudioRecv.dir/home/samgriffen/raspberry-pi-pico/pico/pico-sdk/src/rp2_common/hardware_irq/irq.c.obj
 *fill*         0x000000001000807e        0x2 
 .rodata.pll_init.str1.4
                0x0000000010008080       0xef CMakeFiles/AudioRecv.dir/home/samgriffen/raspberry-pi-pico/pico/pico-sdk/src/rp2_common/hardware_pll/pll.c.obj
 *fill*         0x000000001000816f        0x1 
 .rodata.__func__.0
                0x0000000010008170        0x9 CMakeFiles/AudioRecv.dir/home/samgriffen/raspberry-pi-pico/pico/pico-sdk/src/rp2_common/hardware_pll/pll.c.obj
 *fill*         0x0000000010008179        0x3 
 .rodata._ftoa.str1.4
                0x000000001000817c       0x15 CMakeFiles/AudioRecv.dir/home/samgriffen/raspberry-pi-pico/pico/pico-sdk/src/rp2_common/pico_printf/printf.c.obj
 *fill*         0x0000000010008191        0x3 
 .rodata._vsnprintf
                0x0000000010008194      0x1e0 CMakeFiles/AudioRecv.dir/home/samgriffen/raspberry-pi-pico/pico/pico-sdk/src/rp2_common/pico_printf/printf.c.obj
 *fill*         0x0000000010008374        0x4 
 .rodata.pow10.0
                0x0000000010008378       0x50 CMakeFiles/AudioRecv.dir/home/samgriffen/raspberry-pi-pico/pico/pico-sdk/src/rp2_common/pico_printf/printf.c.obj
 .rodata.__aeabi_double_init.str1.4
                0x00000000100083c8       0xbe CMakeFiles/AudioRecv.dir/home/samgriffen/raspberry-pi-pico/pico/pico-sdk/src/rp2_common/pico_double/double_init_rom.c.obj
 *fill*         0x0000000010008486        0x2 
 .rodata.__func__.0
                0x0000000010008488       0x14 CMakeFiles/AudioRecv.dir/home/samgriffen/raspberry-pi-pico/pico/pico-sdk/src/rp2_common/pico_double/double_init_rom.c.obj
 .rodata.__aeabi_float_init.str1.4
                0x000000001000849c       0x90 CMakeFiles/AudioRecv.dir/home/samgriffen/raspberry-pi-pico/pico/pico-sdk/src/rp2_common/pico_float/float_init_rom.c.obj
                                         0x94 (size before relaxing)
 .rodata.__func__.0
                0x000000001000852c       0x13 CMakeFiles/AudioRecv.dir/home/samgriffen/raspberry-pi-pico/pico/pico-sdk/src/rp2_common/pico_float/float_init_rom.c.obj
 *fill*         0x000000001000853f        0x1 
 .rodata.str1.4
                0x0000000010008540       0x44 CMakeFiles/AudioRecv.dir/home/samgriffen/raspberry-pi-pico/pico/pico-sdk/src/rp2_common/pico_standard_link/binary_info.c.obj
 .rodata.__bi_44
                0x0000000010008584        0xc CMakeFiles/AudioRecv.dir/home/samgriffen/raspberry-pi-pico/pico/pico-sdk/src/rp2_common/pico_standard_link/binary_info.c.obj
 .rodata.__bi_56
                0x0000000010008590        0xc CMakeFiles/AudioRecv.dir/home/samgriffen/raspberry-pi-pico/pico/pico-sdk/src/rp2_common/pico_standard_link/binary_info.c.obj
 .rodata.__bi_75
                0x000000001000859c        0xc CMakeFiles/AudioRecv.dir/home/samgriffen/raspberry-pi-pico/pico/pico-sdk/src/rp2_common/pico_standard_link/binary_info.c.obj
 .rodata.__bi_81
                0x00000000100085a8        0xc CMakeFiles/AudioRecv.dir/home/samgriffen/raspberry-pi-pico/pico/pico-sdk/src/rp2_common/pico_standard_link/binary_info.c.obj
 .rodata.crlf_str.3
                0x00000000100085b4        0x2 CMakeFiles/AudioRecv.dir/home/samgriffen/raspberry-pi-pico/pico/pico-sdk/src/rp2_common/pico_stdio/stdio.c.obj
 *fill*         0x00000000100085b6        0x2 
 .rodata._resetd_driver
                0x00000000100085b8       0x18 CMakeFiles/AudioRecv.dir/home/samgriffen/raspberry-pi-pico/pico/pico-sdk/src/rp2_common/pico_stdio_usb/reset_interface.c.obj
 .rodata.stdio_usb_init.str1.4
                0x00000000100085d0       0x77 CMakeFiles/AudioRecv.dir/home/samgriffen/raspberry-pi-pico/pico/pico-sdk/src/rp2_common/pico_stdio_usb/stdio_usb.c.obj
 .rodata.str1.4
                0x00000000100085d0       0x13 CMakeFiles/AudioRecv.dir/home/samgriffen/raspberry-pi-pico/pico/pico-sdk/src/rp2_common/pico_stdio_usb/stdio_usb.c.obj
 *fill*         0x00000000100085e3        0x1 
 .rodata.__bi_93.1
                0x00000000100085e4        0xc CMakeFiles/AudioRecv.dir/home/samgriffen/raspberry-pi-pico/pico/pico-sdk/src/rp2_common/pico_stdio_usb/stdio_usb.c.obj
 .rodata.__func__.0
                0x00000000100085f0       0x15 CMakeFiles/AudioRecv.dir/home/samgriffen/raspberry-pi-pico/pico/pico-sdk/src/rp2_common/pico_stdio_usb/stdio_usb.c.obj
 *fill*         0x0000000010008605        0x3 
 .rodata.str1.4
                0x0000000010008608       0x2a CMakeFiles/AudioRecv.dir/home/samgriffen/raspberry-pi-pico/pico/pico-sdk/src/rp2_common/pico_stdio_usb/stdio_usb_descriptors.c.obj
 *fill*         0x0000000010008632        0x2 
 .rodata.usbd_desc_cfg
                0x0000000010008634       0x54 CMakeFiles/AudioRecv.dir/home/samgriffen/raspberry-pi-pico/pico/pico-sdk/src/rp2_common/pico_stdio_usb/stdio_usb_descriptors.c.obj
 .rodata.usbd_desc_device
                0x0000000010008688       0x12 CMakeFiles/AudioRecv.dir/home/samgriffen/raspberry-pi-pico/pico/pico-sdk/src/rp2_common/pico_stdio_usb/stdio_usb_descriptors.c.obj
 *fill*         0x000000001000869a        0x2 
 .rodata.usbd_desc_str
                0x000000001000869c       0x18 CMakeFiles/AudioRecv.dir/home/samgriffen/raspberry-pi-pico/pico/pico-sdk/src/rp2_common/pico_stdio_usb/stdio_usb_descriptors.c.obj
 .rodata._hw_endpoint_alloc.str1.4
                0x00000000100086b4       0xcd CMakeFiles/AudioRecv.dir/home/samgriffen/raspberry-pi-pico/pico/pico-sdk/lib/tinyusb/src/portable/raspberrypi/rp2040/dcd_rp2040.c.obj
 *fill*         0x0000000010008781        0x3 
 .rodata.dcd_rp2040_irq.str1.4
                0x0000000010008784       0x14 CMakeFiles/AudioRecv.dir/home/samgriffen/raspberry-pi-pico/pico/pico-sdk/lib/tinyusb/src/portable/raspberrypi/rp2040/dcd_rp2040.c.obj
 .rodata.dcd_int_enable.str1.4
                0x0000000010008798        0xc CMakeFiles/AudioRecv.dir/home/samgriffen/raspberry-pi-pico/pico/pico-sdk/lib/tinyusb/src/portable/raspberrypi/rp2040/dcd_rp2040.c.obj
 .rodata.__func__.0
                0x00000000100087a4        0xe CMakeFiles/AudioRecv.dir/home/samgriffen/raspberry-pi-pico/pico/pico-sdk/lib/tinyusb/src/portable/raspberrypi/rp2040/dcd_rp2040.c.obj
 *fill*         0x00000000100087b2        0x2 
 .rodata.__func__.1
                0x00000000100087b4        0xe CMakeFiles/AudioRecv.dir/home/samgriffen/raspberry-pi-pico/pico/pico-sdk/lib/tinyusb/src/portable/raspberrypi/rp2040/dcd_rp2040.c.obj
 *fill*         0x00000000100087c2        0x2 
 .rodata.__func__.3
                0x00000000100087c4       0x10 CMakeFiles/AudioRecv.dir/home/samgriffen/raspberry-pi-pico/pico/pico-sdk/lib/tinyusb/src/portable/raspberrypi/rp2040/dcd_rp2040.c.obj
 .rodata.__func__.5
                0x00000000100087d4        0xf CMakeFiles/AudioRecv.dir/home/samgriffen/raspberry-pi-pico/pico/pico-sdk/lib/tinyusb/src/portable/raspberrypi/rp2040/dcd_rp2040.c.obj
 *fill*         0x00000000100087e3        0x1 
 .rodata.__func__.6
                0x00000000100087e4       0x13 CMakeFiles/AudioRecv.dir/home/samgriffen/raspberry-pi-pico/pico/pico-sdk/lib/tinyusb/src/portable/raspberrypi/rp2040/dcd_rp2040.c.obj
 *fill*         0x00000000100087f7        0x1 
 .rodata.__func__.7
                0x00000000100087f8        0x9 CMakeFiles/AudioRecv.dir/home/samgriffen/raspberry-pi-pico/pico/pico-sdk/lib/tinyusb/src/portable/raspberrypi/rp2040/dcd_rp2040.c.obj
 *fill*         0x0000000010008801        0x3 
 .rodata.sync_ep_buffer.str1.4
                0x0000000010008804       0xa9 CMakeFiles/AudioRecv.dir/home/samgriffen/raspberry-pi-pico/pico/pico-sdk/lib/tinyusb/src/portable/raspberrypi/rp2040/rp2040_usb.c.obj
 *fill*         0x00000000100088ad        0x3 
 .rodata._hw_endpoint_buffer_control_update32.str1.4
                0x00000000100088b0       0x1f CMakeFiles/AudioRecv.dir/home/samgriffen/raspberry-pi-pico/pico/pico-sdk/lib/tinyusb/src/portable/raspberrypi/rp2040/rp2040_usb.c.obj
 *fill*         0x00000000100088cf        0x1 
 .rodata.hw_endpoint_xfer_start.str1.4
                0x00000000100088d0       0x38 CMakeFiles/AudioRecv.dir/home/samgriffen/raspberry-pi-pico/pico/pico-sdk/lib/tinyusb/src/portable/raspberrypi/rp2040/rp2040_usb.c.obj
 .rodata.hw_endpoint_xfer_continue.str1.4
                0x0000000010008908       0x29 CMakeFiles/AudioRecv.dir/home/samgriffen/raspberry-pi-pico/pico/pico-sdk/lib/tinyusb/src/portable/raspberrypi/rp2040/rp2040_usb.c.obj
 .rodata.str1.4
                0x0000000010008931       0x29 CMakeFiles/AudioRecv.dir/home/samgriffen/raspberry-pi-pico/pico/pico-sdk/lib/tinyusb/src/portable/raspberrypi/rp2040/rp2040_usb.c.obj
                                          0x7 (size before relaxing)
 *fill*         0x0000000010008931        0x3 
 .rodata.__func__.0
                0x0000000010008934        0xf CMakeFiles/AudioRecv.dir/home/samgriffen/raspberry-pi-pico/pico/pico-sdk/lib/tinyusb/src/portable/raspberrypi/rp2040/rp2040_usb.c.obj
 *fill*         0x0000000010008943        0x1 
 .rodata.process_set_config.str1.4
                0x0000000010008944       0x17 CMakeFiles/AudioRecv.dir/home/samgriffen/raspberry-pi-pico/pico/pico-sdk/lib/tinyusb/src/device/usbd.c.obj
 *fill*         0x000000001000895b        0x1 
 .rodata.process_get_descriptor
                0x000000001000895c       0x40 CMakeFiles/AudioRecv.dir/home/samgriffen/raspberry-pi-pico/pico/pico-sdk/lib/tinyusb/src/device/usbd.c.obj
 .rodata.process_control_request
                0x000000001000899c       0x28 CMakeFiles/AudioRecv.dir/home/samgriffen/raspberry-pi-pico/pico/pico-sdk/lib/tinyusb/src/device/usbd.c.obj
 .rodata.tud_task
                0x00000000100089c4       0x24 CMakeFiles/AudioRecv.dir/home/samgriffen/raspberry-pi-pico/pico/pico-sdk/lib/tinyusb/src/device/usbd.c.obj
 .rodata.__func__.2
                0x00000000100089e8        0xf CMakeFiles/AudioRecv.dir/home/samgriffen/raspberry-pi-pico/pico/pico-sdk/lib/tinyusb/src/device/usbd.c.obj
 *fill*         0x00000000100089f7        0x1 
 .rodata.__func__.3
                0x00000000100089f8        0xf CMakeFiles/AudioRecv.dir/home/samgriffen/raspberry-pi-pico/pico/pico-sdk/lib/tinyusb/src/device/usbd.c.obj
 *fill*         0x0000000010008a07        0x1 
 .rodata.__func__.4
                0x0000000010008a08       0x14 CMakeFiles/AudioRecv.dir/home/samgriffen/raspberry-pi-pico/pico/pico-sdk/lib/tinyusb/src/device/usbd.c.obj
 .rodata.__func__.5
                0x0000000010008a1c       0x10 CMakeFiles/AudioRecv.dir/home/samgriffen/raspberry-pi-pico/pico/pico-sdk/lib/tinyusb/src/device/usbd.c.obj
 .rodata.__func__.6
                0x0000000010008a2c       0x17 CMakeFiles/AudioRecv.dir/home/samgriffen/raspberry-pi-pico/pico/pico-sdk/lib/tinyusb/src/device/usbd.c.obj
 *fill*         0x0000000010008a43        0x1 
 .rodata.__func__.7
                0x0000000010008a44       0x13 CMakeFiles/AudioRecv.dir/home/samgriffen/raspberry-pi-pico/pico/pico-sdk/lib/tinyusb/src/device/usbd.c.obj
 *fill*         0x0000000010008a57        0x1 
 .rodata.__func__.8
                0x0000000010008a58       0x18 CMakeFiles/AudioRecv.dir/home/samgriffen/raspberry-pi-pico/pico/pico-sdk/lib/tinyusb/src/device/usbd.c.obj
 .rodata.__func__.9
                0x0000000010008a70        0x9 CMakeFiles/AudioRecv.dir/home/samgriffen/raspberry-pi-pico/pico/pico-sdk/lib/tinyusb/src/device/usbd.c.obj
 *fill*         0x0000000010008a79        0x3 
 .rodata._usbd_driver
                0x0000000010008a7c       0x18 CMakeFiles/AudioRecv.dir/home/samgriffen/raspberry-pi-pico/pico/pico-sdk/lib/tinyusb/src/device/usbd.c.obj
 .rodata.tud_control_xfer.str1.4
                0x0000000010008a94       0x17 CMakeFiles/AudioRecv.dir/home/samgriffen/raspberry-pi-pico/pico/pico-sdk/lib/tinyusb/src/device/usbd_control.c.obj
 .rodata.__func__.0
                0x0000000010008a94       0x15 CMakeFiles/AudioRecv.dir/home/samgriffen/raspberry-pi-pico/pico/pico-sdk/lib/tinyusb/src/device/usbd_control.c.obj
 *fill*         0x0000000010008aa9        0x3 
 .rodata.__func__.1
                0x0000000010008aac       0x11 CMakeFiles/AudioRecv.dir/home/samgriffen/raspberry-pi-pico/pico/pico-sdk/lib/tinyusb/src/device/usbd_control.c.obj
 .rodata.tud_cdc_n_write_flush.str1.4
                0x0000000010008abd       0x17 CMakeFiles/AudioRecv.dir/home/samgriffen/raspberry-pi-pico/pico/pico-sdk/lib/tinyusb/src/class/cdc/cdc_device.c.obj
 *fill*         0x0000000010008abd        0x3 
 .rodata.__func__.0
                0x0000000010008ac0        0xd CMakeFiles/AudioRecv.dir/home/samgriffen/raspberry-pi-pico/pico/pico-sdk/lib/tinyusb/src/class/cdc/cdc_device.c.obj
 *fill*         0x0000000010008acd        0x3 
 .rodata.__func__.1