Archive member included to satisfy reference by file (symbol)

/usr/lib/gcc/arm-none-eabi/10.3.1/thumb/v6-m/nofp/libgcc.a(_dvmd_tls.o)
                              CMakeFiles/AudioTrans.dir/home/samgriffen/raspberry-pi-pico/pico/pico-sdk/src/rp2_common/pico_divider/divider.S.obj (__aeabi_idiv0)
/usr/lib/gcc/arm-none-eabi/10.3.1/../../../arm-none-eabi/lib/thumb/v6-m/nofp/libg.a(lib_a-atexit.o)
                              /usr/lib/gcc/arm-none-eabi/10.3.1/../../../arm-none-eabi/lib/thumb/v6-m/nofp/crt0.o (atexit)
/usr/lib/gcc/arm-none-eabi/10.3.1/../../../arm-none-eabi/lib/thumb/v6-m/nofp/libg.a(lib_a-calloc.o)
                              CMakeFiles/AudioTrans.dir/home/samgriffen/raspberry-pi-pico/pico/pico-sdk/src/rp2_common/pico_malloc/pico_malloc.c.obj (calloc)
/usr/lib/gcc/arm-none-eabi/10.3.1/../../../arm-none-eabi/lib/thumb/v6-m/nofp/libg.a(lib_a-callocr.o)
                              /usr/lib/gcc/arm-none-eabi/10.3.1/../../../arm-none-eabi/lib/thumb/v6-m/nofp/libg.a(lib_a-calloc.o) (_calloc_r)
/usr/lib/gcc/arm-none-eabi/10.3.1/../../../arm-none-eabi/lib/thumb/v6-m/nofp/libg.a(lib_a-fini.o)
                              /usr/lib/gcc/arm-none-eabi/10.3.1/../../../arm-none-eabi/lib/thumb/v6-m/nofp/crt0.o (__libc_fini_array)
/usr/lib/gcc/arm-none-eabi/10.3.1/../../../arm-none-eabi/lib/thumb/v6-m/nofp/libg.a(lib_a-impure.o)
                              /usr/lib/gcc/arm-none-eabi/10.3.1/../../../arm-none-eabi/lib/thumb/v6-m/nofp/libg.a(lib_a-calloc.o) (_impure_ptr)
/usr/lib/gcc/arm-none-eabi/10.3.1/../../../arm-none-eabi/lib/thumb/v6-m/nofp/libg.a(lib_a-init.o)
                              /usr/lib/gcc/arm-none-eabi/10.3.1/../../../arm-none-eabi/lib/thumb/v6-m/nofp/crt0.o (__libc_init_array)
/usr/lib/gcc/arm-none-eabi/10.3.1/../../../arm-none-eabi/lib/thumb/v6-m/nofp/libg.a(lib_a-malloc.o)
                              CMakeFiles/AudioTrans.dir/home/samgriffen/raspberry-pi-pico/pico/pico-sdk/src/rp2_common/pico_malloc/pico_malloc.c.obj (malloc)
/usr/lib/gcc/arm-none-eabi/10.3.1/../../../arm-none-eabi/lib/thumb/v6-m/nofp/libg.a(lib_a-mallocr.o)
                              /usr/lib/gcc/arm-none-eabi/10.3.1/../../../arm-none-eabi/lib/thumb/v6-m/nofp/libg.a(lib_a-callocr.o) (_malloc_r)
/usr/lib/gcc/arm-none-eabi/10.3.1/../../../arm-none-eabi/lib/thumb/v6-m/nofp/libg.a(lib_a-mlock.o)
                              /usr/lib/gcc/arm-none-eabi/10.3.1/../../../arm-none-eabi/lib/thumb/v6-m/nofp/libg.a(lib_a-mallocr.o) (__malloc_lock)
/usr/lib/gcc/arm-none-eabi/10.3.1/../../../arm-none-eabi/lib/thumb/v6-m/nofp/libg.a(lib_a-sbrkr.o)
                              /usr/lib/gcc/arm-none-eabi/10.3.1/../../../arm-none-eabi/lib/thumb/v6-m/nofp/libg.a(lib_a-mallocr.o) (_sbrk_r)
/usr/lib/gcc/arm-none-eabi/10.3.1/../../../arm-none-eabi/lib/thumb/v6-m/nofp/libg.a(lib_a-strlen-stub.o)
                              CMakeFiles/AudioTrans.dir/home/samgriffen/raspberry-pi-pico/pico/pico-sdk/src/rp2_common/pico_stdio/stdio.c.obj (strlen)
/usr/lib/gcc/arm-none-eabi/10.3.1/../../../arm-none-eabi/lib/thumb/v6-m/nofp/libg.a(lib_a-__atexit.o)
                              /usr/lib/gcc/arm-none-eabi/10.3.1/../../../arm-none-eabi/lib/thumb/v6-m/nofp/libg.a(lib_a-atexit.o) (__register_exitproc)
/usr/lib/gcc/arm-none-eabi/10.3.1/../../../arm-none-eabi/lib/thumb/v6-m/nofp/libg.a(lib_a-freer.o)
                              /usr/lib/gcc/arm-none-eabi/10.3.1/../../../arm-none-eabi/lib/thumb/v6-m/nofp/libg.a(lib_a-malloc.o) (_free_r)
/usr/lib/gcc/arm-none-eabi/10.3.1/../../../arm-none-eabi/lib/thumb/v6-m/nofp/libg.a(lib_a-reent.o)
                              /usr/lib/gcc/arm-none-eabi/10.3.1/../../../arm-none-eabi/lib/thumb/v6-m/nofp/libg.a(lib_a-sbrkr.o) (errno)

Discarded input sections

 .text          0x0000000000000000        0x0 /usr/lib/gcc/arm-none-eabi/10.3.1/thumb/v6-m/nofp/crti.o
 .data          0x0000000000000000        0x0 /usr/lib/gcc/arm-none-eabi/10.3.1/thumb/v6-m/nofp/crti.o
 .bss           0x0000000000000000        0x0 /usr/lib/gcc/arm-none-eabi/10.3.1/thumb/v6-m/nofp/crti.o
 .data          0x0000000000000000        0x4 /usr/lib/gcc/arm-none-eabi/10.3.1/thumb/v6-m/nofp/crtbegin.o
 .rodata        0x0000000000000000       0x24 /usr/lib/gcc/arm-none-eabi/10.3.1/thumb/v6-m/nofp/crtbegin.o
 .fini_array    0x0000000000000000        0x4 /usr/lib/gcc/arm-none-eabi/10.3.1/thumb/v6-m/nofp/crtbegin.o
 .text          0x0000000000000000       0x74 /usr/lib/gcc/arm-none-eabi/10.3.1/../../../arm-none-eabi/lib/thumb/v6-m/nofp/crt0.o
 .data          0x0000000000000000        0x0 /usr/lib/gcc/arm-none-eabi/10.3.1/../../../arm-none-eabi/lib/thumb/v6-m/nofp/crt0.o
 .bss           0x0000000000000000        0x0 /usr/lib/gcc/arm-none-eabi/10.3.1/../../../arm-none-eabi/lib/thumb/v6-m/nofp/crt0.o
 .ARM.extab     0x0000000000000000        0x0 /usr/lib/gcc/arm-none-eabi/10.3.1/../../../arm-none-eabi/lib/thumb/v6-m/nofp/crt0.o
[...]
Memory Configuration

Name             Origin             Length             Attributes
FLASH            0x0000000010000000 0x0000000000200000 xr
RAM              0x0000000020000000 0x0000000000040000 xrw
SCRATCH_X        0x0000000020040000 0x0000000000001000 xrw
SCRATCH_Y        0x0000000020041000 0x0000000000001000 xrw
*default*        0x0000000000000000 0xffffffffffffffff

Linker script and memory map

LOAD /usr/lib/gcc/arm-none-eabi/10.3.1/thumb/v6-m/nofp/crti.o
LOAD /usr/lib/gcc/arm-none-eabi/10.3.1/thumb/v6-m/nofp/crtbegin.o
LOAD /usr/lib/gcc/arm-none-eabi/10.3.1/../../../arm-none-eabi/lib/thumb/v6-m/nofp/crt0.o

.flash_begin    0x0000000010000000        0x0
                0x0000000010000000                __flash_binary_start = .

.boot2          0x0000000010000000      0x100
                0x0000000010000000                __boot2_start__ = .
 *(.boot2)
 .boot2         0x0000000010000000      0x100 /tmp/ccAhVlzF.o
                0x0000000010000100                __boot2_end__ = .
                0x0000000000000001                ASSERT (((__boot2_end__ - __boot2_start__) == 0x100), ERROR: Pico second stage bootloader must be 256 bytes in size)

.text           0x0000000010000100     0x4710
                0x0000000010000100                __logical_binary_start = .
 *(.vectors)
 .vectors       0x0000000010000100       0xd4 CMakeFiles/AudioTrans.dir/home/samgriffen/raspberry-pi-pico/pico/pico-sdk/src/rp2_common/pico_standard_link/crt0.S.obj
                0x0000000010000100                __vectors
                0x0000000010000100                __VECTOR_TABLE
                0x00000000100001c0                isr_invalid
                0x00000000100001c0                __default_isrs_start
                0x00000000100001c2                isr_nmi
                0x00000000100001c4                isr_hardfault
                0x00000000100001c6                isr_svcall
                0x00000000100001c8                isr_pendsv
                0x00000000100001ca                isr_systick
                0x00000000100001cc                isr_irq30
                0x00000000100001cc                __unhandled_user_irq
                0x00000000100001cc                isr_irq13
                0x00000000100001cc                isr_irq27
                0x00000000100001cc                isr_irq31
                0x00000000100001cc                isr_irq5
                0x00000000100001cc                isr_irq11
                0x00000000100001cc                isr_irq23
                0x00000000100001cc                isr_irq18
                0x00000000100001cc                isr_irq28
                0x00000000100001cc                isr_irq19
                0x00000000100001cc                isr_irq0
                0x00000000100001cc                isr_irq6
                0x00000000100001cc                isr_irq22
                0x00000000100001cc                isr_irq17
                0x00000000100001cc                isr_irq14
                0x00000000100001cc                isr_irq2
                0x00000000100001cc                isr_irq10
                0x00000000100001cc                isr_irq8
                0x00000000100001cc                isr_irq24
                0x00000000100001cc                isr_irq1
                0x00000000100001cc                isr_irq7
                0x00000000100001cc                isr_irq21
                0x00000000100001cc                isr_irq20
                0x00000000100001cc                isr_irq15
                0x00000000100001cc                isr_irq25
                0x00000000100001cc                isr_irq4
                0x00000000100001cc                isr_irq16
                0x00000000100001cc                isr_irq29
                0x00000000100001cc                isr_irq26
                0x00000000100001cc                __default_isrs_end
                0x00000000100001cc                isr_irq3
                0x00000000100001cc                isr_irq12
                0x00000000100001cc                isr_irq9
                0x00000000100001d2                unhandled_user_irq_num_in_r0
 *(.binary_info_header)
 .binary_info_header
                0x00000000100001d4       0x14 CMakeFiles/AudioTrans.dir/home/samgriffen/raspberry-pi-pico/pico/pico-sdk/src/rp2_common/pico_standard_link/crt0.S.obj
                0x00000000100001e8                __binary_info_header_end = .
 *(.reset)
 .reset         0x00000000100001e8       0xa8 CMakeFiles/AudioTrans.dir/home/samgriffen/raspberry-pi-pico/pico/pico-sdk/src/rp2_common/pico_standard_link/crt0.S.obj
                0x00000000100001e8                _entry_point
                0x0000000010000266                __get_current_exception
 .reset         0x0000000010000290       0x30 CMakeFiles/AudioTrans.dir/home/samgriffen/raspberry-pi-pico/pico/pico-sdk/src/rp2_common/pico_standard_link/binary_info.c.obj
 *(.init)
 .init          0x00000000100002c0        0x4 /usr/lib/gcc/arm-none-eabi/10.3.1/thumb/v6-m/nofp/crti.o
                0x00000000100002c0                _init
 *(EXCLUDE_FILE(*libm.a: *libc.a:*lib_a-mem*.o *libgcc.a:) .text*)
 .text          0x00000000100002c4       0x98 /usr/lib/gcc/arm-none-eabi/10.3.1/thumb/v6-m/nofp/crtbegin.o
 .text.main     0x000000001000035c       0xc8 CMakeFiles/AudioTrans.dir/AudioTrans.cpp.obj
                0x000000001000035c                main
 .text._ZN5NRF24C2EP8spi_insttt
                0x0000000010000424       0x60 CMakeFiles/AudioTrans.dir/NRF24.cpp.obj
                0x0000000010000424                NRF24::NRF24(spi_inst*, unsigned short, unsigned short)
                0x0000000010000424                NRF24::NRF24(spi_inst*, unsigned short, unsigned short)
 .text._ZN5NRF248read_regEh
                0x0000000010000484       0x54 CMakeFiles/AudioTrans.dir/NRF24.cpp.obj
                0x0000000010000484                NRF24::read_reg(unsigned char)
 .text._ZN5NRF249write_regEhPhh
                0x00000000100004d8       0x5c CMakeFiles/AudioTrans.dir/NRF24.cpp.obj
                0x00000000100004d8                NRF24::write_reg(unsigned char, unsigned char*, unsigned char)
 .text._ZN5NRF249write_regEhh
                0x0000000010000534       0x16 CMakeFiles/AudioTrans.dir/NRF24.cpp.obj
                0x0000000010000534                NRF24::write_reg(unsigned char, unsigned char)
 *fill*         0x000000001000054a        0x2 
 .text._ZN5NRF246configEv
                0x000000001000054c       0x74 CMakeFiles/AudioTrans.dir/NRF24.cpp.obj
                0x000000001000054c                NRF24::config()
 .text._ZN5NRF247tx_modeEv
                0x00000000100005c0       0x2c CMakeFiles/AudioTrans.dir/NRF24.cpp.obj
                0x00000000100005c0                NRF24::tx_mode()
 .text._ZN5NRF2412send_messageEPhh
                0x00000000100005ec       0x5e CMakeFiles/AudioTrans.dir/NRF24.cpp.obj
                0x00000000100005ec                NRF24::send_message(unsigned char*, unsigned char)
 *fill*         0x000000001000064a        0x2 
 .text.gpio_set_function
                0x000000001000064c       0x30 CMakeFiles/AudioTrans.dir/home/samgriffen/raspberry-pi-pico/pico/pico-sdk/src/rp2_common/hardware_gpio/gpio.c.obj
                0x000000001000064c                gpio_set_function
 .text.gpio_set_pulls
                0x000000001000067c       0x34 CMakeFiles/AudioTrans.dir/home/samgriffen/raspberry-pi-pico/pico/pico-sdk/src/rp2_common/hardware_gpio/gpio.c.obj
                0x000000001000067c                gpio_set_pulls
 .text.gpio_set_input_enabled
                0x00000000100006b0       0x30 CMakeFiles/AudioTrans.dir/home/samgriffen/raspberry-pi-pico/pico/pico-sdk/src/rp2_common/hardware_gpio/gpio.c.obj
                0x00000000100006b0                gpio_set_input_enabled
 .text.gpio_init
                0x00000000100006e0       0x16 CMakeFiles/AudioTrans.dir/home/samgriffen/raspberry-pi-pico/pico/pico-sdk/src/rp2_common/hardware_gpio/gpio.c.obj
                0x00000000100006e0                gpio_init
 *fill*         0x00000000100006f6        0x2 
 .text.hw_claim_lock
                0x00000000100006f8       0x18 CMakeFiles/AudioTrans.dir/home/samgriffen/raspberry-pi-pico/pico/pico-sdk/src/rp2_common/hardware_claim/claim.c.obj
                0x00000000100006f8                hw_claim_lock
 .text.hw_claim_unlock
                0x0000000010000710       0x14 CMakeFiles/AudioTrans.dir/home/samgriffen/raspberry-pi-pico/pico/pico-sdk/src/rp2_common/hardware_claim/claim.c.obj
                0x0000000010000710                hw_claim_unlock
 .text.hw_claim_or_assert
                0x0000000010000724       0x32 CMakeFiles/AudioTrans.dir/home/samgriffen/raspberry-pi-pico/pico/pico-sdk/src/rp2_common/hardware_claim/claim.c.obj
                0x0000000010000724                hw_claim_or_assert
 *fill*         0x0000000010000756        0x2 
 .text.running_on_fpga
                0x0000000010000758       0x14 CMakeFiles/AudioTrans.dir/home/samgriffen/raspberry-pi-pico/pico/pico-sdk/src/rp2_common/pico_platform/platform.c.obj
                0x0000000010000758                running_on_fpga
 .text.spin_locks_reset
                0x000000001000076c       0x20 CMakeFiles/AudioTrans.dir/home/samgriffen/raspberry-pi-pico/pico/pico-sdk/src/rp2_common/hardware_sync/sync.c.obj
                0x000000001000076c                spin_locks_reset
 .text.next_striped_spin_lock_num
                0x000000001000078c       0x1c CMakeFiles/AudioTrans.dir/home/samgriffen/raspberry-pi-pico/pico/pico-sdk/src/rp2_common/hardware_sync/sync.c.obj
                0x000000001000078c                next_striped_spin_lock_num
 .text.uart_set_baudrate
                0x00000000100007a8       0x5c CMakeFiles/AudioTrans.dir/home/samgriffen/raspberry-pi-pico/pico/pico-sdk/src/rp2_common/hardware_uart/uart.c.obj
                0x00000000100007a8                uart_set_baudrate
 .text.uart_set_translate_crlf
                0x0000000010000804       0x28 CMakeFiles/AudioTrans.dir/home/samgriffen/raspberry-pi-pico/pico/pico-sdk/src/rp2_common/hardware_uart/uart.c.obj
                0x0000000010000804                uart_set_translate_crlf
 .text.uart_init
                0x000000001000082c       0x80 CMakeFiles/AudioTrans.dir/home/samgriffen/raspberry-pi-pico/pico/pico-sdk/src/rp2_common/hardware_uart/uart.c.obj
                0x000000001000082c                uart_init
 .text.alarm_pool_post_alloc_init
                0x00000000100008ac       0x40 CMakeFiles/AudioTrans.dir/home/samgriffen/raspberry-pi-pico/pico/pico-sdk/src/common/pico_time/time.c.obj
 .text.sleep_until_callback
                0x00000000100008ec       0x30 CMakeFiles/AudioTrans.dir/home/samgriffen/raspberry-pi-pico/pico/pico-sdk/src/common/pico_time/time.c.obj
 .text.timer_pool_entry_comparator
                0x000000001000091c       0x7c CMakeFiles/AudioTrans.dir/home/samgriffen/raspberry-pi-pico/pico/pico-sdk/src/common/pico_time/time.c.obj
                0x000000001000091c                timer_pool_entry_comparator
 .text.ph_add_child_node
                0x0000000010000998       0xa4 CMakeFiles/AudioTrans.dir/home/samgriffen/raspberry-pi-pico/pico/pico-sdk/src/common/pico_time/time.c.obj
 .text.ph_merge_nodes
                0x0000000010000a3c       0x3e CMakeFiles/AudioTrans.dir/home/samgriffen/raspberry-pi-pico/pico/pico-sdk/src/common/pico_time/time.c.obj
 *fill*         0x0000000010000a7a        0x2 
 .text.add_alarm_under_lock
                0x0000000010000a7c      0x174 CMakeFiles/AudioTrans.dir/home/samgriffen/raspberry-pi-pico/pico/pico-sdk/src/common/pico_time/time.c.obj
 .text.alarm_pool_alarm_callback
                0x0000000010000bf0      0x328 CMakeFiles/AudioTrans.dir/home/samgriffen/raspberry-pi-pico/pico/pico-sdk/src/common/pico_time/time.c.obj
 .text.alarm_pool_init_default
                0x0000000010000f18       0x38 CMakeFiles/AudioTrans.dir/home/samgriffen/raspberry-pi-pico/pico/pico-sdk/src/common/pico_time/time.c.obj
                0x0000000010000f18                alarm_pool_init_default
 .text.alarm_pool_get_default
                0x0000000010000f50       0x2c CMakeFiles/AudioTrans.dir/home/samgriffen/raspberry-pi-pico/pico/pico-sdk/src/common/pico_time/time.c.obj
                0x0000000010000f50                alarm_pool_get_default
 .text.alarm_pool_add_alarm_at
                0x0000000010000f7c      0x170 CMakeFiles/AudioTrans.dir/home/samgriffen/raspberry-pi-pico/pico/pico-sdk/src/common/pico_time/time.c.obj
                0x0000000010000f7c                alarm_pool_add_alarm_at
 .text.sleep_until
                0x00000000100010ec       0xfc CMakeFiles/AudioTrans.dir/home/samgriffen/raspberry-pi-pico/pico/pico-sdk/src/common/pico_time/time.c.obj
                0x00000000100010ec                sleep_until
 .text.sleep_us
                0x00000000100011e8       0x58 CMakeFiles/AudioTrans.dir/home/samgriffen/raspberry-pi-pico/pico/pico-sdk/src/common/pico_time/time.c.obj
                0x00000000100011e8                sleep_us
 .text.sleep_ms
                0x0000000010001240       0x14 CMakeFiles/AudioTrans.dir/home/samgriffen/raspberry-pi-pico/pico/pico-sdk/src/common/pico_time/time.c.obj
                0x0000000010001240                sleep_ms
 .text.hardware_alarm_irq_handler
                0x0000000010001254       0x8c CMakeFiles/AudioTrans.dir/home/samgriffen/raspberry-pi-pico/pico/pico-sdk/src/rp2_common/hardware_timer/timer.c.obj
 .text.hardware_alarm_claim
                0x00000000100012e0       0x18 CMakeFiles/AudioTrans.dir/home/samgriffen/raspberry-pi-pico/pico/pico-sdk/src/rp2_common/hardware_timer/timer.c.obj
                0x00000000100012e0                hardware_alarm_claim
 .text.time_us_64
                0x00000000100012f8       0x18 CMakeFiles/AudioTrans.dir/home/samgriffen/raspberry-pi-pico/pico/pico-sdk/src/rp2_common/hardware_timer/timer.c.obj
                0x00000000100012f8                time_us_64
 .text.busy_wait_until
                0x0000000010001310       0x28 CMakeFiles/AudioTrans.dir/home/samgriffen/raspberry-pi-pico/pico/pico-sdk/src/rp2_common/hardware_timer/timer.c.obj
                0x0000000010001310                busy_wait_until
 .text.hardware_alarm_set_callback
                0x0000000010001338       0x90 CMakeFiles/AudioTrans.dir/home/samgriffen/raspberry-pi-pico/pico/pico-sdk/src/rp2_common/hardware_timer/timer.c.obj
                0x0000000010001338                hardware_alarm_set_callback
 .text.hardware_alarm_set_target
                0x00000000100013c8       0xe8 CMakeFiles/AudioTrans.dir/home/samgriffen/raspberry-pi-pico/pico/pico-sdk/src/rp2_common/hardware_timer/timer.c.obj
                0x00000000100013c8                hardware_alarm_set_target
 .text.hardware_alarm_cancel
                0x00000000100014b0       0x40 CMakeFiles/AudioTrans.dir/home/samgriffen/raspberry-pi-pico/pico/pico-sdk/src/rp2_common/hardware_timer/timer.c.obj
                0x00000000100014b0                hardware_alarm_cancel
 .text.lock_init
                0x00000000100014f0       0x10 CMakeFiles/AudioTrans.dir/home/samgriffen/raspberry-pi-pico/pico/pico-sdk/src/common/pico_sync/lock_core.c.obj
                0x00000000100014f0                lock_init
 .text.mutex_init
                0x0000000010001500       0x1a CMakeFiles/AudioTrans.dir/home/samgriffen/raspberry-pi-pico/pico/pico-sdk/src/common/pico_sync/mutex.c.obj
                0x0000000010001500                mutex_init
 .text.recursive_mutex_init
                0x000000001000151a       0x1e CMakeFiles/AudioTrans.dir/home/samgriffen/raspberry-pi-pico/pico/pico-sdk/src/common/pico_sync/mutex.c.obj
                0x000000001000151a                recursive_mutex_init
 .text.ph_add_child_node
                0x0000000010001538       0xa4 CMakeFiles/AudioTrans.dir/home/samgriffen/raspberry-pi-pico/pico/pico-sdk/src/common/pico_util/pheap.c.obj
 .text.ph_merge_nodes
                0x00000000100015dc       0x3e CMakeFiles/AudioTrans.dir/home/samgriffen/raspberry-pi-pico/pico/pico-sdk/src/common/pico_util/pheap.c.obj
 *fill*         0x000000001000161a        0x2 
 .text.ph_clear
                0x000000001000161c       0x70 CMakeFiles/AudioTrans.dir/home/samgriffen/raspberry-pi-pico/pico/pico-sdk/src/common/pico_util/pheap.c.obj
                0x000000001000161c                ph_clear
 .text.ph_post_alloc_init
                0x000000001000168c        0xe CMakeFiles/AudioTrans.dir/home/samgriffen/raspberry-pi-pico/pico/pico-sdk/src/common/pico_util/pheap.c.obj
                0x000000001000168c                ph_post_alloc_init
 *fill*         0x000000001000169a        0x2 
 .text.ph_merge_two_pass
                0x000000001000169c       0xa8 CMakeFiles/AudioTrans.dir/home/samgriffen/raspberry-pi-pico/pico/pico-sdk/src/common/pico_util/pheap.c.obj
                0x000000001000169c                ph_merge_two_pass
 .text.ph_remove_any_head
                0x0000000010001744      0x108 CMakeFiles/AudioTrans.dir/home/samgriffen/raspberry-pi-pico/pico/pico-sdk/src/common/pico_util/pheap.c.obj
 .text.ph_remove_head
                0x000000001000184c       0x14 CMakeFiles/AudioTrans.dir/home/samgriffen/raspberry-pi-pico/pico/pico-sdk/src/common/pico_util/pheap.c.obj
                0x000000001000184c                ph_remove_head
 .text.ph_remove_and_free_node
                0x0000000010001860       0xf8 CMakeFiles/AudioTrans.dir/home/samgriffen/raspberry-pi-pico/pico/pico-sdk/src/common/pico_util/pheap.c.obj
                0x0000000010001860                ph_remove_and_free_node
 .text._exit    0x0000000010001958        0x4 CMakeFiles/AudioTrans.dir/home/samgriffen/raspberry-pi-pico/pico/pico-sdk/src/rp2_common/pico_runtime/runtime.c.obj
                0x0000000010001958                _exit
 .text.exit     0x000000001000195c        0x6 CMakeFiles/AudioTrans.dir/home/samgriffen/raspberry-pi-pico/pico/pico-sdk/src/rp2_common/pico_runtime/runtime.c.obj
                0x000000001000195c                exit
 *fill*         0x0000000010001962        0x2 
 .text.__assert_func
                0x0000000010001964       0x3c CMakeFiles/AudioTrans.dir/home/samgriffen/raspberry-pi-pico/pico/pico-sdk/src/rp2_common/pico_runtime/runtime.c.obj
                0x0000000010001964                __assert_func
 .text.runtime_init
                0x00000000100019a0       0xf8 CMakeFiles/AudioTrans.dir/home/samgriffen/raspberry-pi-pico/pico/pico-sdk/src/rp2_common/pico_runtime/runtime.c.obj
                0x00000000100019a0                runtime_init
 .text.panic    0x0000000010001a98       0x30 CMakeFiles/AudioTrans.dir/home/samgriffen/raspberry-pi-pico/pico/pico-sdk/src/rp2_common/pico_runtime/runtime.c.obj
                0x0000000010001a98                panic
 .text.clock_configure
                0x0000000010001ac8      0x104 CMakeFiles/AudioTrans.dir/home/samgriffen/raspberry-pi-pico/pico/pico-sdk/src/rp2_common/hardware_clocks/clocks.c.obj
                0x0000000010001ac8                clock_configure
 .text.clocks_init
                0x0000000010001bcc      0x100 CMakeFiles/AudioTrans.dir/home/samgriffen/raspberry-pi-pico/pico/pico-sdk/src/rp2_common/hardware_clocks/clocks.c.obj
                0x0000000010001bcc                clocks_init
 .text.clock_get_hz
                0x0000000010001ccc        0xc CMakeFiles/AudioTrans.dir/home/samgriffen/raspberry-pi-pico/pico/pico-sdk/src/rp2_common/hardware_clocks/clocks.c.obj
                0x0000000010001ccc                clock_get_hz
 .text.set_raw_irq_handler_and_unlock
                0x0000000010001cd8       0x28 CMakeFiles/AudioTrans.dir/home/samgriffen/raspberry-pi-pico/pico/pico-sdk/src/rp2_common/hardware_irq/irq.c.obj
 .text.make_branch
                0x0000000010001d00       0x34 CMakeFiles/AudioTrans.dir/home/samgriffen/raspberry-pi-pico/pico/pico-sdk/src/rp2_common/hardware_irq/irq.c.obj
 .text.insert_branch_and_link
                0x0000000010001d34       0x40 CMakeFiles/AudioTrans.dir/home/samgriffen/raspberry-pi-pico/pico/pico-sdk/src/rp2_common/hardware_irq/irq.c.obj
 .text.irq_is_enabled
                0x0000000010001d74       0x18 CMakeFiles/AudioTrans.dir/home/samgriffen/raspberry-pi-pico/pico/pico-sdk/src/rp2_common/hardware_irq/irq.c.obj
                0x0000000010001d74                irq_is_enabled
 .text.irq_set_mask_enabled
                0x0000000010001d8c       0x20 CMakeFiles/AudioTrans.dir/home/samgriffen/raspberry-pi-pico/pico/pico-sdk/src/rp2_common/hardware_irq/irq.c.obj
                0x0000000010001d8c                irq_set_mask_enabled
 .text.irq_set_enabled
                0x0000000010001dac        0xe CMakeFiles/AudioTrans.dir/home/samgriffen/raspberry-pi-pico/pico/pico-sdk/src/rp2_common/hardware_irq/irq.c.obj
                0x0000000010001dac                irq_set_enabled
 *fill*         0x0000000010001dba        0x2 
 .text.irq_get_vtable_handler
                0x0000000010001dbc       0x10 CMakeFiles/AudioTrans.dir/home/samgriffen/raspberry-pi-pico/pico/pico-sdk/src/rp2_common/hardware_irq/irq.c.obj
                0x0000000010001dbc                irq_get_vtable_handler
 .text.irq_set_exclusive_handler
                0x0000000010001dcc       0x54 CMakeFiles/AudioTrans.dir/home/samgriffen/raspberry-pi-pico/pico/pico-sdk/src/rp2_common/hardware_irq/irq.c.obj
                0x0000000010001dcc                irq_set_exclusive_handler
 .text.irq_remove_handler
                0x0000000010001e20      0x1ac CMakeFiles/AudioTrans.dir/home/samgriffen/raspberry-pi-pico/pico/pico-sdk/src/rp2_common/hardware_irq/irq.c.obj
                0x0000000010001e20                irq_remove_handler
 .text.irq_add_tail_to_free_list
                0x0000000010001fcc       0xf0 CMakeFiles/AudioTrans.dir/home/samgriffen/raspberry-pi-pico/pico/pico-sdk/src/rp2_common/hardware_irq/irq.c.obj
                0x0000000010001fcc                irq_add_tail_to_free_list
 .text.irq_init_priorities
                0x00000000100020bc       0x1c CMakeFiles/AudioTrans.dir/home/samgriffen/raspberry-pi-pico/pico/pico-sdk/src/rp2_common/hardware_irq/irq.c.obj
                0x00000000100020bc                irq_init_priorities
 .text.pll_init
                0x00000000100020d8      0x118 CMakeFiles/AudioTrans.dir/home/samgriffen/raspberry-pi-pico/pico/pico-sdk/src/rp2_common/hardware_pll/pll.c.obj
                0x00000000100020d8                pll_init
 .text.watchdog_start_tick
                0x00000000100021f0       0x10 CMakeFiles/AudioTrans.dir/home/samgriffen/raspberry-pi-pico/pico/pico-sdk/src/rp2_common/hardware_watchdog/watchdog.c.obj
                0x00000000100021f0                watchdog_start_tick
 .text.xosc_init
                0x0000000010002200       0x28 CMakeFiles/AudioTrans.dir/home/samgriffen/raspberry-pi-pico/pico/pico-sdk/src/rp2_common/hardware_xosc/xosc.c.obj
                0x0000000010002200                xosc_init
 .text._out_null
                0x0000000010002228        0x2 CMakeFiles/AudioTrans.dir/home/samgriffen/raspberry-pi-pico/pico/pico-sdk/src/rp2_common/pico_printf/printf.c.obj
 .text._out_fct
                0x000000001000222a        0xe CMakeFiles/AudioTrans.dir/home/samgriffen/raspberry-pi-pico/pico/pico-sdk/src/rp2_common/pico_printf/printf.c.obj
 .text._atoi    0x0000000010002238       0x24 CMakeFiles/AudioTrans.dir/home/samgriffen/raspberry-pi-pico/pico/pico-sdk/src/rp2_common/pico_printf/printf.c.obj
 .text._out_rev
                0x000000001000225c       0xae CMakeFiles/AudioTrans.dir/home/samgriffen/raspberry-pi-pico/pico/pico-sdk/src/rp2_common/pico_printf/printf.c.obj
 .text._ntoa_format
                0x000000001000230a      0x112 CMakeFiles/AudioTrans.dir/home/samgriffen/raspberry-pi-pico/pico/pico-sdk/src/rp2_common/pico_printf/printf.c.obj
 .text._ntoa_long
                0x000000001000241c       0xbc CMakeFiles/AudioTrans.dir/home/samgriffen/raspberry-pi-pico/pico/pico-sdk/src/rp2_common/pico_printf/printf.c.obj
 .text._ntoa_long_long
                0x00000000100024d8       0xe2 CMakeFiles/AudioTrans.dir/home/samgriffen/raspberry-pi-pico/pico/pico-sdk/src/rp2_common/pico_printf/printf.c.obj
 *fill*         0x00000000100025ba        0x2 
 .text._etoa    0x00000000100025bc      0x414 CMakeFiles/AudioTrans.dir/home/samgriffen/raspberry-pi-pico/pico/pico-sdk/src/rp2_common/pico_printf/printf.c.obj
 .text._ftoa    0x00000000100029d0      0x354 CMakeFiles/AudioTrans.dir/home/samgriffen/raspberry-pi-pico/pico/pico-sdk/src/rp2_common/pico_printf/printf.c.obj
 .text._vsnprintf
                0x0000000010002d24      0x624 CMakeFiles/AudioTrans.dir/home/samgriffen/raspberry-pi-pico/pico/pico-sdk/src/rp2_common/pico_printf/printf.c.obj
 .text.vfctprintf
                0x0000000010003348       0x20 CMakeFiles/AudioTrans.dir/home/samgriffen/raspberry-pi-pico/pico/pico-sdk/src/rp2_common/pico_printf/printf.c.obj
                0x0000000010003348                vfctprintf
 .text          0x0000000010003368       0x10 CMakeFiles/AudioTrans.dir/home/samgriffen/raspberry-pi-pico/pico/pico-sdk/src/rp2_common/pico_bit_ops/bit_ops_aeabi.S.obj
 .text.rom_func_lookup
                0x0000000010003378       0x10 CMakeFiles/AudioTrans.dir/home/samgriffen/raspberry-pi-pico/pico/pico-sdk/src/rp2_common/pico_bootrom/bootrom.c.obj
                0x0000000010003378                rom_func_lookup
 .text.rom_data_lookup
                0x0000000010003388       0x10 CMakeFiles/AudioTrans.dir/home/samgriffen/raspberry-pi-pico/pico/pico-sdk/src/rp2_common/pico_bootrom/bootrom.c.obj
                0x0000000010003388                rom_data_lookup
 .text.rom_funcs_lookup
                0x0000000010003398       0x36 CMakeFiles/AudioTrans.dir/home/samgriffen/raspberry-pi-pico/pico/pico-sdk/src/rp2_common/pico_bootrom/bootrom.c.obj
                0x0000000010003398                rom_funcs_lookup
 *fill*         0x00000000100033ce        0x2 
 .text.__wrap___aeabi_idiv
                0x00000000100033d0       0x50 CMakeFiles/AudioTrans.dir/home/samgriffen/raspberry-pi-pico/pico/pico-sdk/src/rp2_common/pico_divider/divider.S.obj
                0x00000000100033d0                __wrap___aeabi_idivmod
                0x00000000100033d0                divmod_s32s32
                0x00000000100033d0                div_s32s32
                0x00000000100033d0                __wrap___aeabi_idiv
                0x00000000100033d8                divmod_s32s32_unsafe
                0x0000000010003404                divmod_s32s32_savestate
 .text.__wrap___aeabi_uidiv
                0x0000000010003420       0x4c CMakeFiles/AudioTrans.dir/home/samgriffen/raspberry-pi-pico/pico/pico-sdk/src/rp2_common/pico_divider/divider.S.obj
                0x0000000010003420                __wrap___aeabi_uidiv
                0x0000000010003420                __wrap___aeabi_uidivmod
                0x0000000010003420                div_u32u32
                0x0000000010003420                divmod_u32u32
                0x0000000010003428                divmod_u32u32_unsafe
                0x0000000010003450                divmod_u32u32_savestate
 .text.__wrap___aeabi_ldiv
                0x000000001000346c      0x434 CMakeFiles/AudioTrans.dir/home/samgriffen/raspberry-pi-pico/pico/pico-sdk/src/rp2_common/pico_divider/divider.S.obj
                0x000000001000346c                div_s64s64
                0x000000001000346c                divmod_s64s64
                0x000000001000346c                __wrap___aeabi_ldivmod
                0x00000000100034a4                div_u64u64
                0x00000000100034a4                divmod_u64u64
                0x00000000100034a4                __wrap___aeabi_uldivmod
                0x00000000100034b4                divmod_u64u64_savestate
                0x00000000100034dc                divmod_s64s64_unsafe
                0x0000000010003564                divmod_u64u64_unsafe
 .text.__wrap___aeabi_darithmetic
                0x00000000100038a0       0x80 CMakeFiles/AudioTrans.dir/home/samgriffen/raspberry-pi-pico/pico/pico-sdk/src/rp2_common/pico_double/double_aeabi.S.obj
                0x00000000100038a0                __wrap___aeabi_drsub
                0x00000000100038a6                __wrap___aeabi_dsub
                0x00000000100038b8                __wrap___aeabi_dadd
                0x00000000100038ca                __wrap___aeabi_ddiv
                0x0000000010003906                __wrap___aeabi_dmul
 .text.__wrap___aeabi_cdcmple
                0x0000000010003920       0x6c CMakeFiles/AudioTrans.dir/home/samgriffen/raspberry-pi-pico/pico/pico-sdk/src/rp2_common/pico_double/double_aeabi.S.obj
                0x0000000010003920                __wrap___aeabi_cdrcmple
                0x0000000010003930                __wrap___aeabi_cdcmple
                0x0000000010003930                __wrap___aeabi_cdcmpeq
 .text.__wrap___aeabi_dcmplt
                0x000000001000398c        0xc CMakeFiles/AudioTrans.dir/home/samgriffen/raspberry-pi-pico/pico/pico-sdk/src/rp2_common/pico_double/double_aeabi.S.obj
                0x000000001000398c                __wrap___aeabi_dcmplt
 .text.__wrap___aeabi_dcmple
                0x0000000010003998       0x10 CMakeFiles/AudioTrans.dir/home/samgriffen/raspberry-pi-pico/pico/pico-sdk/src/rp2_common/pico_double/double_aeabi.S.obj
                0x0000000010003998                __wrap___aeabi_dcmple
 .text.__wrap___aeabi_dcmpge
                0x00000000100039a8       0x10 CMakeFiles/AudioTrans.dir/home/samgriffen/raspberry-pi-pico/pico/pico-sdk/src/rp2_common/pico_double/double_aeabi.S.obj
                0x00000000100039a8                __wrap___aeabi_dcmpge
 .text.__wrap___aeabi_dcmpgt
                0x00000000100039b8        0xa CMakeFiles/AudioTrans.dir/home/samgriffen/raspberry-pi-pico/pico/pico-sdk/src/rp2_common/pico_double/double_aeabi.S.obj
                0x00000000100039b8                __wrap___aeabi_dcmpgt
 .text.__wrap___aeabi_dcmpun
                0x00000000100039c2       0x1c CMakeFiles/AudioTrans.dir/home/samgriffen/raspberry-pi-pico/pico/pico-sdk/src/rp2_common/pico_double/double_aeabi.S.obj
                0x00000000100039c2                __wrap___aeabi_dcmpun
 *fill*         0x00000000100039de        0x2 
 .text.__wrap___aeabi_i2d
                0x00000000100039e0       0x38 CMakeFiles/AudioTrans.dir/home/samgriffen/raspberry-pi-pico/pico/pico-sdk/src/rp2_common/pico_double/double_aeabi.S.obj
                0x00000000100039e0                __wrap___aeabi_ui2d
                0x00000000100039e8                __wrap___aeabi_i2d
 .text.__wrap___aeabi_d2iz
                0x0000000010003a18       0x48 CMakeFiles/AudioTrans.dir/home/samgriffen/raspberry-pi-pico/pico/pico-sdk/src/rp2_common/pico_double/double_aeabi.S.obj
                0x0000000010003a18                __wrap___aeabi_d2iz
                0x0000000010003a18                double2int_z
 .text.__wrap___aeabi_d2uiz
                0x0000000010003a60       0x18 CMakeFiles/AudioTrans.dir/home/samgriffen/raspberry-pi-pico/pico/pico-sdk/src/rp2_common/pico_double/double_aeabi.S.obj
                0x0000000010003a60                double2uint
                0x0000000010003a60                __wrap___aeabi_d2uiz
 .text.__aeabi_double_init
                0x0000000010003a78       0xc8 CMakeFiles/AudioTrans.dir/home/samgriffen/raspberry-pi-pico/pico/pico-sdk/src/rp2_common/pico_double/double_init_rom.c.obj
                0x0000000010003a78                __aeabi_double_init
 .text.double_table_shim_on_use_helper
                0x0000000010003b40       0x34 CMakeFiles/AudioTrans.dir/home/samgriffen/raspberry-pi-pico/pico/pico-sdk/src/rp2_common/pico_double/double_v1_rom_shim.S.obj
                0x0000000010003b40                double_table_shim_on_use_helper
 .text.__wrap___aeabi_dsub
                0x0000000010003b74       0x10 CMakeFiles/AudioTrans.dir/home/samgriffen/raspberry-pi-pico/pico/pico-sdk/src/rp2_common/pico_double/double_v1_rom_shim.S.obj
                0x0000000010003b74                drsub_shim
                0x0000000010003b7a                dsub_shim
 .text.dadd_shim
                0x0000000010003b84      0x15c CMakeFiles/AudioTrans.dir/home/samgriffen/raspberry-pi-pico/pico/pico-sdk/src/rp2_common/pico_double/double_v1_rom_shim.S.obj
                0x0000000010003b84                dadd_shim
 .text.dmul_shim
                0x0000000010003ce0      0x15c CMakeFiles/AudioTrans.dir/home/samgriffen/raspberry-pi-pico/pico/pico-sdk/src/rp2_common/pico_double/double_v1_rom_shim.S.obj
                0x0000000010003ce0                dmul_shim
 .text.ddiv_shim
                0x0000000010003e3c      0x1b0 CMakeFiles/AudioTrans.dir/home/samgriffen/raspberry-pi-pico/pico/pico-sdk/src/rp2_common/pico_double/double_v1_rom_shim.S.obj
                0x0000000010003e3c                ddiv_shim
 .text.double2uint_shim
                0x0000000010003fec        0xe CMakeFiles/AudioTrans.dir/home/samgriffen/raspberry-pi-pico/pico/pico-sdk/src/rp2_common/pico_double/double_v1_rom_shim.S.obj
                0x0000000010003fec                double2uint_shim
                0x0000000010003fee                double2ufix_shim
 *fill*         0x0000000010003ffa        0x2 
 .text.double2uint64_shim
                0x0000000010003ffc       0x70 CMakeFiles/AudioTrans.dir/home/samgriffen/raspberry-pi-pico/pico/pico-sdk/src/rp2_common/pico_double/double_v1_rom_shim.S.obj
                0x0000000010003ffc                double2uint64_shim
                0x0000000010003ffe                double2ufix64_shim
                0x000000001000401e                d2fix_a
 .text.dunpacks
                0x000000001000406c       0x3c CMakeFiles/AudioTrans.dir/home/samgriffen/raspberry-pi-pico/pico/pico-sdk/src/rp2_common/pico_double/double_v1_rom_shim.S.obj
                0x000000001000406c                dunpacks
 .text.__aeabi_lmul
                0x00000000100040a8       0x32 CMakeFiles/AudioTrans.dir/home/samgriffen/raspberry-pi-pico/pico/pico-sdk/src/rp2_common/pico_int64_ops/pico_int64_ops_aeabi.S.obj
                0x00000000100040a8                __wrap___aeabi_lmul
 *fill*         0x00000000100040da        0x2 
 .text.__aeabi_float_init
                0x00000000100040dc       0xfc CMakeFiles/AudioTrans.dir/home/samgriffen/raspberry-pi-pico/pico/pico-sdk/src/rp2_common/pico_float/float_init_rom.c.obj
                0x00000000100040dc                __aeabi_float_init
 .text.float_table_shim_on_use_helper
                0x00000000100041d8       0x34 CMakeFiles/AudioTrans.dir/home/samgriffen/raspberry-pi-pico/pico/pico-sdk/src/rp2_common/pico_float/float_v1_rom_shim.S.obj
                0x00000000100041d8                float_table_shim_on_use_helper
 .text          0x000000001000420c       0x10 CMakeFiles/AudioTrans.dir/home/samgriffen/raspberry-pi-pico/pico/pico-sdk/src/rp2_common/pico_mem_ops/mem_ops_aeabi.S.obj
                0x000000001000420c                __aeabi_mem_init
 .text.memset   0x000000001000421c        0xc CMakeFiles/AudioTrans.dir/home/samgriffen/raspberry-pi-pico/pico/pico-sdk/src/rp2_common/pico_mem_ops/mem_ops_aeabi.S.obj
                0x000000001000421c                __wrap_memset
 .text.memcpy   0x0000000010004228        0xc CMakeFiles/AudioTrans.dir/home/samgriffen/raspberry-pi-pico/pico/pico-sdk/src/rp2_common/pico_mem_ops/mem_ops_aeabi.S.obj
                0x0000000010004228                __wrap___aeabi_memcpy
                0x0000000010004228                __wrap_memcpy
 .text.stdio_out_chars_no_crlf
                0x0000000010004234        0xe CMakeFiles/AudioTrans.dir/home/samgriffen/raspberry-pi-pico/pico/pico-sdk/src/rp2_common/pico_stdio/stdio.c.obj
 *fill*         0x0000000010004242        0x2 
 .text.stdio_out_chars_crlf
                0x0000000010004244       0x80 CMakeFiles/AudioTrans.dir/home/samgriffen/raspberry-pi-pico/pico/pico-sdk/src/rp2_common/pico_stdio/stdio.c.obj
 .text.stdio_stack_buffer_flush
                0x00000000100042c4       0x44 CMakeFiles/AudioTrans.dir/home/samgriffen/raspberry-pi-pico/pico/pico-sdk/src/rp2_common/pico_stdio/stdio.c.obj
 .text.stdio_buffered_printer
                0x0000000010004308       0x20 CMakeFiles/AudioTrans.dir/home/samgriffen/raspberry-pi-pico/pico/pico-sdk/src/rp2_common/pico_stdio/stdio.c.obj
 .text.stdout_serialize_begin
                0x0000000010004328       0x30 CMakeFiles/AudioTrans.dir/home/samgriffen/raspberry-pi-pico/pico/pico-sdk/src/rp2_common/pico_stdio/stdio.c.obj
                0x0000000010004328                stdout_serialize_begin
 .text.stdout_serialize_end
                0x0000000010004358       0x10 CMakeFiles/AudioTrans.dir/home/samgriffen/raspberry-pi-pico/pico/pico-sdk/src/rp2_common/pico_stdio/stdio.c.obj
                0x0000000010004358                stdout_serialize_end
 .text.stdio_put_string
                0x0000000010004368       0x98 CMakeFiles/AudioTrans.dir/home/samgriffen/raspberry-pi-pico/pico/pico-sdk/src/rp2_common/pico_stdio/stdio.c.obj
 .text.stdio_set_driver_enabled
                0x0000000010004400       0x38 CMakeFiles/AudioTrans.dir/home/samgriffen/raspberry-pi-pico/pico/pico-sdk/src/rp2_common/pico_stdio/stdio.c.obj
                0x0000000010004400                stdio_set_driver_enabled
 .text.stdio_flush
                0x0000000010004438       0x20 CMakeFiles/AudioTrans.dir/home/samgriffen/raspberry-pi-pico/pico/pico-sdk/src/rp2_common/pico_stdio/stdio.c.obj
                0x0000000010004438                stdio_flush
 .text.__wrap_puts
                0x0000000010004458       0x1e CMakeFiles/AudioTrans.dir/home/samgriffen/raspberry-pi-pico/pico/pico-sdk/src/rp2_common/pico_stdio/stdio.c.obj
                0x0000000010004458                __wrap_puts
 *fill*         0x0000000010004476        0x2 
 .text.__wrap_vprintf
                0x0000000010004478       0x44 CMakeFiles/AudioTrans.dir/home/samgriffen/raspberry-pi-pico/pico/pico-sdk/src/rp2_common/pico_stdio/stdio.c.obj
                0x0000000010004478                __wrap_vprintf
 .text.__wrap_printf
                0x00000000100044bc       0x18 CMakeFiles/AudioTrans.dir/home/samgriffen/raspberry-pi-pico/pico/pico-sdk/src/rp2_common/pico_stdio/stdio.c.obj
                0x00000000100044bc                __wrap_printf
 .text.stdio_init_all
                0x00000000100044d4        0x8 CMakeFiles/AudioTrans.dir/home/samgriffen/raspberry-pi-pico/pico/pico-sdk/src/rp2_common/pico_stdio/stdio.c.obj
                0x00000000100044d4                stdio_init_all
 .text.stdio_uart_out_chars
                0x00000000100044dc       0x74 CMakeFiles/AudioTrans.dir/home/samgriffen/raspberry-pi-pico/pico/pico-sdk/src/rp2_common/pico_stdio_uart/stdio_uart.c.obj
 .text.stdio_uart_in_chars
                0x0000000010004550       0x58 CMakeFiles/AudioTrans.dir/home/samgriffen/raspberry-pi-pico/pico/pico-sdk/src/rp2_common/pico_stdio_uart/stdio_uart.c.obj
                0x0000000010004550                stdio_uart_in_chars
 .text.stdio_uart_init_full
                0x00000000100045a8       0x3c CMakeFiles/AudioTrans.dir/home/samgriffen/raspberry-pi-pico/pico/pico-sdk/src/rp2_common/pico_stdio_uart/stdio_uart.c.obj
                0x00000000100045a8                stdio_uart_init_full
 .text.stdio_uart_init
                0x00000000100045e4       0x28 CMakeFiles/AudioTrans.dir/home/samgriffen/raspberry-pi-pico/pico/pico-sdk/src/rp2_common/pico_stdio_uart/stdio_uart.c.obj
                0x00000000100045e4                stdio_uart_init
 .text.spi_set_baudrate
                0x000000001000460c       0x92 CMakeFiles/AudioTrans.dir/home/samgriffen/raspberry-pi-pico/pico/pico-sdk/src/rp2_common/hardware_spi/spi.c.obj
                0x000000001000460c                spi_set_baudrate
 *fill*         0x000000001000469e        0x2 
 .text.spi_init
                0x00000000100046a0       0x68 CMakeFiles/AudioTrans.dir/home/samgriffen/raspberry-pi-pico/pico/pico-sdk/src/rp2_common/hardware_spi/spi.c.obj
                0x00000000100046a0                spi_init
 .text.adc_init
                0x0000000010004708       0x34 CMakeFiles/AudioTrans.dir/home/samgriffen/raspberry-pi-pico/pico/pico-sdk/src/rp2_common/hardware_adc/adc.c.obj
                0x0000000010004708                adc_init
 .text          0x000000001000473c       0x5c /usr/lib/gcc/arm-none-eabi/10.3.1/../../../arm-none-eabi/lib/thumb/v6-m/nofp/libg.a(lib_a-strlen-stub.o)
                0x000000001000473c                strlen
 *(.fini)
 .fini          0x0000000010004798        0x4 /usr/lib/gcc/arm-none-eabi/10.3.1/thumb/v6-m/nofp/crti.o
                0x0000000010004798                _fini
 *fill*         0x000000001000479c        0x4 
 .fini.__stub   0x00000000100047a0       0x70 linker stubs
 *crtbegin.o(.ctors)
 *crtbegin?.o(.ctors)
 *(EXCLUDE_FILE(*crtend.o *crtend?.o) .ctors)
 *(SORT_BY_NAME(.ctors.*))
 *(.ctors)
 *crtbegin.o(.dtors)
 *crtbegin?.o(.dtors)
 *(EXCLUDE_FILE(*crtend.o *crtend?.o) .dtors)
 *(SORT_BY_NAME(.dtors.*))
 *(.dtors)
 *(.eh_frame*)
 .eh_frame      0x0000000010004810        0x0 /usr/lib/gcc/arm-none-eabi/10.3.1/thumb/v6-m/nofp/crtbegin.o
                0x0000000010004810                . = ALIGN (0x4)

.glue_7         0x0000000010004810        0x0
 .glue_7        0x0000000010004810        0x0 linker stubs

.glue_7t        0x0000000010004810        0x0
 .glue_7t       0x0000000010004810        0x0 linker stubs

.vfp11_veneer   0x0000000010004810        0x0
 .vfp11_veneer  0x0000000010004810        0x0 linker stubs

.v4_bx          0x0000000010004810        0x0
 .v4_bx         0x0000000010004810        0x0 linker stubs

.iplt           0x0000000010004810        0x0
 .iplt          0x0000000010004810        0x0 /usr/lib/gcc/arm-none-eabi/10.3.1/thumb/v6-m/nofp/crtbegin.o

.rodata         0x0000000010004810      0xf58
 *(EXCLUDE_FILE(*libm.a: *libc.a:*lib_a-mem*.o *libgcc.a:) .rodata*)
 .rodata._ZN5NRF246configEv.str1.4
                0x0000000010004810        0x6 CMakeFiles/AudioTrans.dir/NRF24.cpp.obj
 *fill*         0x0000000010004816        0x2 
 .rodata.repeating_timer_callback.str1.4
                0x0000000010004818       0x61 CMakeFiles/AudioTrans.dir/home/samgriffen/raspberry-pi-pico/pico/pico-sdk/src/common/pico_time/time.c.obj
 *fill*         0x0000000010004879        0x3 
 .rodata.alarm_pool_dump_key.str1.4
                0x000000001000487c       0x33 CMakeFiles/AudioTrans.dir/home/samgriffen/raspberry-pi-pico/pico/pico-sdk/src/common/pico_time/time.c.obj
 *fill*         0x00000000100048af        0x1 
 .rodata.ph_add_child_node.str1.4
                0x00000000100048b0       0xaa CMakeFiles/AudioTrans.dir/home/samgriffen/raspberry-pi-pico/pico/pico-sdk/src/common/pico_time/time.c.obj
 *fill*         0x000000001000495a        0x2 
 .rodata.add_alarm_under_lock.str1.4
                0x000000001000495c       0x28 CMakeFiles/AudioTrans.dir/home/samgriffen/raspberry-pi-pico/pico/pico-sdk/src/common/pico_time/time.c.obj
                                         0x2b (size before relaxing)
 .rodata.alarm_pool_alarm_callback.str1.4
                0x0000000010004984       0xfa CMakeFiles/AudioTrans.dir/home/samgriffen/raspberry-pi-pico/pico/pico-sdk/src/common/pico_time/time.c.obj
 *fill*         0x0000000010004a7e        0x2 
 .rodata.alarm_pool_get_default.str1.4
                0x0000000010004a80       0x21 CMakeFiles/AudioTrans.dir/home/samgriffen/raspberry-pi-pico/pico/pico-sdk/src/common/pico_time/time.c.obj
 *fill*         0x0000000010004aa1        0x3 
 .rodata.sleep_until.str1.4
                0x0000000010004aa4       0x4d CMakeFiles/AudioTrans.dir/home/samgriffen/raspberry-pi-pico/pico/pico-sdk/src/common/pico_time/time.c.obj
 *fill*         0x0000000010004af1        0x3 
 .rodata.__func__.10
                0x0000000010004af4       0x15 CMakeFiles/AudioTrans.dir/home/samgriffen/raspberry-pi-pico/pico/pico-sdk/src/common/pico_time/time.c.obj
 *fill*         0x0000000010004b09        0x3 
 .rodata.__func__.11
                0x0000000010004b0c       0x1a CMakeFiles/AudioTrans.dir/home/samgriffen/raspberry-pi-pico/pico/pico-sdk/src/common/pico_time/time.c.obj
 *fill*         0x0000000010004b26        0x2 
 .rodata.__func__.12
                0x0000000010004b28        0xa CMakeFiles/AudioTrans.dir/home/samgriffen/raspberry-pi-pico/pico/pico-sdk/src/common/pico_time/time.c.obj
 *fill*         0x0000000010004b32        0x2 
 .rodata.__func__.3
                0x0000000010004b34       0x17 CMakeFiles/AudioTrans.dir/home/samgriffen/raspberry-pi-pico/pico/pico-sdk/src/common/pico_time/time.c.obj
 *fill*         0x0000000010004b4b        0x1 
 .rodata.__func__.4
                0x0000000010004b4c       0x12 CMakeFiles/AudioTrans.dir/home/samgriffen/raspberry-pi-pico/pico/pico-sdk/src/common/pico_time/time.c.obj
 *fill*         0x0000000010004b5e        0x2 
 .rodata.__func__.5
                0x0000000010004b60        0xd CMakeFiles/AudioTrans.dir/home/samgriffen/raspberry-pi-pico/pico/pico-sdk/src/common/pico_time/time.c.obj
 *fill*         0x0000000010004b6d        0x3 
 .rodata.__func__.6
                0x0000000010004b70       0x12 CMakeFiles/AudioTrans.dir/home/samgriffen/raspberry-pi-pico/pico/pico-sdk/src/common/pico_time/time.c.obj
 *fill*         0x0000000010004b82        0x2 
 .rodata.__func__.7
                0x0000000010004b84        0xf CMakeFiles/AudioTrans.dir/home/samgriffen/raspberry-pi-pico/pico/pico-sdk/src/common/pico_time/time.c.obj
 *fill*         0x0000000010004b93        0x1 
 .rodata.__func__.8
                0x0000000010004b94        0xc CMakeFiles/AudioTrans.dir/home/samgriffen/raspberry-pi-pico/pico/pico-sdk/src/common/pico_time/time.c.obj
 .rodata.__func__.9
                0x0000000010004ba0       0x15 CMakeFiles/AudioTrans.dir/home/samgriffen/raspberry-pi-pico/pico/pico-sdk/src/common/pico_time/time.c.obj
 *fill*         0x0000000010004bb5        0x3 
 .rodata.hardware_alarm_claim.str1.4
                0x0000000010004bb8       0x22 CMakeFiles/AudioTrans.dir/home/samgriffen/raspberry-pi-pico/pico/pico-sdk/src/rp2_common/hardware_timer/timer.c.obj
 *fill*         0x0000000010004bda        0x2 
 .rodata.hardware_alarm_set_target.str1.4
                0x0000000010004bdc       0x7b CMakeFiles/AudioTrans.dir/home/samgriffen/raspberry-pi-pico/pico/pico-sdk/src/rp2_common/hardware_timer/timer.c.obj
 *fill*         0x0000000010004c57        0x1 
 .rodata.__func__.0
                0x0000000010004c58       0x1a CMakeFiles/AudioTrans.dir/home/samgriffen/raspberry-pi-pico/pico/pico-sdk/src/rp2_common/hardware_timer/timer.c.obj
 *fill*         0x0000000010004c72        0x2 
 .rodata.str1.4
                0x0000000010004c74       0xa1 CMakeFiles/AudioTrans.dir/home/samgriffen/raspberry-pi-pico/pico/pico-sdk/src/common/pico_sync/mutex.c.obj
                                        0x119 (size before relaxing)
 *fill*         0x0000000010004d15        0x3 
 .rodata.__func__.1
                0x0000000010004d18        0xb CMakeFiles/AudioTrans.dir/home/samgriffen/raspberry-pi-pico/pico/pico-sdk/src/common/pico_sync/mutex.c.obj
 .rodata.ph_add_child_node.str1.4
                0x0000000010004d23       0xaa CMakeFiles/AudioTrans.dir/home/samgriffen/raspberry-pi-pico/pico/pico-sdk/src/common/pico_util/pheap.c.obj
 *fill*         0x0000000010004d23        0x1 
 .rodata.ph_remove_any_head.str1.4
                0x0000000010004d24       0xa4 CMakeFiles/AudioTrans.dir/home/samgriffen/raspberry-pi-pico/pico/pico-sdk/src/common/pico_util/pheap.c.obj
 .rodata.ph_remove_and_free_node.str1.4
                0x0000000010004dc8       0x26 CMakeFiles/AudioTrans.dir/home/samgriffen/raspberry-pi-pico/pico/pico-sdk/src/common/pico_util/pheap.c.obj
 *fill*         0x0000000010004dee        0x2 
 .rodata.__func__.0
                0x0000000010004df0       0x18 CMakeFiles/AudioTrans.dir/home/samgriffen/raspberry-pi-pico/pico/pico-sdk/src/common/pico_util/pheap.c.obj
 .rodata.__func__.1
                0x0000000010004e08       0x13 CMakeFiles/AudioTrans.dir/home/samgriffen/raspberry-pi-pico/pico/pico-sdk/src/common/pico_util/pheap.c.obj
 *fill*         0x0000000010004e1b        0x1 
 .rodata.__func__.2
                0x0000000010004e1c       0x12 CMakeFiles/AudioTrans.dir/home/samgriffen/raspberry-pi-pico/pico/pico-sdk/src/common/pico_util/pheap.c.obj
 *fill*         0x0000000010004e2e        0x2 
 .rodata.__func__.3
                0x0000000010004e30        0xc CMakeFiles/AudioTrans.dir/home/samgriffen/raspberry-pi-pico/pico/pico-sdk/src/common/pico_util/pheap.c.obj
 .rodata.__assert_func.str1.4
                0x0000000010004e3c       0x3f CMakeFiles/AudioTrans.dir/home/samgriffen/raspberry-pi-pico/pico/pico-sdk/src/rp2_common/pico_runtime/runtime.c.obj
                                         0x43 (size before relaxing)
 *fill*         0x0000000010004e7b        0x1 
 .rodata.runtime_init.str1.4
                0x0000000010004e7c       0x77 CMakeFiles/AudioTrans.dir/home/samgriffen/raspberry-pi-pico/pico/pico-sdk/src/rp2_common/pico_runtime/runtime.c.obj
 *fill*         0x0000000010004ef3        0x1 
 .rodata.panic.str1.4
                0x0000000010004ef4       0x12 CMakeFiles/AudioTrans.dir/home/samgriffen/raspberry-pi-pico/pico/pico-sdk/src/rp2_common/pico_runtime/runtime.c.obj
 *fill*         0x0000000010004f06        0x2 
 .rodata.__func__.1
                0x0000000010004f08        0xd CMakeFiles/AudioTrans.dir/home/samgriffen/raspberry-pi-pico/pico/pico-sdk/src/rp2_common/pico_runtime/runtime.c.obj
 *fill*         0x0000000010004f15        0x3 
 .rodata.clock_configure.str1.4
                0x0000000010004f18       0x6d CMakeFiles/AudioTrans.dir/home/samgriffen/raspberry-pi-pico/pico/pico-sdk/src/rp2_common/hardware_clocks/clocks.c.obj
 *fill*         0x0000000010004f85        0x3 
 .rodata.__func__.1
                0x0000000010004f88       0x10 CMakeFiles/AudioTrans.dir/home/samgriffen/raspberry-pi-pico/pico/pico-sdk/src/rp2_common/hardware_clocks/clocks.c.obj
 .rodata.make_branch.str1.4
                0x0000000010004f98       0x63 CMakeFiles/AudioTrans.dir/home/samgriffen/raspberry-pi-pico/pico/pico-sdk/src/rp2_common/hardware_irq/irq.c.obj
 *fill*         0x0000000010004ffb        0x1 
 .rodata.irq_set_exclusive_handler.str1.4
                0x0000000010004ffc       0x36 CMakeFiles/AudioTrans.dir/home/samgriffen/raspberry-pi-pico/pico/pico-sdk/src/rp2_common/hardware_irq/irq.c.obj
 *fill*         0x0000000010005032        0x2 
 .rodata.irq_add_shared_handler.str1.4
                0x0000000010005034       0xd9 CMakeFiles/AudioTrans.dir/home/samgriffen/raspberry-pi-pico/pico/pico-sdk/src/rp2_common/hardware_irq/irq.c.obj
 *fill*         0x000000001000510d        0x3 
 .rodata.irq_remove_handler.str1.4
                0x0000000010005110       0x2a CMakeFiles/AudioTrans.dir/home/samgriffen/raspberry-pi-pico/pico/pico-sdk/src/rp2_common/hardware_irq/irq.c.obj
 *fill*         0x000000001000513a        0x2 
 .rodata.irq_add_tail_to_free_list.str1.4
                0x000000001000513c       0x32 CMakeFiles/AudioTrans.dir/home/samgriffen/raspberry-pi-pico/pico/pico-sdk/src/rp2_common/hardware_irq/irq.c.obj
                                         0x3a (size before relaxing)
 *fill*         0x000000001000516e        0x2 
 .rodata.__func__.0
                0x0000000010005170       0x1a CMakeFiles/AudioTrans.dir/home/samgriffen/raspberry-pi-pico/pico/pico-sdk/src/rp2_common/hardware_irq/irq.c.obj
 *fill*         0x000000001000518a        0x2 
 .rodata.__func__.1
                0x000000001000518c       0x17 CMakeFiles/AudioTrans.dir/home/samgriffen/raspberry-pi-pico/pico/pico-sdk/src/rp2_common/hardware_irq/irq.c.obj
 *fill*         0x00000000100051a3        0x1 
 .rodata.__func__.2
                0x00000000100051a4       0x13 CMakeFiles/AudioTrans.dir/home/samgriffen/raspberry-pi-pico/pico/pico-sdk/src/rp2_common/hardware_irq/irq.c.obj
 *fill*         0x00000000100051b7        0x1 
 .rodata.__func__.3
                0x00000000100051b8        0xc CMakeFiles/AudioTrans.dir/home/samgriffen/raspberry-pi-pico/pico/pico-sdk/src/rp2_common/hardware_irq/irq.c.obj
 .rodata.__func__.4
                0x00000000100051c4        0xf CMakeFiles/AudioTrans.dir/home/samgriffen/raspberry-pi-pico/pico/pico-sdk/src/rp2_common/hardware_irq/irq.c.obj
 *fill*         0x00000000100051d3        0x1 
 .rodata.__func__.6
                0x00000000100051d4       0x1a CMakeFiles/AudioTrans.dir/home/samgriffen/raspberry-pi-pico/pico/pico-sdk/src/rp2_common/hardware_irq/irq.c.obj
 *fill*         0x00000000100051ee        0x2 
 .rodata.pll_init.str1.4
                0x00000000100051f0       0xef CMakeFiles/AudioTrans.dir/home/samgriffen/raspberry-pi-pico/pico/pico-sdk/src/rp2_common/hardware_pll/pll.c.obj
 *fill*         0x00000000100052df        0x1 
 .rodata.__func__.0
                0x00000000100052e0        0x9 CMakeFiles/AudioTrans.dir/home/samgriffen/raspberry-pi-pico/pico/pico-sdk/src/rp2_common/hardware_pll/pll.c.obj
 *fill*         0x00000000100052e9        0x3 
 .rodata._ftoa.str1.4
                0x00000000100052ec       0x15 CMakeFiles/AudioTrans.dir/home/samgriffen/raspberry-pi-pico/pico/pico-sdk/src/rp2_common/pico_printf/printf.c.obj
 *fill*         0x0000000010005301        0x3 
 .rodata._vsnprintf
                0x0000000010005304      0x1e0 CMakeFiles/AudioTrans.dir/home/samgriffen/raspberry-pi-pico/pico/pico-sdk/src/rp2_common/pico_printf/printf.c.obj
 *fill*         0x00000000100054e4        0x4 
 .rodata.pow10.0
                0x00000000100054e8       0x50 CMakeFiles/AudioTrans.dir/home/samgriffen/raspberry-pi-pico/pico/pico-sdk/src/rp2_common/pico_printf/printf.c.obj
 .rodata.__aeabi_double_init.str1.4
                0x0000000010005538       0xbe CMakeFiles/AudioTrans.dir/home/samgriffen/raspberry-pi-pico/pico/pico-sdk/src/rp2_common/pico_double/double_init_rom.c.obj
 *fill*         0x00000000100055f6        0x2 
 .rodata.__func__.0
                0x00000000100055f8       0x14 CMakeFiles/AudioTrans.dir/home/samgriffen/raspberry-pi-pico/pico/pico-sdk/src/rp2_common/pico_double/double_init_rom.c.obj
 .rodata.__aeabi_float_init.str1.4
                0x000000001000560c       0x90 CMakeFiles/AudioTrans.dir/home/samgriffen/raspberry-pi-pico/pico/pico-sdk/src/rp2_common/pico_float/float_init_rom.c.obj
                                         0x94 (size before relaxing)
 .rodata.__func__.0
                0x000000001000569c       0x13 CMakeFiles/AudioTrans.dir/home/samgriffen/raspberry-pi-pico/pico/pico-sdk/src/rp2_common/pico_float/float_init_rom.c.obj
 *fill*         0x00000000100056af        0x1 
 .rodata.str1.4
                0x00000000100056b0       0x44 CMakeFiles/AudioTrans.dir/home/samgriffen/raspberry-pi-pico/pico/pico-sdk/src/rp2_common/pico_standard_link/binary_info.c.obj
 .rodata.__bi_44
                0x00000000100056f4        0xc CMakeFiles/AudioTrans.dir/home/samgriffen/raspberry-pi-pico/pico/pico-sdk/src/rp2_common/pico_standard_link/binary_info.c.obj
 .rodata.__bi_56
                0x0000000010005700        0xc CMakeFiles/AudioTrans.dir/home/samgriffen/raspberry-pi-pico/pico/pico-sdk/src/rp2_common/pico_standard_link/binary_info.c.obj
 .rodata.__bi_75
                0x000000001000570c        0xc CMakeFiles/AudioTrans.dir/home/samgriffen/raspberry-pi-pico/pico/pico-sdk/src/rp2_common/pico_standard_link/binary_info.c.obj
 .rodata.__bi_81
                0x0000000010005718        0xc CMakeFiles/AudioTrans.dir/home/samgriffen/raspberry-pi-pico/pico/pico-sdk/src/rp2_common/pico_standard_link/binary_info.c.obj
 .rodata.crlf_str.3
                0x0000000010005724        0x2 CMakeFiles/AudioTrans.dir/home/samgriffen/raspberry-pi-pico/pico/pico-sdk/src/rp2_common/pico_stdio/stdio.c.obj
 *fill*         0x0000000010005726        0x2 
 .rodata.str1.4
                0x0000000010005728       0x2c CMakeFiles/AudioTrans.dir/home/samgriffen/raspberry-pi-pico/pico/pico-sdk/src/rp2_common/pico_stdio_uart/stdio_uart.c.obj
 .rodata.__bi_28.4
                0x0000000010005754        0xc CMakeFiles/AudioTrans.dir/home/samgriffen/raspberry-pi-pico/pico/pico-sdk/src/rp2_common/pico_stdio_uart/stdio_uart.c.obj
 .rodata.__bi_29.5
                0x0000000010005760        0x8 CMakeFiles/AudioTrans.dir/home/samgriffen/raspberry-pi-pico/pico/pico-sdk/src/rp2_common/pico_stdio_uart/stdio_uart.c.obj
                0x0000000010005768                . = ALIGN (0x4)
 *(SORT_BY_ALIGNMENT(SORT_BY_NAME(.flashdata*)))
                0x0000000010005768                . = ALIGN (0x4)

.rel.dyn        0x0000000010005768        0x0
 .rel.iplt      0x0000000010005768        0x0 /usr/lib/gcc/arm-none-eabi/10.3.1/thumb/v6-m/nofp/crtbegin.o

.ARM.extab
 *(.ARM.extab* .gnu.linkonce.armextab.*)
                0x0000000010005768                __exidx_start = .

.ARM.exidx
 *(.ARM.exidx* .gnu.linkonce.armexidx.*)
                0x0000000010005768                __exidx_end = .
                0x0000000010005768                . = ALIGN (0x4)
                0x0000000010005768                __binary_info_start = .

.binary_info    0x0000000010005768       0x28
 *(.binary_info.keep.*)
 .binary_info.keep.__bi_ptr22
                0x0000000010005768        0x4 CMakeFiles/AudioTrans.dir/home/samgriffen/raspberry-pi-pico/pico/pico-sdk/src/rp2_common/pico_standard_link/binary_info.c.obj
 .binary_info.keep.__bi_ptr30
                0x000000001000576c        0x4 CMakeFiles/AudioTrans.dir/home/samgriffen/raspberry-pi-pico/pico/pico-sdk/src/rp2_common/pico_standard_link/binary_info.c.obj
 .binary_info.keep.__bi_ptr38
                0x0000000010005770        0x4 CMakeFiles/AudioTrans.dir/home/samgriffen/raspberry-pi-pico/pico/pico-sdk/src/rp2_common/pico_standard_link/binary_info.c.obj
 .binary_info.keep.__bi_ptr44
                0x0000000010005774        0x4 CMakeFiles/AudioTrans.dir/home/samgriffen/raspberry-pi-pico/pico/pico-sdk/src/rp2_common/pico_standard_link/binary_info.c.obj
 .binary_info.keep.__bi_ptr50
                0x0000000010005778        0x4 CMakeFiles/AudioTrans.dir/home/samgriffen/raspberry-pi-pico/pico/pico-sdk/src/rp2_common/pico_standard_link/binary_info.c.obj
 .binary_info.keep.__bi_ptr56
                0x000000001000577c        0x4 CMakeFiles/AudioTrans.dir/home/samgriffen/raspberry-pi-pico/pico/pico-sdk/src/rp2_common/pico_standard_link/binary_info.c.obj
 .binary_info.keep.__bi_ptr75
                0x0000000010005780        0x4 CMakeFiles/AudioTrans.dir/home/samgriffen/raspberry-pi-pico/pico/pico-sdk/src/rp2_common/pico_standard_link/binary_info.c.obj
 .binary_info.keep.__bi_ptr81
                0x0000000010005784        0x4 CMakeFiles/AudioTrans.dir/home/samgriffen/raspberry-pi-pico/pico/pico-sdk/src/rp2_common/pico_standard_link/binary_info.c.obj
 *(.binary_info.*)
 .binary_info.__bi_ptr28
                0x0000000010005788        0x4 CMakeFiles/AudioTrans.dir/home/samgriffen/raspberry-pi-pico/pico/pico-sdk/src/rp2_common/pico_stdio_uart/stdio_uart.c.obj
 .binary_info.__bi_ptr29
                0x000000001000578c        0x4 CMakeFiles/AudioTrans.dir/home/samgriffen/raspberry-pi-pico/pico/pico-sdk/src/rp2_common/pico_stdio_uart/stdio_uart.c.obj
                0x0000000010005790                __binary_info_end = .
                0x0000000010005790                . = ALIGN (0x4)
                0x0000000010005790                __etext = .

.ram_vector_table
                0x0000000020000000       0xc0
 *(.ram_vector_table)
 .ram_vector_table
                0x0000000020000000       0xc0 CMakeFiles/AudioTrans.dir/home/samgriffen/raspberry-pi-pico/pico/pico-sdk/src/rp2_common/pico_runtime/runtime.c.obj
                0x0000000020000000                ram_vector_table

.data           0x00000000200000c0      0x230 load address 0x0000000010005790
                0x00000000200000c0                __data_start__ = .
 *(vtable)
 *(.time_critical*)
 .time_critical.mutex_enter_blocking
                0x00000000200000c0       0x48 CMakeFiles/AudioTrans.dir/home/samgriffen/raspberry-pi-pico/pico/pico-sdk/src/common/pico_sync/mutex.c.obj
                0x00000000200000c0                mutex_enter_blocking
 .time_critical.mutex_try_enter
                0x0000000020000108       0x46 CMakeFiles/AudioTrans.dir/home/samgriffen/raspberry-pi-pico/pico/pico-sdk/src/common/pico_sync/mutex.c.obj
                0x0000000020000108                mutex_try_enter
 *fill*         0x000000002000014e        0x2 
 .time_critical.mutex_exit
                0x0000000020000150       0x4c CMakeFiles/AudioTrans.dir/home/samgriffen/raspberry-pi-pico/pico/pico-sdk/src/common/pico_sync/mutex.c.obj
                0x0000000020000150                mutex_exit
 .time_critical.spi_write_blocking
                0x000000002000019c       0x3a CMakeFiles/AudioTrans.dir/home/samgriffen/raspberry-pi-pico/pico/pico-sdk/src/rp2_common/hardware_spi/spi.c.obj
                0x000000002000019c                spi_write_blocking
 .time_critical.spi_read_blocking
                0x00000000200001d6       0x3e CMakeFiles/AudioTrans.dir/home/samgriffen/raspberry-pi-pico/pico/pico-sdk/src/rp2_common/hardware_spi/spi.c.obj
                0x00000000200001d6                spi_read_blocking
 *(.text*)
 .text          0x0000000020000214        0x4 /usr/lib/gcc/arm-none-eabi/10.3.1/thumb/v6-m/nofp/libgcc.a(_dvmd_tls.o)
                0x0000000020000214                __aeabi_ldiv0
                0x0000000020000214                __aeabi_idiv0
 .text.__stub   0x0000000020000218       0x10 linker stubs
                0x0000000020000228                . = ALIGN (0x4)
 *(.rodata*)
                0x0000000020000228                . = ALIGN (0x4)
 *(.data*)
 .data.striped_spin_lock_num
                0x0000000020000228        0x1 CMakeFiles/AudioTrans.dir/home/samgriffen/raspberry-pi-pico/pico/pico-sdk/src/rp2_common/hardware_sync/sync.c.obj
 *fill*         0x0000000020000229        0x3 
 .data.default_alarm_pool
                0x000000002000022c       0x18 CMakeFiles/AudioTrans.dir/home/samgriffen/raspberry-pi-pico/pico/pico-sdk/src/common/pico_time/time.c.obj
 .data.default_alarm_pool_heap
                0x0000000020000244       0x10 CMakeFiles/AudioTrans.dir/home/samgriffen/raspberry-pi-pico/pico/pico-sdk/src/common/pico_time/time.c.obj
 .data          0x0000000020000254       0x48 CMakeFiles/AudioTrans.dir/home/samgriffen/raspberry-pi-pico/pico/pico-sdk/src/rp2_common/hardware_irq/irq_handler_chain.S.obj
                0x0000000020000254                irq_handler_chain_slots
                0x0000000020000284                irq_handler_chain_first_slot
                0x000000002000028e                irq_handler_chain_remove_tail
 *fill*         0x000000002000029c        0x4 
 .data.aeabi_bits_funcs
                0x00000000200002a0       0x10 CMakeFiles/AudioTrans.dir/home/samgriffen/raspberry-pi-pico/pico/pico-sdk/src/rp2_common/pico_bit_ops/bit_ops_aeabi.S.obj
                0x00000000200002a0                aeabi_bits_funcs
                0x00000000200002b0                aeabi_bits_funcs_end
 .data.aeabi_mem_funcs
                0x00000000200002b0       0x10 CMakeFiles/AudioTrans.dir/home/samgriffen/raspberry-pi-pico/pico/pico-sdk/src/rp2_common/pico_mem_ops/mem_ops_aeabi.S.obj
                0x00000000200002b0                aeabi_mem_funcs
                0x00000000200002c0                aeabi_mem_funcs_end
 .data.stdio_uart
                0x00000000200002c0       0x14 CMakeFiles/AudioTrans.dir/home/samgriffen/raspberry-pi-pico/pico/pico-sdk/src/rp2_common/pico_stdio_uart/stdio_uart.c.obj
                0x00000000200002c0                stdio_uart
                0x00000000200002d4                . = ALIGN (0x4)
 *(.after_data.*)
                0x00000000200002d4                . = ALIGN (0x4)
                0x00000000200002d4                PROVIDE (__mutex_array_start = .)
 *(SORT_BY_NAME(.mutex_array.*))
 *(.mutex_array)
 .mutex_array   0x00000000200002d4        0x8 CMakeFiles/AudioTrans.dir/home/samgriffen/raspberry-pi-pico/pico/pico-sdk/src/rp2_common/pico_stdio/stdio.c.obj
                0x00000000200002dc                PROVIDE (__mutex_array_end = .)
                0x00000000200002dc                . = ALIGN (0x4)
                0x00000000200002dc                PROVIDE (__preinit_array_start = .)
 *(SORT_BY_NAME(.preinit_array.*))
 .preinit_array.00001
                0x00000000200002dc        0x4 CMakeFiles/AudioTrans.dir/home/samgriffen/raspberry-pi-pico/pico/pico-sdk/src/rp2_common/pico_mem_ops/mem_ops_aeabi.S.obj
 .preinit_array.00010
                0x00000000200002e0        0x4 CMakeFiles/AudioTrans.dir/home/samgriffen/raspberry-pi-pico/pico/pico-sdk/src/rp2_common/pico_bit_ops/bit_ops_aeabi.S.obj
 .preinit_array.00020
                0x00000000200002e4        0x4 CMakeFiles/AudioTrans.dir/home/samgriffen/raspberry-pi-pico/pico/pico-sdk/src/rp2_common/pico_double/double_aeabi.S.obj
 .preinit_array.00020
                0x00000000200002e8        0x4 CMakeFiles/AudioTrans.dir/home/samgriffen/raspberry-pi-pico/pico/pico-sdk/src/rp2_common/pico_float/float_aeabi.S.obj
 *(.preinit_array)
                0x00000000200002ec                PROVIDE (__preinit_array_end = .)
                0x00000000200002ec                . = ALIGN (0x4)
                0x00000000200002ec                PROVIDE (__init_array_start = .)
 *(SORT_BY_NAME(.init_array.*))
 *(.init_array)
 .init_array    0x00000000200002ec        0x4 /usr/lib/gcc/arm-none-eabi/10.3.1/thumb/v6-m/nofp/crtbegin.o
                0x00000000200002f0                PROVIDE (__init_array_end = .)
                0x00000000200002f0                . = ALIGN (0x4)
                0x00000000200002f0                PROVIDE (__fini_array_start = .)
 *(SORT_BY_NAME(.fini_array.*))
 *(.fini_array)
                0x00000000200002f0                PROVIDE (__fini_array_end = .)
 *(.jcr)
                0x00000000200002f0                . = ALIGN (0x4)
                0x00000000200002f0                __data_end__ = .

.tm_clone_table
                0x00000000200002f0        0x0 load address 0x00000000100059c0
 .tm_clone_table
                0x00000000200002f0        0x0 /usr/lib/gcc/arm-none-eabi/10.3.1/thumb/v6-m/nofp/crtbegin.o
 .tm_clone_table
                0x00000000200002f0        0x0 /usr/lib/gcc/arm-none-eabi/10.3.1/thumb/v6-m/nofp/crtend.o

.igot.plt       0x00000000200002f0        0x0 load address 0x00000000100059c0
 .igot.plt      0x00000000200002f0        0x0 /usr/lib/gcc/arm-none-eabi/10.3.1/thumb/v6-m/nofp/crtbegin.o

.uninitialized_data
                0x00000000200002f0        0x0 load address 0x00000000100059c0
                0x00000000200002f0                . = ALIGN (0x4)
 *(.uninitialized_data*)

.scratch_x      0x0000000020040000        0x0 load address 0x00000000100059c0
                0x0000000020040000                __scratch_x_start__ = .
 *(.scratch_x.*)
                0x0000000020040000                . = ALIGN (0x4)
                0x0000000020040000                __scratch_x_end__ = .
                0x00000000100059c0                __scratch_x_source__ = LOADADDR (.scratch_x)

.scratch_y      0x0000000020041000        0x0 load address 0x00000000100059c0
                0x0000000020041000                __scratch_y_start__ = .
 *(.scratch_y.*)
                0x0000000020041000                . = ALIGN (0x4)
                0x0000000020041000                __scratch_y_end__ = .
                0x00000000100059c0                __scratch_y_source__ = LOADADDR (.scratch_y)

.bss            0x00000000200002f0      0x3d4
                0x00000000200002f0                . = ALIGN (0x4)
                0x00000000200002f0                __bss_start__ = .
 *(SORT_BY_ALIGNMENT(SORT_BY_NAME(.bss*)))
 .bss.default_alarm_pool_entries
                0x00000000200002f0      0x100 CMakeFiles/AudioTrans.dir/home/samgriffen/raspberry-pi-pico/pico/pico-sdk/src/common/pico_time/time.c.obj
 .bss           0x00000000200003f0       0x1c /usr/lib/gcc/arm-none-eabi/10.3.1/thumb/v6-m/nofp/crtbegin.o
 .bss.alarm_callbacks
                0x000000002000040c       0x10 CMakeFiles/AudioTrans.dir/home/samgriffen/raspberry-pi-pico/pico/pico-sdk/src/rp2_common/hardware_timer/timer.c.obj
 .bss.configured_freq
                0x000000002000041c       0x28 CMakeFiles/AudioTrans.dir/home/samgriffen/raspberry-pi-pico/pico/pico-sdk/src/rp2_common/hardware_clocks/clocks.c.obj
 .bss.default_alarm_pool_entry_ids_high
                0x0000000020000444       0x10 CMakeFiles/AudioTrans.dir/home/samgriffen/raspberry-pi-pico/pico/pico-sdk/src/common/pico_time/time.c.obj
 .bss.default_alarm_pool_heap_nodes
                0x0000000020000454       0x30 CMakeFiles/AudioTrans.dir/home/samgriffen/raspberry-pi-pico/pico/pico-sdk/src/common/pico_time/time.c.obj
 .bss.drivers   0x0000000020000484        0x4 CMakeFiles/AudioTrans.dir/home/samgriffen/raspberry-pi-pico/pico/pico-sdk/src/rp2_common/pico_stdio/stdio.c.obj
 .bss.filter    0x0000000020000488        0x4 CMakeFiles/AudioTrans.dir/home/samgriffen/raspberry-pi-pico/pico/pico-sdk/src/rp2_common/pico_stdio/stdio.c.obj
 .bss.payload   0x000000002000048c        0x4 CMakeFiles/AudioTrans.dir/AudioTrans.cpp.obj
                0x000000002000048c                payload
 .bss.pools     0x0000000020000490       0x10 CMakeFiles/AudioTrans.dir/home/samgriffen/raspberry-pi-pico/pico/pico-sdk/src/common/pico_time/time.c.obj
 .bss.sd_table  0x00000000200004a0      0x100 CMakeFiles/AudioTrans.dir/home/samgriffen/raspberry-pi-pico/pico/pico-sdk/src/rp2_common/pico_double/double_init_rom.c.obj
                0x00000000200004a0                sd_table
 .bss.sf_clz_func
                0x00000000200005a0        0x4 CMakeFiles/AudioTrans.dir/home/samgriffen/raspberry-pi-pico/pico/pico-sdk/src/rp2_common/pico_double/double_init_rom.c.obj
                0x00000000200005a0                sf_clz_func
 .bss.sf_table  0x00000000200005a4      0x100 CMakeFiles/AudioTrans.dir/home/samgriffen/raspberry-pi-pico/pico/pico-sdk/src/rp2_common/pico_float/float_init_rom.c.obj
                0x00000000200005a4                sf_table
 .bss.sleep_notifier
                0x00000000200006a4        0x4 CMakeFiles/AudioTrans.dir/home/samgriffen/raspberry-pi-pico/pico/pico-sdk/src/common/pico_time/time.c.obj
 .bss.target_hi
                0x00000000200006a8       0x10 CMakeFiles/AudioTrans.dir/home/samgriffen/raspberry-pi-pico/pico/pico-sdk/src/rp2_common/hardware_timer/timer.c.obj
 .bss.uart_char_to_line_feed
                0x00000000200006b8        0x4 CMakeFiles/AudioTrans.dir/home/samgriffen/raspberry-pi-pico/pico/pico-sdk/src/rp2_common/hardware_uart/uart.c.obj
                0x00000000200006b8                uart_char_to_line_feed
 .bss.uart_instance
                0x00000000200006bc        0x4 CMakeFiles/AudioTrans.dir/home/samgriffen/raspberry-pi-pico/pico/pico-sdk/src/rp2_common/pico_stdio_uart/stdio_uart.c.obj
 .bss.claimed   0x00000000200006c0        0x1 CMakeFiles/AudioTrans.dir/home/samgriffen/raspberry-pi-pico/pico/pico-sdk/src/rp2_common/hardware_timer/timer.c.obj
 .bss.irq_hander_chain_free_slot_head
                0x00000000200006c1        0x1 CMakeFiles/AudioTrans.dir/home/samgriffen/raspberry-pi-pico/pico/pico-sdk/src/rp2_common/hardware_irq/irq.c.obj
 .bss.timer_callbacks_pending
                0x00000000200006c2        0x1 CMakeFiles/AudioTrans.dir/home/samgriffen/raspberry-pi-pico/pico/pico-sdk/src/rp2_common/hardware_timer/timer.c.obj
 *(COMMON)
                0x00000000200006c4                . = ALIGN (0x4)
 *fill*         0x00000000200006c3        0x1 
                0x00000000200006c4                __bss_end__ = .

.heap           0x00000000200006c4      0x800
                0x00000000200006c4                __end__ = .
                0x00000000200006c4                end = __end__
 *(.heap*)
 .heap          0x00000000200006c4      0x800 CMakeFiles/AudioTrans.dir/home/samgriffen/raspberry-pi-pico/pico/pico-sdk/src/rp2_common/pico_standard_link/crt0.S.obj
                0x0000000020000ec4                __HeapLimit = .

.stack1_dummy   0x0000000020040000        0x0
 *(.stack1*)

.stack_dummy    0x0000000020041000      0x800
 *(.stack*)
 .stack         0x0000000020041000      0x800 CMakeFiles/AudioTrans.dir/home/samgriffen/raspberry-pi-pico/pico/pico-sdk/src/rp2_common/pico_standard_link/crt0.S.obj

.flash_end      0x00000000100059c0        0x0
                0x00000000100059c0                __flash_binary_end = .
                0x0000000020040000                __StackLimit = (ORIGIN (RAM) + LENGTH (RAM))
                0x0000000020041000                __StackOneTop = (ORIGIN (SCRATCH_X) + LENGTH (SCRATCH_X))
                0x0000000020042000                __StackTop = (ORIGIN (SCRATCH_Y) + LENGTH (SCRATCH_Y))
                0x0000000020041000                __StackOneBottom = (__StackOneTop - SIZEOF (.stack1_dummy))
                0x0000000020041800                __StackBottom = (__StackTop - SIZEOF (.stack_dummy))
                0x0000000020042000                PROVIDE (__stack = __StackTop)
                0x0000000000000001                ASSERT ((__StackLimit >= __HeapLimit), region RAM overflowed)
                0x0000000000000001                ASSERT (((__binary_info_header_end - __logical_binary_start) <= 0x100), Binary info must be in first 256 bytes of the binary)
LOAD CMakeFiles/AudioTrans.dir/AudioTrans.cpp.obj
LOAD CMakeFiles/AudioTrans.dir/NRF24.cpp.obj
LOAD CMakeFiles/AudioTrans.dir/home/samgriffen/raspberry-pi-pico/pico/pico-sdk/src/rp2_common/pico_stdlib/stdlib.c.obj
LOAD CMakeFiles/AudioTrans.dir/home/samgriffen/raspberry-pi-pico/pico/pico-sdk/src/rp2_common/hardware_gpio/gpio.c.obj
LOAD CMakeFiles/AudioTrans.dir/home/samgriffen/raspberry-pi-pico/pico/pico-sdk/src/rp2_common/hardware_claim/claim.c.obj
LOAD CMakeFiles/AudioTrans.dir/home/samgriffen/raspberry-pi-pico/pico/pico-sdk/src/rp2_common/pico_platform/platform.c.obj
LOAD CMakeFiles/AudioTrans.dir/home/samgriffen/raspberry-pi-pico/pico/pico-sdk/src/rp2_common/hardware_sync/sync.c.obj
LOAD CMakeFiles/AudioTrans.dir/home/samgriffen/raspberry-pi-pico/pico/pico-sdk/src/rp2_common/hardware_uart/uart.c.obj
LOAD CMakeFiles/AudioTrans.dir/home/samgriffen/raspberry-pi-pico/pico/pico-sdk/src/rp2_common/hardware_divider/divider.S.obj
LOAD CMakeFiles/AudioTrans.dir/home/samgriffen/raspberry-pi-pico/pico/pico-sdk/src/common/pico_time/time.c.obj
LOAD CMakeFiles/AudioTrans.dir/home/samgriffen/raspberry-pi-pico/pico/pico-sdk/src/common/pico_time/timeout_helper.c.obj
LOAD CMakeFiles/AudioTrans.dir/home/samgriffen/raspberry-pi-pico/pico/pico-sdk/src/rp2_common/hardware_timer/timer.c.obj
LOAD CMakeFiles/AudioTrans.dir/home/samgriffen/raspberry-pi-pico/pico/pico-sdk/src/common/pico_sync/sem.c.obj
LOAD CMakeFiles/AudioTrans.dir/home/samgriffen/raspberry-pi-pico/pico/pico-sdk/src/common/pico_sync/lock_core.c.obj
LOAD CMakeFiles/AudioTrans.dir/home/samgriffen/raspberry-pi-pico/pico/pico-sdk/src/common/pico_sync/mutex.c.obj
LOAD CMakeFiles/AudioTrans.dir/home/samgriffen/raspberry-pi-pico/pico/pico-sdk/src/common/pico_sync/critical_section.c.obj
LOAD CMakeFiles/AudioTrans.dir/home/samgriffen/raspberry-pi-pico/pico/pico-sdk/src/common/pico_util/datetime.c.obj
LOAD CMakeFiles/AudioTrans.dir/home/samgriffen/raspberry-pi-pico/pico/pico-sdk/src/common/pico_util/pheap.c.obj
LOAD CMakeFiles/AudioTrans.dir/home/samgriffen/raspberry-pi-pico/pico/pico-sdk/src/common/pico_util/queue.c.obj
LOAD CMakeFiles/AudioTrans.dir/home/samgriffen/raspberry-pi-pico/pico/pico-sdk/src/rp2_common/pico_runtime/runtime.c.obj
LOAD CMakeFiles/AudioTrans.dir/home/samgriffen/raspberry-pi-pico/pico/pico-sdk/src/rp2_common/hardware_clocks/clocks.c.obj
LOAD CMakeFiles/AudioTrans.dir/home/samgriffen/raspberry-pi-pico/pico/pico-sdk/src/rp2_common/hardware_irq/irq.c.obj
LOAD CMakeFiles/AudioTrans.dir/home/samgriffen/raspberry-pi-pico/pico/pico-sdk/src/rp2_common/hardware_irq/irq_handler_chain.S.obj
LOAD CMakeFiles/AudioTrans.dir/home/samgriffen/raspberry-pi-pico/pico/pico-sdk/src/rp2_common/hardware_pll/pll.c.obj
LOAD CMakeFiles/AudioTrans.dir/home/samgriffen/raspberry-pi-pico/pico/pico-sdk/src/rp2_common/hardware_vreg/vreg.c.obj
LOAD CMakeFiles/AudioTrans.dir/home/samgriffen/raspberry-pi-pico/pico/pico-sdk/src/rp2_common/hardware_watchdog/watchdog.c.obj
LOAD CMakeFiles/AudioTrans.dir/home/samgriffen/raspberry-pi-pico/pico/pico-sdk/src/rp2_common/hardware_xosc/xosc.c.obj
LOAD CMakeFiles/AudioTrans.dir/home/samgriffen/raspberry-pi-pico/pico/pico-sdk/src/rp2_common/pico_printf/printf.c.obj
LOAD CMakeFiles/AudioTrans.dir/home/samgriffen/raspberry-pi-pico/pico/pico-sdk/src/rp2_common/pico_bit_ops/bit_ops_aeabi.S.obj
LOAD CMakeFiles/AudioTrans.dir/home/samgriffen/raspberry-pi-pico/pico/pico-sdk/src/rp2_common/pico_bootrom/bootrom.c.obj
LOAD CMakeFiles/AudioTrans.dir/home/samgriffen/raspberry-pi-pico/pico/pico-sdk/src/rp2_common/pico_divider/divider.S.obj
LOAD CMakeFiles/AudioTrans.dir/home/samgriffen/raspberry-pi-pico/pico/pico-sdk/src/rp2_common/pico_double/double_aeabi.S.obj
LOAD CMakeFiles/AudioTrans.dir/home/samgriffen/raspberry-pi-pico/pico/pico-sdk/src/rp2_common/pico_double/double_init_rom.c.obj
LOAD CMakeFiles/AudioTrans.dir/home/samgriffen/raspberry-pi-pico/pico/pico-sdk/src/rp2_common/pico_double/double_math.c.obj
LOAD CMakeFiles/AudioTrans.dir/home/samgriffen/raspberry-pi-pico/pico/pico-sdk/src/rp2_common/pico_double/double_v1_rom_shim.S.obj
LOAD CMakeFiles/AudioTrans.dir/home/samgriffen/raspberry-pi-pico/pico/pico-sdk/src/rp2_common/pico_int64_ops/pico_int64_ops_aeabi.S.obj
LOAD CMakeFiles/AudioTrans.dir/home/samgriffen/raspberry-pi-pico/pico/pico-sdk/src/rp2_common/pico_float/float_aeabi.S.obj
LOAD CMakeFiles/AudioTrans.dir/home/samgriffen/raspberry-pi-pico/pico/pico-sdk/src/rp2_common/pico_float/float_init_rom.c.obj
LOAD CMakeFiles/AudioTrans.dir/home/samgriffen/raspberry-pi-pico/pico/pico-sdk/src/rp2_common/pico_float/float_math.c.obj
LOAD CMakeFiles/AudioTrans.dir/home/samgriffen/raspberry-pi-pico/pico/pico-sdk/src/rp2_common/pico_float/float_v1_rom_shim.S.obj
LOAD CMakeFiles/AudioTrans.dir/home/samgriffen/raspberry-pi-pico/pico/pico-sdk/src/rp2_common/pico_malloc/pico_malloc.c.obj
LOAD CMakeFiles/AudioTrans.dir/home/samgriffen/raspberry-pi-pico/pico/pico-sdk/src/rp2_common/pico_mem_ops/mem_ops_aeabi.S.obj
LOAD CMakeFiles/AudioTrans.dir/home/samgriffen/raspberry-pi-pico/pico/pico-sdk/src/rp2_common/pico_standard_link/crt0.S.obj
LOAD CMakeFiles/AudioTrans.dir/home/samgriffen/raspberry-pi-pico/pico/pico-sdk/src/rp2_common/pico_standard_link/new_delete.cpp.obj
LOAD CMakeFiles/AudioTrans.dir/home/samgriffen/raspberry-pi-pico/pico/pico-sdk/src/rp2_common/pico_standard_link/binary_info.c.obj
LOAD CMakeFiles/AudioTrans.dir/home/samgriffen/raspberry-pi-pico/pico/pico-sdk/src/rp2_common/pico_stdio/stdio.c.obj
LOAD CMakeFiles/AudioTrans.dir/home/samgriffen/raspberry-pi-pico/pico/pico-sdk/src/rp2_common/pico_stdio_uart/stdio_uart.c.obj
LOAD CMakeFiles/AudioTrans.dir/home/samgriffen/raspberry-pi-pico/pico/pico-sdk/src/rp2_common/hardware_spi/spi.c.obj
LOAD CMakeFiles/AudioTrans.dir/home/samgriffen/raspberry-pi-pico/pico/pico-sdk/src/rp2_common/hardware_adc/adc.c.obj
LOAD /tmp/ccAhVlzF.o
LOAD /usr/lib/gcc/arm-none-eabi/10.3.1/../../../arm-none-eabi/lib/thumb/v6-m/nofp/libstdc++.a
LOAD /usr/lib/gcc/arm-none-eabi/10.3.1/../../../arm-none-eabi/lib/thumb/v6-m/nofp/libm.a
START GROUP
LOAD /usr/lib/gcc/arm-none-eabi/10.3.1/thumb/v6-m/nofp/libgcc.a
LOAD /usr/lib/gcc/arm-none-eabi/10.3.1/../../../arm-none-eabi/lib/thumb/v6-m/nofp/libg.a
LOAD /usr/lib/gcc/arm-none-eabi/10.3.1/../../../arm-none-eabi/lib/thumb/v6-m/nofp/libc.a
END GROUP
START GROUP
LOAD /usr/lib/gcc/arm-none-eabi/10.3.1/thumb/v6-m/nofp/libgcc.a
LOAD /usr/lib/gcc/arm-none-eabi/10.3.1/../../../arm-none-eabi/lib/thumb/v6-m/nofp/libc.a
LOAD /usr/lib/gcc/arm-none-eabi/10.3.1/../../../arm-none-eabi/lib/thumb/v6-m/nofp/libnosys.a
END GROUP
LOAD /usr/lib/gcc/arm-none-eabi/10.3.1/thumb/v6-m/nofp/crtend.o
LOAD /usr/lib/gcc/arm-none-eabi/10.3.1/thumb/v6-m/nofp/crtn.o
OUTPUT(AudioTrans.elf elf32-littlearm)
LOAD linker stubs

.ARM.attributes
                0x0000000000000000       0x28
 .ARM.attributes
                0x0000000000000000       0x1e /usr/lib/gcc/arm-none-eabi/10.3.1/thumb/v6-m/nofp/crti.o
 .ARM.attributes
                0x000000000000001e       0x2c /usr/lib/gcc/arm-none-eabi/10.3.1/thumb/v6-m/nofp/crtbegin.o
 .ARM.attributes
                0x000000000000004a       0x2c CMakeFiles/AudioTrans.dir/AudioTrans.cpp.obj
 .ARM.attributes
                0x0000000000000076       0x2c CMakeFiles/AudioTrans.dir/NRF24.cpp.obj
 .ARM.attributes
                0x00000000000000a2       0x2c CMakeFiles/AudioTrans.dir/home/samgriffen/raspberry-pi-pico/pico/pico-sdk/src/rp2_common/hardware_gpio/gpio.c.obj
 .ARM.attributes
                0x00000000000000ce       0x2c CMakeFiles/AudioTrans.dir/home/samgriffen/raspberry-pi-pico/pico/pico-sdk/src/rp2_common/hardware_claim/claim.c.obj
 .ARM.attributes
                0x00000000000000fa       0x2c CMakeFiles/AudioTrans.dir/home/samgriffen/raspberry-pi-pico/pico/pico-sdk/src/rp2_common/pico_platform/platform.c.obj
 .ARM.attributes
                0x0000000000000126       0x2c CMakeFiles/AudioTrans.dir/home/samgriffen/raspberry-pi-pico/pico/pico-sdk/src/rp2_common/hardware_sync/sync.c.obj
 .ARM.attributes
                0x0000000000000152       0x2c CMakeFiles/AudioTrans.dir/home/samgriffen/raspberry-pi-pico/pico/pico-sdk/src/rp2_common/hardware_uart/uart.c.obj
 .ARM.attributes
                0x000000000000017e       0x2c CMakeFiles/AudioTrans.dir/home/samgriffen/raspberry-pi-pico/pico/pico-sdk/src/common/pico_time/time.c.obj
 .ARM.attributes
                0x00000000000001aa       0x2c CMakeFiles/AudioTrans.dir/home/samgriffen/raspberry-pi-pico/pico/pico-sdk/src/rp2_common/hardware_timer/timer.c.obj
 .ARM.attributes
                0x00000000000001d6       0x2c CMakeFiles/AudioTrans.dir/home/samgriffen/raspberry-pi-pico/pico/pico-sdk/src/common/pico_sync/lock_core.c.obj
 .ARM.attributes
                0x0000000000000202       0x2c CMakeFiles/AudioTrans.dir/home/samgriffen/raspberry-pi-pico/pico/pico-sdk/src/common/pico_sync/mutex.c.obj
 .ARM.attributes
                0x000000000000022e       0x2c CMakeFiles/AudioTrans.dir/home/samgriffen/raspberry-pi-pico/pico/pico-sdk/src/common/pico_util/pheap.c.obj
 .ARM.attributes
                0x000000000000025a       0x2c CMakeFiles/AudioTrans.dir/home/samgriffen/raspberry-pi-pico/pico/pico-sdk/src/rp2_common/pico_runtime/runtime.c.obj
 .ARM.attributes
                0x0000000000000286       0x2c CMakeFiles/AudioTrans.dir/home/samgriffen/raspberry-pi-pico/pico/pico-sdk/src/rp2_common/hardware_clocks/clocks.c.obj
 .ARM.attributes
                0x00000000000002b2       0x2c CMakeFiles/AudioTrans.dir/home/samgriffen/raspberry-pi-pico/pico/pico-sdk/src/rp2_common/hardware_irq/irq.c.obj
 .ARM.attributes
                0x00000000000002de       0x22 CMakeFiles/AudioTrans.dir/home/samgriffen/raspberry-pi-pico/pico/pico-sdk/src/rp2_common/hardware_irq/irq_handler_chain.S.obj
 .ARM.attributes
                0x0000000000000300       0x2c CMakeFiles/AudioTrans.dir/home/samgriffen/raspberry-pi-pico/pico/pico-sdk/src/rp2_common/hardware_pll/pll.c.obj
 .ARM.attributes
                0x000000000000032c       0x2c CMakeFiles/AudioTrans.dir/home/samgriffen/raspberry-pi-pico/pico/pico-sdk/src/rp2_common/hardware_watchdog/watchdog.c.obj
 .ARM.attributes
                0x0000000000000358       0x2c CMakeFiles/AudioTrans.dir/home/samgriffen/raspberry-pi-pico/pico/pico-sdk/src/rp2_common/hardware_xosc/xosc.c.obj
 .ARM.attributes
                0x0000000000000384       0x2c CMakeFiles/AudioTrans.dir/home/samgriffen/raspberry-pi-pico/pico/pico-sdk/src/rp2_common/pico_printf/printf.c.obj
 .ARM.attributes
                0x00000000000003b0       0x22 CMakeFiles/AudioTrans.dir/home/samgriffen/raspberry-pi-pico/pico/pico-sdk/src/rp2_common/pico_bit_ops/bit_ops_aeabi.S.obj
 .ARM.attributes
                0x00000000000003d2       0x2c CMakeFiles/AudioTrans.dir/home/samgriffen/raspberry-pi-pico/pico/pico-sdk/src/rp2_common/pico_bootrom/bootrom.c.obj
 .ARM.attributes
                0x00000000000003fe       0x22 CMakeFiles/AudioTrans.dir/home/samgriffen/raspberry-pi-pico/pico/pico-sdk/src/rp2_common/pico_divider/divider.S.obj
 .ARM.attributes
                0x0000000000000420       0x22 CMakeFiles/AudioTrans.dir/home/samgriffen/raspberry-pi-pico/pico/pico-sdk/src/rp2_common/pico_double/double_aeabi.S.obj
 .ARM.attributes
                0x0000000000000442       0x2c CMakeFiles/AudioTrans.dir/home/samgriffen/raspberry-pi-pico/pico/pico-sdk/src/rp2_common/pico_double/double_init_rom.c.obj
 .ARM.attributes
                0x000000000000046e       0x22 CMakeFiles/AudioTrans.dir/home/samgriffen/raspberry-pi-pico/pico/pico-sdk/src/rp2_common/pico_double/double_v1_rom_shim.S.obj
 .ARM.attributes
                0x0000000000000490       0x22 CMakeFiles/AudioTrans.dir/home/samgriffen/raspberry-pi-pico/pico/pico-sdk/src/rp2_common/pico_int64_ops/pico_int64_ops_aeabi.S.obj
 .ARM.attributes
                0x00000000000004b2       0x22 CMakeFiles/AudioTrans.dir/home/samgriffen/raspberry-pi-pico/pico/pico-sdk/src/rp2_common/pico_float/float_aeabi.S.obj
 .ARM.attributes
                0x00000000000004d4       0x2c CMakeFiles/AudioTrans.dir/home/samgriffen/raspberry-pi-pico/pico/pico-sdk/src/rp2_common/pico_float/float_init_rom.c.obj
 .ARM.attributes
                0x0000000000000500       0x22 CMakeFiles/AudioTrans.dir/home/samgriffen/raspberry-pi-pico/pico/pico-sdk/src/rp2_common/pico_float/float_v1_rom_shim.S.obj
 .ARM.attributes
                0x0000000000000522       0x22 CMakeFiles/AudioTrans.dir/home/samgriffen/raspberry-pi-pico/pico/pico-sdk/src/rp2_common/pico_mem_ops/mem_ops_aeabi.S.obj
 .ARM.attributes
                0x0000000000000544       0x22 CMakeFiles/AudioTrans.dir/home/samgriffen/raspberry-pi-pico/pico/pico-sdk/src/rp2_common/pico_standard_link/crt0.S.obj
 .ARM.attributes
                0x0000000000000566       0x32 CMakeFiles/AudioTrans.dir/home/samgriffen/raspberry-pi-pico/pico/pico-sdk/src/rp2_common/pico_standard_link/binary_info.c.obj
 .ARM.attributes
                0x0000000000000598       0x2c CMakeFiles/AudioTrans.dir/home/samgriffen/raspberry-pi-pico/pico/pico-sdk/src/rp2_common/pico_stdio/stdio.c.obj
 .ARM.attributes
                0x00000000000005c4       0x2c CMakeFiles/AudioTrans.dir/home/samgriffen/raspberry-pi-pico/pico/pico-sdk/src/rp2_common/pico_stdio_uart/stdio_uart.c.obj
 .ARM.attributes
                0x00000000000005f0       0x2c CMakeFiles/AudioTrans.dir/home/samgriffen/raspberry-pi-pico/pico/pico-sdk/src/rp2_common/hardware_spi/spi.c.obj
 .ARM.attributes
                0x000000000000061c       0x2c CMakeFiles/AudioTrans.dir/home/samgriffen/raspberry-pi-pico/pico/pico-sdk/src/rp2_common/hardware_adc/adc.c.obj
 .ARM.attributes
                0x0000000000000648       0x22 /tmp/ccAhVlzF.o
 .ARM.attributes
                0x000000000000066a       0x1e /usr/lib/gcc/arm-none-eabi/10.3.1/thumb/v6-m/nofp/libgcc.a(_dvmd_tls.o)
 .ARM.attributes
                0x0000000000000688       0x2c /usr/lib/gcc/arm-none-eabi/10.3.1/../../../arm-none-eabi/lib/thumb/v6-m/nofp/libg.a(lib_a-strlen-stub.o)
 .ARM.attributes
                0x00000000000006b4       0x2c /usr/lib/gcc/arm-none-eabi/10.3.1/thumb/v6-m/nofp/crtend.o

.comment        0x0000000000000000       0x33
 .comment       0x0000000000000000       0x33 /usr/lib/gcc/arm-none-eabi/10.3.1/thumb/v6-m/nofp/crtbegin.o
                                         0x34 (size before relaxing)
 .comment       0x0000000000000033       0x34 CMakeFiles/AudioTrans.dir/AudioTrans.cpp.obj
 .comment       0x0000000000000033       0x34 CMakeFiles/AudioTrans.dir/NRF24.cpp.obj
 .comment       0x0000000000000033       0x34 CMakeFiles/AudioTrans.dir/home/samgriffen/raspberry-pi-pico/pico/pico-sdk/src/rp2_common/hardware_gpio/gpio.c.obj
 .comment       0x0000000000000033       0x34 CMakeFiles/AudioTrans.dir/home/samgriffen/raspberry-pi-pico/pico/pico-sdk/src/rp2_common/hardware_claim/claim.c.obj
 .comment       0x0000000000000033       0x34 CMakeFiles/AudioTrans.dir/home/samgriffen/raspberry-pi-pico/pico/pico-sdk/src/rp2_common/pico_platform/platform.c.obj
 .comment       0x0000000000000033       0x34 CMakeFiles/AudioTrans.dir/home/samgriffen/raspberry-pi-pico/pico/pico-sdk/src/rp2_common/hardware_sync/sync.c.obj
 .comment       0x0000000000000033       0x34 CMakeFiles/AudioTrans.dir/home/samgriffen/raspberry-pi-pico/pico/pico-sdk/src/rp2_common/hardware_uart/uart.c.obj
 .comment       0x0000000000000033       0x34 CMakeFiles/AudioTrans.dir/home/samgriffen/raspberry-pi-pico/pico/pico-sdk/src/common/pico_time/time.c.obj
 .comment       0x0000000000000033       0x34 CMakeFiles/AudioTrans.dir/home/samgriffen/raspberry-pi-pico/pico/pico-sdk/src/rp2_common/hardware_timer/timer.c.obj
 .comment       0x0000000000000033       0x34 CMakeFiles/AudioTrans.dir/home/samgriffen/raspberry-pi-pico/pico/pico-sdk/src/common/pico_sync/lock_core.c.obj
 .comment       0x0000000000000033       0x34 CMakeFiles/AudioTrans.dir/home/samgriffen/raspberry-pi-pico/pico/pico-sdk/src/common/pico_sync/mutex.c.obj
 .comment       0x0000000000000033       0x34 CMakeFiles/AudioTrans.dir/home/samgriffen/raspberry-pi-pico/pico/pico-sdk/src/common/pico_util/pheap.c.obj
 .comment       0x0000000000000033       0x34 CMakeFiles/AudioTrans.dir/home/samgriffen/raspberry-pi-pico/pico/pico-sdk/src/rp2_common/pico_runtime/runtime.c.obj
 .comment       0x0000000000000033       0x34 CMakeFiles/AudioTrans.dir/home/samgriffen/raspberry-pi-pico/pico/pico-sdk/src/rp2_common/hardware_clocks/clocks.c.obj
 .comment       0x0000000000000033       0x34 CMakeFiles/AudioTrans.dir/home/samgriffen/raspberry-pi-pico/pico/pico-sdk/src/rp2_common/hardware_irq/irq.c.obj
 .comment       0x0000000000000033       0x34 CMakeFiles/AudioTrans.dir/home/samgriffen/raspberry-pi-pico/pico/pico-sdk/src/rp2_common/hardware_pll/pll.c.obj
 .comment       0x0000000000000033       0x34 CMakeFiles/AudioTrans.dir/home/samgriffen/raspberry-pi-pico/pico/pico-sdk/src/rp2_common/hardware_watchdog/watchdog.c.obj
 .comment       0x0000000000000033       0x34 CMakeFiles/AudioTrans.dir/home/samgriffen/raspberry-pi-pico/pico/pico-sdk/src/rp2_common/hardware_xosc/xosc.c.obj
 .comment       0x0000000000000033       0x34 CMakeFiles/AudioTrans.dir/home/samgriffen/raspberry-pi-pico/pico/pico-sdk/src/rp2_common/pico_printf/printf.c.obj
 .comment       0x0000000000000033       0x34 CMakeFiles/AudioTrans.dir/home/samgriffen/raspberry-pi-pico/pico/pico-sdk/src/rp2_common/pico_bootrom/bootrom.c.obj
 .comment       0x0000000000000033       0x34 CMakeFiles/AudioTrans.dir/home/samgriffen/raspberry-pi-pico/pico/pico-sdk/src/rp2_common/pico_double/double_init_rom.c.obj
 .comment       0x0000000000000033       0x34 CMakeFiles/AudioTrans.dir/home/samgriffen/raspberry-pi-pico/pico/pico-sdk/src/rp2_common/pico_float/float_init_rom.c.obj
 .comment       0x0000000000000033       0x34 CMakeFiles/AudioTrans.dir/home/samgriffen/raspberry-pi-pico/pico/pico-sdk/src/rp2_common/pico_standard_link/binary_info.c.obj
 .comment       0x0000000000000033       0x34 CMakeFiles/AudioTrans.dir/home/samgriffen/raspberry-pi-pico/pico/pico-sdk/src/rp2_common/pico_stdio/stdio.c.obj
 .comment       0x0000000000000033       0x34 CMakeFiles/AudioTrans.dir/home/samgriffen/raspberry-pi-pico/pico/pico-sdk/src/rp2_common/pico_stdio_uart/stdio_uart.c.obj
 .comment       0x0000000000000033       0x34 CMakeFiles/AudioTrans.dir/home/samgriffen/raspberry-pi-pico/pico/pico-sdk/src/rp2_common/hardware_spi/spi.c.obj
 .comment       0x0000000000000033       0x34 CMakeFiles/AudioTrans.dir/home/samgriffen/raspberry-pi-pico/pico/pico-sdk/src/rp2_common/hardware_adc/adc.c.obj
 .comment       0x0000000000000033       0x34 /usr/lib/gcc/arm-none-eabi/10.3.1/../../../arm-none-eabi/lib/thumb/v6-m/nofp/libg.a(lib_a-strlen-stub.o)
 .comment       0x0000000000000033       0x34 /usr/lib/gcc/arm-none-eabi/10.3.1/thumb/v6-m/nofp/crtend.o

.debug_info     0x0000000000000000    0x1682a
 .debug_info    0x0000000000000000      0xae0 CMakeFiles/AudioTrans.dir/AudioTrans.cpp.obj
 .debug_info    0x0000000000000ae0     0x17ec CMakeFiles/AudioTrans.dir/NRF24.cpp.obj
 .debug_info    0x00000000000022cc     0x1479 CMakeFiles/AudioTrans.dir/home/samgriffen/raspberry-pi-pico/pico/pico-sdk/src/rp2_common/hardware_gpio/gpio.c.obj
 .debug_info    0x0000000000003745      0x6a3 CMakeFiles/AudioTrans.dir/home/samgriffen/raspberry-pi-pico/pico/pico-sdk/src/rp2_common/hardware_claim/claim.c.obj
 .debug_info    0x0000000000003de8      0x1cb CMakeFiles/AudioTrans.dir/home/samgriffen/raspberry-pi-pico/pico/pico-sdk/src/rp2_common/pico_platform/platform.c.obj
 .debug_info    0x0000000000003fb3      0x576 CMakeFiles/AudioTrans.dir/home/samgriffen/raspberry-pi-pico/pico/pico-sdk/src/rp2_common/hardware_sync/sync.c.obj
 .debug_info    0x0000000000004529      0xb4d CMakeFiles/AudioTrans.dir/home/samgriffen/raspberry-pi-pico/pico/pico-sdk/src/rp2_common/hardware_uart/uart.c.obj
 .debug_info    0x0000000000005076     0x3aff CMakeFiles/AudioTrans.dir/home/samgriffen/raspberry-pi-pico/pico/pico-sdk/src/common/pico_time/time.c.obj
 .debug_info    0x0000000000008b75     0x10f8 CMakeFiles/AudioTrans.dir/home/samgriffen/raspberry-pi-pico/pico/pico-sdk/src/rp2_common/hardware_timer/timer.c.obj
 .debug_info    0x0000000000009c6d      0x198 CMakeFiles/AudioTrans.dir/home/samgriffen/raspberry-pi-pico/pico/pico-sdk/src/common/pico_sync/lock_core.c.obj
 .debug_info    0x0000000000009e05     0x1ff2 CMakeFiles/AudioTrans.dir/home/samgriffen/raspberry-pi-pico/pico/pico-sdk/src/common/pico_sync/mutex.c.obj
 .debug_info    0x000000000000bdf7     0x120c CMakeFiles/AudioTrans.dir/home/samgriffen/raspberry-pi-pico/pico/pico-sdk/src/common/pico_util/pheap.c.obj
 .debug_info    0x000000000000d003      0xa87 CMakeFiles/AudioTrans.dir/home/samgriffen/raspberry-pi-pico/pico/pico-sdk/src/rp2_common/pico_runtime/runtime.c.obj
 .debug_info    0x000000000000da8a      0xf3c CMakeFiles/AudioTrans.dir/home/samgriffen/raspberry-pi-pico/pico/pico-sdk/src/rp2_common/hardware_clocks/clocks.c.obj
 .debug_info    0x000000000000e9c6     0x1920 CMakeFiles/AudioTrans.dir/home/samgriffen/raspberry-pi-pico/pico/pico-sdk/src/rp2_common/hardware_irq/irq.c.obj
 .debug_info    0x00000000000102e6      0x503 CMakeFiles/AudioTrans.dir/home/samgriffen/raspberry-pi-pico/pico/pico-sdk/src/rp2_common/hardware_pll/pll.c.obj
 .debug_info    0x00000000000107e9      0x4ee CMakeFiles/AudioTrans.dir/home/samgriffen/raspberry-pi-pico/pico/pico-sdk/src/rp2_common/hardware_watchdog/watchdog.c.obj
 .debug_info    0x0000000000010cd7      0x1c0 CMakeFiles/AudioTrans.dir/home/samgriffen/raspberry-pi-pico/pico/pico-sdk/src/rp2_common/hardware_xosc/xosc.c.obj