Archive member included to satisfy reference by file (symbol)

/usr/lib/gcc/arm-none-eabi/10.3.1/thumb/v6-m/nofp/libgcc.a(_dvmd_tls.o)
                              CMakeFiles/AudioTrans.dir/home/samgriffen/raspberry-pi-pico/pico/pico-sdk/src/rp2_common/pico_divider/divider.S.obj (__aeabi_idiv0)
/usr/lib/gcc/arm-none-eabi/10.3.1/../../../arm-none-eabi/lib/thumb/v6-m/nofp/libg.a(lib_a-atexit.o)
                              /usr/lib/gcc/arm-none-eabi/10.3.1/../../../arm-none-eabi/lib/thumb/v6-m/nofp/crt0.o (atexit)
/usr/lib/gcc/arm-none-eabi/10.3.1/../../../arm-none-eabi/lib/thumb/v6-m/nofp/libg.a(lib_a-calloc.o)
                              CMakeFiles/AudioTrans.dir/home/samgriffen/raspberry-pi-pico/pico/pico-sdk/src/rp2_common/pico_malloc/pico_malloc.c.obj (calloc)
/usr/lib/gcc/arm-none-eabi/10.3.1/../../../arm-none-eabi/lib/thumb/v6-m/nofp/libg.a(lib_a-callocr.o)
                              /usr/lib/gcc/arm-none-eabi/10.3.1/../../../arm-none-eabi/lib/thumb/v6-m/nofp/libg.a(lib_a-calloc.o) (_calloc_r)
/usr/lib/gcc/arm-none-eabi/10.3.1/../../../arm-none-eabi/lib/thumb/v6-m/nofp/libg.a(lib_a-fini.o)
                              /usr/lib/gcc/arm-none-eabi/10.3.1/../../../arm-none-eabi/lib/thumb/v6-m/nofp/crt0.o (__libc_fini_array)
/usr/lib/gcc/arm-none-eabi/10.3.1/../../../arm-none-eabi/lib/thumb/v6-m/nofp/libg.a(lib_a-impure.o)
                              /usr/lib/gcc/arm-none-eabi/10.3.1/../../../arm-none-eabi/lib/thumb/v6-m/nofp/libg.a(lib_a-calloc.o) (_impure_ptr)
/usr/lib/gcc/arm-none-eabi/10.3.1/../../../arm-none-eabi/lib/thumb/v6-m/nofp/libg.a(lib_a-init.o)
                              /usr/lib/gcc/arm-none-eabi/10.3.1/../../../arm-none-eabi/lib/thumb/v6-m/nofp/crt0.o (__libc_init_array)
/usr/lib/gcc/arm-none-eabi/10.3.1/../../../arm-none-eabi/lib/thumb/v6-m/nofp/libg.a(lib_a-malloc.o)
                              CMakeFiles/AudioTrans.dir/home/samgriffen/raspberry-pi-pico/pico/pico-sdk/src/rp2_common/pico_malloc/pico_malloc.c.obj (malloc)
/usr/lib/gcc/arm-none-eabi/10.3.1/../../../arm-none-eabi/lib/thumb/v6-m/nofp/libg.a(lib_a-mallocr.o)
                              /usr/lib/gcc/arm-none-eabi/10.3.1/../../../arm-none-eabi/lib/thumb/v6-m/nofp/libg.a(lib_a-callocr.o) (_malloc_r)
/usr/lib/gcc/arm-none-eabi/10.3.1/../../../arm-none-eabi/lib/thumb/v6-m/nofp/libg.a(lib_a-mlock.o)
                              /usr/lib/gcc/arm-none-eabi/10.3.1/../../../arm-none-eabi/lib/thumb/v6-m/nofp/libg.a(lib_a-mallocr.o) (__malloc_lock)
/usr/lib/gcc/arm-none-eabi/10.3.1/../../../arm-none-eabi/lib/thumb/v6-m/nofp/libg.a(lib_a-sbrkr.o)
                              /usr/lib/gcc/arm-none-eabi/10.3.1/../../../arm-none-eabi/lib/thumb/v6-m/nofp/libg.a(lib_a-mallocr.o) (_sbrk_r)
/usr/lib/gcc/arm-none-eabi/10.3.1/../../../arm-none-eabi/lib/thumb/v6-m/nofp/libg.a(lib_a-strlen-stub.o)
                              CMakeFiles/AudioTrans.dir/home/samgriffen/raspberry-pi-pico/pico/pico-sdk/src/rp2_common/pico_stdio/stdio.c.obj (strlen)
/usr/lib/gcc/arm-none-eabi/10.3.1/../../../arm-none-eabi/lib/thumb/v6-m/nofp/libg.a(lib_a-__atexit.o)
                              /usr/lib/gcc/arm-none-eabi/10.3.1/../../../arm-none-eabi/lib/thumb/v6-m/nofp/libg.a(lib_a-atexit.o) (__register_exitproc)
/usr/lib/gcc/arm-none-eabi/10.3.1/../../../arm-none-eabi/lib/thumb/v6-m/nofp/libg.a(lib_a-freer.o)
                              /usr/lib/gcc/arm-none-eabi/10.3.1/../../../arm-none-eabi/lib/thumb/v6-m/nofp/libg.a(lib_a-malloc.o) (_free_r)
/usr/lib/gcc/arm-none-eabi/10.3.1/../../../arm-none-eabi/lib/thumb/v6-m/nofp/libg.a(lib_a-reent.o)
                              /usr/lib/gcc/arm-none-eabi/10.3.1/../../../arm-none-eabi/lib/thumb/v6-m/nofp/libg.a(lib_a-sbrkr.o) (errno)

Discarded input sections

 .text          0x0000000000000000        0x0 /usr/lib/gcc/arm-none-eabi/10.3.1/thumb/v6-m/nofp/crti.o
 .data          0x0000000000000000        0x0 /usr/lib/gcc/arm-none-eabi/10.3.1/thumb/v6-m/nofp/crti.o
 .bss           0x0000000000000000        0x0 /usr/lib/gcc/arm-none-eabi/10.3.1/thumb/v6-m/nofp/crti.o
 .data          0x0000000000000000        0x4 /usr/lib/gcc/arm-none-eabi/10.3.1/thumb/v6-m/nofp/crtbegin.o
 .rodata        0x0000000000000000       0x24 /usr/lib/gcc/arm-none-eabi/10.3.1/thumb/v6-m/nofp/crtbegin.o
 .fini_array    0x0000000000000000        0x4 /usr/lib/gcc/arm-none-eabi/10.3.1/thumb/v6-m/nofp/crtbegin.o
 .text          0x0000000000000000       0x74 /usr/lib/gcc/arm-none-eabi/10.3.1/../../../arm-none-eabi/lib/thumb/v6-m/nofp/crt0.o
 .data          0x0000000000000000        0x0 /usr/lib/gcc/arm-none-eabi/10.3.1/../../../arm-none-eabi/lib/thumb/v6-m/nofp/crt0.o
 .bss           0x0000000000000000        0x0 /usr/lib/gcc/arm-none-eabi/10.3.1/../../../arm-none-eabi/lib/thumb/v6-m/nofp/crt0.o
 .ARM.extab     0x0000000000000000        0x0 /usr/lib/gcc/arm-none-eabi/10.3.1/../../../arm-none-eabi/lib/thumb/v6-m/nofp/crt0.o
[...]
Memory Configuration

Name             Origin             Length             Attributes
FLASH            0x0000000010000000 0x0000000000200000 xr
RAM              0x0000000020000000 0x0000000000040000 xrw
SCRATCH_X        0x0000000020040000 0x0000000000001000 xrw
SCRATCH_Y        0x0000000020041000 0x0000000000001000 xrw
*default*        0x0000000000000000 0xffffffffffffffff

Linker script and memory map

LOAD /usr/lib/gcc/arm-none-eabi/10.3.1/thumb/v6-m/nofp/crti.o
LOAD /usr/lib/gcc/arm-none-eabi/10.3.1/thumb/v6-m/nofp/crtbegin.o
LOAD /usr/lib/gcc/arm-none-eabi/10.3.1/../../../arm-none-eabi/lib/thumb/v6-m/nofp/crt0.o

.flash_begin    0x0000000010000000        0x0
                0x0000000010000000                __flash_binary_start = .

.boot2          0x0000000010000000      0x100
                0x0000000010000000                __boot2_start__ = .
 *(.boot2)
 .boot2         0x0000000010000000      0x100 /tmp/ccWDWCia.o
                0x0000000010000100                __boot2_end__ = .
                0x0000000000000001                ASSERT (((__boot2_end__ - __boot2_start__) == 0x100), ERROR: Pico second stage bootloader must be 256 bytes in size)

.text           0x0000000010000100     0x4720
                0x0000000010000100                __logical_binary_start = .
 *(.vectors)
 .vectors       0x0000000010000100       0xd4 CMakeFiles/AudioTrans.dir/home/samgriffen/raspberry-pi-pico/pico/pico-sdk/src/rp2_common/pico_standard_link/crt0.S.obj
                0x0000000010000100                __vectors
                0x0000000010000100                __VECTOR_TABLE
                0x00000000100001c0                isr_invalid
                0x00000000100001c0                __default_isrs_start
                0x00000000100001c2                isr_nmi
                0x00000000100001c4                isr_hardfault
                0x00000000100001c6                isr_svcall
                0x00000000100001c8                isr_pendsv
                0x00000000100001ca                isr_systick
                0x00000000100001cc                isr_irq30
                0x00000000100001cc                __unhandled_user_irq
                0x00000000100001cc                isr_irq13
                0x00000000100001cc                isr_irq27
                0x00000000100001cc                isr_irq31
                0x00000000100001cc                isr_irq5
                0x00000000100001cc                isr_irq11
                0x00000000100001cc                isr_irq23
                0x00000000100001cc                isr_irq18
                0x00000000100001cc                isr_irq28
                0x00000000100001cc                isr_irq19
                0x00000000100001cc                isr_irq0
                0x00000000100001cc                isr_irq6
                0x00000000100001cc                isr_irq22
                0x00000000100001cc                isr_irq17
                0x00000000100001cc                isr_irq14
                0x00000000100001cc                isr_irq2
                0x00000000100001cc                isr_irq10
                0x00000000100001cc                isr_irq8
                0x00000000100001cc                isr_irq24
                0x00000000100001cc                isr_irq1
                0x00000000100001cc                isr_irq7
                0x00000000100001cc                isr_irq21
                0x00000000100001cc                isr_irq20
                0x00000000100001cc                isr_irq15
                0x00000000100001cc                isr_irq25
                0x00000000100001cc                isr_irq4
                0x00000000100001cc                isr_irq16
                0x00000000100001cc                isr_irq29
                0x00000000100001cc                isr_irq26
                0x00000000100001cc                __default_isrs_end
                0x00000000100001cc                isr_irq3
                0x00000000100001cc                isr_irq12
                0x00000000100001cc                isr_irq9
                0x00000000100001d2                unhandled_user_irq_num_in_r0
 *(.binary_info_header)
 .binary_info_header
                0x00000000100001d4       0x14 CMakeFiles/AudioTrans.dir/home/samgriffen/raspberry-pi-pico/pico/pico-sdk/src/rp2_common/pico_standard_link/crt0.S.obj
                0x00000000100001e8                __binary_info_header_end = .
 *(.reset)
 .reset         0x00000000100001e8       0xa8 CMakeFiles/AudioTrans.dir/home/samgriffen/raspberry-pi-pico/pico/pico-sdk/src/rp2_common/pico_standard_link/crt0.S.obj
                0x00000000100001e8                _entry_point
                0x0000000010000266                __get_current_exception
 .reset         0x0000000010000290       0x30 CMakeFiles/AudioTrans.dir/home/samgriffen/raspberry-pi-pico/pico/pico-sdk/src/rp2_common/pico_standard_link/binary_info.c.obj
 *(.init)
 .init          0x00000000100002c0        0x4 /usr/lib/gcc/arm-none-eabi/10.3.1/thumb/v6-m/nofp/crti.o
                0x00000000100002c0                _init
 *(EXCLUDE_FILE(*libm.a: *libc.a:*lib_a-mem*.o *libgcc.a:) .text*)
 .text          0x00000000100002c4       0x98 /usr/lib/gcc/arm-none-eabi/10.3.1/thumb/v6-m/nofp/crtbegin.o
 .text.main     0x000000001000035c       0xd8 CMakeFiles/AudioTrans.dir/AudioTrans.cpp.obj
                0x000000001000035c                main
 .text._ZN5NRF24C2EP8spi_insttt
                0x0000000010000434       0x64 CMakeFiles/AudioTrans.dir/NRF24.cpp.obj
                0x0000000010000434                NRF24::NRF24(spi_inst*, unsigned short, unsigned short)
                0x0000000010000434                NRF24::NRF24(spi_inst*, unsigned short, unsigned short)
 .text._ZN5NRF248read_regEh
                0x0000000010000498       0x54 CMakeFiles/AudioTrans.dir/NRF24.cpp.obj
                0x0000000010000498                NRF24::read_reg(unsigned char)
 .text._ZN5NRF249write_regEhPhh
                0x00000000100004ec       0x5c CMakeFiles/AudioTrans.dir/NRF24.cpp.obj
                0x00000000100004ec                NRF24::write_reg(unsigned char, unsigned char*, unsigned char)
 .text._ZN5NRF249write_regEhh
                0x0000000010000548       0x16 CMakeFiles/AudioTrans.dir/NRF24.cpp.obj
                0x0000000010000548                NRF24::write_reg(unsigned char, unsigned char)
 *fill*         0x000000001000055e        0x2 
 .text._ZN5NRF246configEv
                0x0000000010000560       0x74 CMakeFiles/AudioTrans.dir/NRF24.cpp.obj
                0x0000000010000560                NRF24::config()
 .text._ZN5NRF247tx_modeEv
                0x00000000100005d4       0x2c CMakeFiles/AudioTrans.dir/NRF24.cpp.obj
                0x00000000100005d4                NRF24::tx_mode()
 .text._ZN5NRF2412send_messageEPhh
                0x0000000010000600       0x5e CMakeFiles/AudioTrans.dir/NRF24.cpp.obj
                0x0000000010000600                NRF24::send_message(unsigned char*, unsigned char)
 *fill*         0x000000001000065e        0x2 
 .text.gpio_set_function
                0x0000000010000660       0x30 CMakeFiles/AudioTrans.dir/home/samgriffen/raspberry-pi-pico/pico/pico-sdk/src/rp2_common/hardware_gpio/gpio.c.obj
                0x0000000010000660                gpio_set_function
 .text.gpio_set_pulls
                0x0000000010000690       0x34 CMakeFiles/AudioTrans.dir/home/samgriffen/raspberry-pi-pico/pico/pico-sdk/src/rp2_common/hardware_gpio/gpio.c.obj
                0x0000000010000690                gpio_set_pulls
 .text.gpio_set_input_enabled
                0x00000000100006c4       0x30 CMakeFiles/AudioTrans.dir/home/samgriffen/raspberry-pi-pico/pico/pico-sdk/src/rp2_common/hardware_gpio/gpio.c.obj
                0x00000000100006c4                gpio_set_input_enabled
 .text.gpio_init
                0x00000000100006f4       0x16 CMakeFiles/AudioTrans.dir/home/samgriffen/raspberry-pi-pico/pico/pico-sdk/src/rp2_common/hardware_gpio/gpio.c.obj
                0x00000000100006f4                gpio_init
 *fill*         0x000000001000070a        0x2 
 .text.hw_claim_lock
                0x000000001000070c       0x18 CMakeFiles/AudioTrans.dir/home/samgriffen/raspberry-pi-pico/pico/pico-sdk/src/rp2_common/hardware_claim/claim.c.obj
                0x000000001000070c                hw_claim_lock
 .text.hw_claim_unlock
                0x0000000010000724       0x14 CMakeFiles/AudioTrans.dir/home/samgriffen/raspberry-pi-pico/pico/pico-sdk/src/rp2_common/hardware_claim/claim.c.obj
                0x0000000010000724                hw_claim_unlock
 .text.hw_claim_or_assert
                0x0000000010000738       0x32 CMakeFiles/AudioTrans.dir/home/samgriffen/raspberry-pi-pico/pico/pico-sdk/src/rp2_common/hardware_claim/claim.c.obj
                0x0000000010000738                hw_claim_or_assert
 *fill*         0x000000001000076a        0x2 
 .text.running_on_fpga
                0x000000001000076c       0x14 CMakeFiles/AudioTrans.dir/home/samgriffen/raspberry-pi-pico/pico/pico-sdk/src/rp2_common/pico_platform/platform.c.obj
                0x000000001000076c                running_on_fpga
 .text.spin_locks_reset
                0x0000000010000780       0x20 CMakeFiles/AudioTrans.dir/home/samgriffen/raspberry-pi-pico/pico/pico-sdk/src/rp2_common/hardware_sync/sync.c.obj
                0x0000000010000780                spin_locks_reset
 .text.next_striped_spin_lock_num
                0x00000000100007a0       0x1c CMakeFiles/AudioTrans.dir/home/samgriffen/raspberry-pi-pico/pico/pico-sdk/src/rp2_common/hardware_sync/sync.c.obj
                0x00000000100007a0                next_striped_spin_lock_num
 .text.uart_set_baudrate
                0x00000000100007bc       0x5c CMakeFiles/AudioTrans.dir/home/samgriffen/raspberry-pi-pico/pico/pico-sdk/src/rp2_common/hardware_uart/uart.c.obj
                0x00000000100007bc                uart_set_baudrate
 .text.uart_set_translate_crlf
                0x0000000010000818       0x28 CMakeFiles/AudioTrans.dir/home/samgriffen/raspberry-pi-pico/pico/pico-sdk/src/rp2_common/hardware_uart/uart.c.obj
                0x0000000010000818                uart_set_translate_crlf
 .text.uart_init
                0x0000000010000840       0x80 CMakeFiles/AudioTrans.dir/home/samgriffen/raspberry-pi-pico/pico/pico-sdk/src/rp2_common/hardware_uart/uart.c.obj
                0x0000000010000840                uart_init
 .text.alarm_pool_post_alloc_init
                0x00000000100008c0       0x40 CMakeFiles/AudioTrans.dir/home/samgriffen/raspberry-pi-pico/pico/pico-sdk/src/common/pico_time/time.c.obj
 .text.sleep_until_callback
                0x0000000010000900       0x30 CMakeFiles/AudioTrans.dir/home/samgriffen/raspberry-pi-pico/pico/pico-sdk/src/common/pico_time/time.c.obj
 .text.timer_pool_entry_comparator
                0x0000000010000930       0x7c CMakeFiles/AudioTrans.dir/home/samgriffen/raspberry-pi-pico/pico/pico-sdk/src/common/pico_time/time.c.obj
                0x0000000010000930                timer_pool_entry_comparator
 .text.ph_add_child_node
                0x00000000100009ac       0xa4 CMakeFiles/AudioTrans.dir/home/samgriffen/raspberry-pi-pico/pico/pico-sdk/src/common/pico_time/time.c.obj
 .text.ph_merge_nodes
                0x0000000010000a50       0x3e CMakeFiles/AudioTrans.dir/home/samgriffen/raspberry-pi-pico/pico/pico-sdk/src/common/pico_time/time.c.obj
 *fill*         0x0000000010000a8e        0x2 
 .text.add_alarm_under_lock
                0x0000000010000a90      0x174 CMakeFiles/AudioTrans.dir/home/samgriffen/raspberry-pi-pico/pico/pico-sdk/src/common/pico_time/time.c.obj
 .text.alarm_pool_alarm_callback
                0x0000000010000c04      0x328 CMakeFiles/AudioTrans.dir/home/samgriffen/raspberry-pi-pico/pico/pico-sdk/src/common/pico_time/time.c.obj
 .text.alarm_pool_init_default
                0x0000000010000f2c       0x38 CMakeFiles/AudioTrans.dir/home/samgriffen/raspberry-pi-pico/pico/pico-sdk/src/common/pico_time/time.c.obj
                0x0000000010000f2c                alarm_pool_init_default
 .text.alarm_pool_get_default
                0x0000000010000f64       0x2c CMakeFiles/AudioTrans.dir/home/samgriffen/raspberry-pi-pico/pico/pico-sdk/src/common/pico_time/time.c.obj
                0x0000000010000f64                alarm_pool_get_default
 .text.alarm_pool_add_alarm_at
                0x0000000010000f90      0x170 CMakeFiles/AudioTrans.dir/home/samgriffen/raspberry-pi-pico/pico/pico-sdk/src/common/pico_time/time.c.obj
                0x0000000010000f90                alarm_pool_add_alarm_at
 .text.sleep_until
                0x0000000010001100       0xfc CMakeFiles/AudioTrans.dir/home/samgriffen/raspberry-pi-pico/pico/pico-sdk/src/common/pico_time/time.c.obj
                0x0000000010001100                sleep_until
 .text.sleep_us
                0x00000000100011fc       0x58 CMakeFiles/AudioTrans.dir/home/samgriffen/raspberry-pi-pico/pico/pico-sdk/src/common/pico_time/time.c.obj
                0x00000000100011fc                sleep_us
 .text.sleep_ms
                0x0000000010001254       0x14 CMakeFiles/AudioTrans.dir/home/samgriffen/raspberry-pi-pico/pico/pico-sdk/src/common/pico_time/time.c.obj
                0x0000000010001254                sleep_ms
 .text.hardware_alarm_irq_handler
                0x0000000010001268       0x8c CMakeFiles/AudioTrans.dir/home/samgriffen/raspberry-pi-pico/pico/pico-sdk/src/rp2_common/hardware_timer/timer.c.obj
 .text.hardware_alarm_claim
                0x00000000100012f4       0x18 CMakeFiles/AudioTrans.dir/home/samgriffen/raspberry-pi-pico/pico/pico-sdk/src/rp2_common/hardware_timer/timer.c.obj
                0x00000000100012f4                hardware_alarm_claim
 .text.time_us_64
                0x000000001000130c       0x18 CMakeFiles/AudioTrans.dir/home/samgriffen/raspberry-pi-pico/pico/pico-sdk/src/rp2_common/hardware_timer/timer.c.obj
                0x000000001000130c                time_us_64
 .text.busy_wait_until
                0x0000000010001324       0x28 CMakeFiles/AudioTrans.dir/home/samgriffen/raspberry-pi-pico/pico/pico-sdk/src/rp2_common/hardware_timer/timer.c.obj
                0x0000000010001324                busy_wait_until
 .text.hardware_alarm_set_callback
                0x000000001000134c       0x90 CMakeFiles/AudioTrans.dir/home/samgriffen/raspberry-pi-pico/pico/pico-sdk/src/rp2_common/hardware_timer/timer.c.obj
                0x000000001000134c                hardware_alarm_set_callback
 .text.hardware_alarm_set_target
                0x00000000100013dc       0xe8 CMakeFiles/AudioTrans.dir/home/samgriffen/raspberry-pi-pico/pico/pico-sdk/src/rp2_common/hardware_timer/timer.c.obj
                0x00000000100013dc                hardware_alarm_set_target
 .text.hardware_alarm_cancel
                0x00000000100014c4       0x40 CMakeFiles/AudioTrans.dir/home/samgriffen/raspberry-pi-pico/pico/pico-sdk/src/rp2_common/hardware_timer/timer.c.obj
                0x00000000100014c4                hardware_alarm_cancel
 .text.lock_init
                0x0000000010001504       0x10 CMakeFiles/AudioTrans.dir/home/samgriffen/raspberry-pi-pico/pico/pico-sdk/src/common/pico_sync/lock_core.c.obj
                0x0000000010001504                lock_init
 .text.mutex_init
                0x0000000010001514       0x1a CMakeFiles/AudioTrans.dir/home/samgriffen/raspberry-pi-pico/pico/pico-sdk/src/common/pico_sync/mutex.c.obj
                0x0000000010001514                mutex_init
 .text.recursive_mutex_init
                0x000000001000152e       0x1e CMakeFiles/AudioTrans.dir/home/samgriffen/raspberry-pi-pico/pico/pico-sdk/src/common/pico_sync/mutex.c.obj
                0x000000001000152e                recursive_mutex_init
 .text.ph_add_child_node
                0x000000001000154c       0xa4 CMakeFiles/AudioTrans.dir/home/samgriffen/raspberry-pi-pico/pico/pico-sdk/src/common/pico_util/pheap.c.obj
 .text.ph_merge_nodes
                0x00000000100015f0       0x3e CMakeFiles/AudioTrans.dir/home/samgriffen/raspberry-pi-pico/pico/pico-sdk/src/common/pico_util/pheap.c.obj
 *fill*         0x000000001000162e        0x2 
 .text.ph_clear
                0x0000000010001630       0x70 CMakeFiles/AudioTrans.dir/home/samgriffen/raspberry-pi-pico/pico/pico-sdk/src/common/pico_util/pheap.c.obj
                0x0000000010001630                ph_clear
 .text.ph_post_alloc_init
                0x00000000100016a0        0xe CMakeFiles/AudioTrans.dir/home/samgriffen/raspberry-pi-pico/pico/pico-sdk/src/common/pico_util/pheap.c.obj
                0x00000000100016a0                ph_post_alloc_init
 *fill*         0x00000000100016ae        0x2 
 .text.ph_merge_two_pass
                0x00000000100016b0       0xa8 CMakeFiles/AudioTrans.dir/home/samgriffen/raspberry-pi-pico/pico/pico-sdk/src/common/pico_util/pheap.c.obj
                0x00000000100016b0                ph_merge_two_pass
 .text.ph_remove_any_head
                0x0000000010001758      0x108 CMakeFiles/AudioTrans.dir/home/samgriffen/raspberry-pi-pico/pico/pico-sdk/src/common/pico_util/pheap.c.obj
 .text.ph_remove_head
                0x0000000010001860       0x14 CMakeFiles/AudioTrans.dir/home/samgriffen/raspberry-pi-pico/pico/pico-sdk/src/common/pico_util/pheap.c.obj
                0x0000000010001860                ph_remove_head
 .text.ph_remove_and_free_node
                0x0000000010001874       0xf8 CMakeFiles/AudioTrans.dir/home/samgriffen/raspberry-pi-pico/pico/pico-sdk/src/common/pico_util/pheap.c.obj
                0x0000000010001874                ph_remove_and_free_node
 .text._exit    0x000000001000196c        0x4 CMakeFiles/AudioTrans.dir/home/samgriffen/raspberry-pi-pico/pico/pico-sdk/src/rp2_common/pico_runtime/runtime.c.obj
                0x000000001000196c                _exit
 .text.exit     0x0000000010001970        0x6 CMakeFiles/AudioTrans.dir/home/samgriffen/raspberry-pi-pico/pico/pico-sdk/src/rp2_common/pico_runtime/runtime.c.obj
                0x0000000010001970                exit
 *fill*         0x0000000010001976        0x2 
 .text.__assert_func
                0x0000000010001978       0x3c CMakeFiles/AudioTrans.dir/home/samgriffen/raspberry-pi-pico/pico/pico-sdk/src/rp2_common/pico_runtime/runtime.c.obj
                0x0000000010001978                __assert_func
 .text.runtime_init
                0x00000000100019b4       0xf8 CMakeFiles/AudioTrans.dir/home/samgriffen/raspberry-pi-pico/pico/pico-sdk/src/rp2_common/pico_runtime/runtime.c.obj
                0x00000000100019b4                runtime_init
 .text.panic    0x0000000010001aac       0x30 CMakeFiles/AudioTrans.dir/home/samgriffen/raspberry-pi-pico/pico/pico-sdk/src/rp2_common/pico_runtime/runtime.c.obj
                0x0000000010001aac                panic
 .text.clock_configure
                0x0000000010001adc      0x104 CMakeFiles/AudioTrans.dir/home/samgriffen/raspberry-pi-pico/pico/pico-sdk/src/rp2_common/hardware_clocks/clocks.c.obj
                0x0000000010001adc                clock_configure
 .text.clocks_init
                0x0000000010001be0      0x100 CMakeFiles/AudioTrans.dir/home/samgriffen/raspberry-pi-pico/pico/pico-sdk/src/rp2_common/hardware_clocks/clocks.c.obj
                0x0000000010001be0                clocks_init
 .text.clock_get_hz
                0x0000000010001ce0        0xc CMakeFiles/AudioTrans.dir/home/samgriffen/raspberry-pi-pico/pico/pico-sdk/src/rp2_common/hardware_clocks/clocks.c.obj
                0x0000000010001ce0                clock_get_hz
 .text.set_raw_irq_handler_and_unlock
                0x0000000010001cec       0x28 CMakeFiles/AudioTrans.dir/home/samgriffen/raspberry-pi-pico/pico/pico-sdk/src/rp2_common/hardware_irq/irq.c.obj
 .text.make_branch
                0x0000000010001d14       0x34 CMakeFiles/AudioTrans.dir/home/samgriffen/raspberry-pi-pico/pico/pico-sdk/src/rp2_common/hardware_irq/irq.c.obj
 .text.insert_branch_and_link
                0x0000000010001d48       0x40 CMakeFiles/AudioTrans.dir/home/samgriffen/raspberry-pi-pico/pico/pico-sdk/src/rp2_common/hardware_irq/irq.c.obj
 .text.irq_is_enabled
                0x0000000010001d88       0x18 CMakeFiles/AudioTrans.dir/home/samgriffen/raspberry-pi-pico/pico/pico-sdk/src/rp2_common/hardware_irq/irq.c.obj
                0x0000000010001d88                irq_is_enabled
 .text.irq_set_mask_enabled
                0x0000000010001da0       0x20 CMakeFiles/AudioTrans.dir/home/samgriffen/raspberry-pi-pico/pico/pico-sdk/src/rp2_common/hardware_irq/irq.c.obj
                0x0000000010001da0                irq_set_mask_enabled
 .text.irq_set_enabled
                0x0000000010001dc0        0xe CMakeFiles/AudioTrans.dir/home/samgriffen/raspberry-pi-pico/pico/pico-sdk/src/rp2_common/hardware_irq/irq.c.obj
                0x0000000010001dc0                irq_set_enabled
 *fill*         0x0000000010001dce        0x2 
 .text.irq_get_vtable_handler
                0x0000000010001dd0       0x10 CMakeFiles/AudioTrans.dir/home/samgriffen/raspberry-pi-pico/pico/pico-sdk/src/rp2_common/hardware_irq/irq.c.obj
                0x0000000010001dd0                irq_get_vtable_handler
 .text.irq_set_exclusive_handler
                0x0000000010001de0       0x54 CMakeFiles/AudioTrans.dir/home/samgriffen/raspberry-pi-pico/pico/pico-sdk/src/rp2_common/hardware_irq/irq.c.obj
                0x0000000010001de0                irq_set_exclusive_handler
 .text.irq_remove_handler
                0x0000000010001e34      0x1ac CMakeFiles/AudioTrans.dir/home/samgriffen/raspberry-pi-pico/pico/pico-sdk/src/rp2_common/hardware_irq/irq.c.obj
                0x0000000010001e34                irq_remove_handler
 .text.irq_add_tail_to_free_list
                0x0000000010001fe0       0xf0 CMakeFiles/AudioTrans.dir/home/samgriffen/raspberry-pi-pico/pico/pico-sdk/src/rp2_common/hardware_irq/irq.c.obj
                0x0000000010001fe0                irq_add_tail_to_free_list
 .text.irq_init_priorities
                0x00000000100020d0       0x1c CMakeFiles/AudioTrans.dir/home/samgriffen/raspberry-pi-pico/pico/pico-sdk/src/rp2_common/hardware_irq/irq.c.obj
                0x00000000100020d0                irq_init_priorities
 .text.pll_init
                0x00000000100020ec      0x118 CMakeFiles/AudioTrans.dir/home/samgriffen/raspberry-pi-pico/pico/pico-sdk/src/rp2_common/hardware_pll/pll.c.obj
                0x00000000100020ec                pll_init
 .text.watchdog_start_tick
                0x0000000010002204       0x10 CMakeFiles/AudioTrans.dir/home/samgriffen/raspberry-pi-pico/pico/pico-sdk/src/rp2_common/hardware_watchdog/watchdog.c.obj
                0x0000000010002204                watchdog_start_tick
 .text.xosc_init
                0x0000000010002214       0x28 CMakeFiles/AudioTrans.dir/home/samgriffen/raspberry-pi-pico/pico/pico-sdk/src/rp2_common/hardware_xosc/xosc.c.obj
                0x0000000010002214                xosc_init
 .text._out_null
                0x000000001000223c        0x2 CMakeFiles/AudioTrans.dir/home/samgriffen/raspberry-pi-pico/pico/pico-sdk/src/rp2_common/pico_printf/printf.c.obj
 .text._out_fct
                0x000000001000223e        0xe CMakeFiles/AudioTrans.dir/home/samgriffen/raspberry-pi-pico/pico/pico-sdk/src/rp2_common/pico_printf/printf.c.obj
 .text._atoi    0x000000001000224c       0x24 CMakeFiles/AudioTrans.dir/home/samgriffen/raspberry-pi-pico/pico/pico-sdk/src/rp2_common/pico_printf/printf.c.obj
 .text._out_rev
                0x0000000010002270       0xae CMakeFiles/AudioTrans.dir/home/samgriffen/raspberry-pi-pico/pico/pico-sdk/src/rp2_common/pico_printf/printf.c.obj
 .text._ntoa_format
                0x000000001000231e      0x112 CMakeFiles/AudioTrans.dir/home/samgriffen/raspberry-pi-pico/pico/pico-sdk/src/rp2_common/pico_printf/printf.c.obj
 .text._ntoa_long
                0x0000000010002430       0xbc CMakeFiles/AudioTrans.dir/home/samgriffen/raspberry-pi-pico/pico/pico-sdk/src/rp2_common/pico_printf/printf.c.obj
 .text._ntoa_long_long
                0x00000000100024ec       0xe2 CMakeFiles/AudioTrans.dir/home/samgriffen/raspberry-pi-pico/pico/pico-sdk/src/rp2_common/pico_printf/printf.c.obj
 *fill*         0x00000000100025ce        0x2 
 .text._etoa    0x00000000100025d0      0x414 CMakeFiles/AudioTrans.dir/home/samgriffen/raspberry-pi-pico/pico/pico-sdk/src/rp2_common/pico_printf/printf.c.obj
 .text._ftoa    0x00000000100029e4      0x354 CMakeFiles/AudioTrans.dir/home/samgriffen/raspberry-pi-pico/pico/pico-sdk/src/rp2_common/pico_printf/printf.c.obj
 .text._vsnprintf
                0x0000000010002d38      0x624 CMakeFiles/AudioTrans.dir/home/samgriffen/raspberry-pi-pico/pico/pico-sdk/src/rp2_common/pico_printf/printf.c.obj
 .text.vfctprintf
                0x000000001000335c       0x20 CMakeFiles/AudioTrans.dir/home/samgriffen/raspberry-pi-pico/pico/pico-sdk/src/rp2_common/pico_printf/printf.c.obj
                0x000000001000335c                vfctprintf
 .text          0x000000001000337c       0x10 CMakeFiles/AudioTrans.dir/home/samgriffen/raspberry-pi-pico/pico/pico-sdk/src/rp2_common/pico_bit_ops/bit_ops_aeabi.S.obj
 .text.rom_func_lookup
                0x000000001000338c       0x10 CMakeFiles/AudioTrans.dir/home/samgriffen/raspberry-pi-pico/pico/pico-sdk/src/rp2_common/pico_bootrom/bootrom.c.obj
                0x000000001000338c                rom_func_lookup
 .text.rom_data_lookup
                0x000000001000339c       0x10 CMakeFiles/AudioTrans.dir/home/samgriffen/raspberry-pi-pico/pico/pico-sdk/src/rp2_common/pico_bootrom/bootrom.c.obj
                0x000000001000339c                rom_data_lookup
 .text.rom_funcs_lookup
                0x00000000100033ac       0x36 CMakeFiles/AudioTrans.dir/home/samgriffen/raspberry-pi-pico/pico/pico-sdk/src/rp2_common/pico_bootrom/bootrom.c.obj
                0x00000000100033ac                rom_funcs_lookup
 *fill*         0x00000000100033e2        0x2 
 .text.__wrap___aeabi_idiv
                0x00000000100033e4       0x50 CMakeFiles/AudioTrans.dir/home/samgriffen/raspberry-pi-pico/pico/pico-sdk/src/rp2_common/pico_divider/divider.S.obj
                0x00000000100033e4                __wrap___aeabi_idivmod
                0x00000000100033e4                divmod_s32s32
                0x00000000100033e4                div_s32s32
                0x00000000100033e4                __wrap___aeabi_idiv
                0x00000000100033ec                divmod_s32s32_unsafe
                0x0000000010003418                divmod_s32s32_savestate
 .text.__wrap___aeabi_uidiv
                0x0000000010003434       0x4c CMakeFiles/AudioTrans.dir/home/samgriffen/raspberry-pi-pico/pico/pico-sdk/src/rp2_common/pico_divider/divider.S.obj
                0x0000000010003434                __wrap___aeabi_uidiv
                0x0000000010003434                __wrap___aeabi_uidivmod
                0x0000000010003434                div_u32u32
                0x0000000010003434                divmod_u32u32
                0x000000001000343c                divmod_u32u32_unsafe
                0x0000000010003464                divmod_u32u32_savestate
 .text.__wrap___aeabi_ldiv
                0x0000000010003480      0x434 CMakeFiles/AudioTrans.dir/home/samgriffen/raspberry-pi-pico/pico/pico-sdk/src/rp2_common/pico_divider/divider.S.obj
                0x0000000010003480                div_s64s64
                0x0000000010003480                divmod_s64s64
                0x0000000010003480                __wrap___aeabi_ldivmod
                0x00000000100034b8                div_u64u64
                0x00000000100034b8                divmod_u64u64
                0x00000000100034b8                __wrap___aeabi_uldivmod
                0x00000000100034c8                divmod_u64u64_savestate
                0x00000000100034f0                divmod_s64s64_unsafe
                0x0000000010003578                divmod_u64u64_unsafe
 .text.__wrap___aeabi_darithmetic
                0x00000000100038b4       0x80 CMakeFiles/AudioTrans.dir/home/samgriffen/raspberry-pi-pico/pico/pico-sdk/src/rp2_common/pico_double/double_aeabi.S.obj
                0x00000000100038b4                __wrap___aeabi_drsub
                0x00000000100038ba                __wrap___aeabi_dsub
                0x00000000100038cc                __wrap___aeabi_dadd
                0x00000000100038de                __wrap___aeabi_ddiv
                0x000000001000391a                __wrap___aeabi_dmul
 .text.__wrap___aeabi_cdcmple
                0x0000000010003934       0x6c CMakeFiles/AudioTrans.dir/home/samgriffen/raspberry-pi-pico/pico/pico-sdk/src/rp2_common/pico_double/double_aeabi.S.obj
                0x0000000010003934                __wrap___aeabi_cdrcmple
                0x0000000010003944                __wrap___aeabi_cdcmple
                0x0000000010003944                __wrap___aeabi_cdcmpeq
 .text.__wrap___aeabi_dcmplt
                0x00000000100039a0        0xc CMakeFiles/AudioTrans.dir/home/samgriffen/raspberry-pi-pico/pico/pico-sdk/src/rp2_common/pico_double/double_aeabi.S.obj
                0x00000000100039a0                __wrap___aeabi_dcmplt
 .text.__wrap___aeabi_dcmple
                0x00000000100039ac       0x10 CMakeFiles/AudioTrans.dir/home/samgriffen/raspberry-pi-pico/pico/pico-sdk/src/rp2_common/pico_double/double_aeabi.S.obj
                0x00000000100039ac                __wrap___aeabi_dcmple
 .text.__wrap___aeabi_dcmpge
                0x00000000100039bc       0x10 CMakeFiles/AudioTrans.dir/home/samgriffen/raspberry-pi-pico/pico/pico-sdk/src/rp2_common/pico_double/double_aeabi.S.obj
                0x00000000100039bc                __wrap___aeabi_dcmpge
 .text.__wrap___aeabi_dcmpgt
                0x00000000100039cc        0xa CMakeFiles/AudioTrans.dir/home/samgriffen/raspberry-pi-pico/pico/pico-sdk/src/rp2_common/pico_double/double_aeabi.S.obj
                0x00000000100039cc                __wrap___aeabi_dcmpgt
 .text.__wrap___aeabi_dcmpun
                0x00000000100039d6       0x1c CMakeFiles/AudioTrans.dir/home/samgriffen/raspberry-pi-pico/pico/pico-sdk/src/rp2_common/pico_double/double_aeabi.S.obj
                0x00000000100039d6                __wrap___aeabi_dcmpun
 *fill*         0x00000000100039f2        0x2 
 .text.__wrap___aeabi_i2d
                0x00000000100039f4       0x38 CMakeFiles/AudioTrans.dir/home/samgriffen/raspberry-pi-pico/pico/pico-sdk/src/rp2_common/pico_double/double_aeabi.S.obj
                0x00000000100039f4                __wrap___aeabi_ui2d
                0x00000000100039fc                __wrap___aeabi_i2d
 .text.__wrap___aeabi_d2iz
                0x0000000010003a2c       0x48 CMakeFiles/AudioTrans.dir/home/samgriffen/raspberry-pi-pico/pico/pico-sdk/src/rp2_common/pico_double/double_aeabi.S.obj
                0x0000000010003a2c                __wrap___aeabi_d2iz
                0x0000000010003a2c                double2int_z
 .text.__wrap___aeabi_d2uiz
                0x0000000010003a74       0x18 CMakeFiles/AudioTrans.dir/home/samgriffen/raspberry-pi-pico/pico/pico-sdk/src/rp2_common/pico_double/double_aeabi.S.obj
                0x0000000010003a74                double2uint
                0x0000000010003a74                __wrap___aeabi_d2uiz
 .text.__aeabi_double_init
                0x0000000010003a8c       0xc8 CMakeFiles/AudioTrans.dir/home/samgriffen/raspberry-pi-pico/pico/pico-sdk/src/rp2_common/pico_double/double_init_rom.c.obj
                0x0000000010003a8c                __aeabi_double_init
 .text.double_table_shim_on_use_helper
                0x0000000010003b54       0x34 CMakeFiles/AudioTrans.dir/home/samgriffen/raspberry-pi-pico/pico/pico-sdk/src/rp2_common/pico_double/double_v1_rom_shim.S.obj
                0x0000000010003b54                double_table_shim_on_use_helper
 .text.__wrap___aeabi_dsub
                0x0000000010003b88       0x10 CMakeFiles/AudioTrans.dir/home/samgriffen/raspberry-pi-pico/pico/pico-sdk/src/rp2_common/pico_double/double_v1_rom_shim.S.obj
                0x0000000010003b88                drsub_shim
                0x0000000010003b8e                dsub_shim
 .text.dadd_shim
                0x0000000010003b98      0x15c CMakeFiles/AudioTrans.dir/home/samgriffen/raspberry-pi-pico/pico/pico-sdk/src/rp2_common/pico_double/double_v1_rom_shim.S.obj
                0x0000000010003b98                dadd_shim
 .text.dmul_shim
                0x0000000010003cf4      0x15c CMakeFiles/AudioTrans.dir/home/samgriffen/raspberry-pi-pico/pico/pico-sdk/src/rp2_common/pico_double/double_v1_rom_shim.S.obj
                0x0000000010003cf4                dmul_shim
 .text.ddiv_shim
                0x0000000010003e50      0x1b0 CMakeFiles/AudioTrans.dir/home/samgriffen/raspberry-pi-pico/pico/pico-sdk/src/rp2_common/pico_double/double_v1_rom_shim.S.obj
                0x0000000010003e50                ddiv_shim
 .text.double2uint_shim
                0x0000000010004000        0xe CMakeFiles/AudioTrans.dir/home/samgriffen/raspberry-pi-pico/pico/pico-sdk/src/rp2_common/pico_double/double_v1_rom_shim.S.obj
                0x0000000010004000                double2uint_shim
                0x0000000010004002                double2ufix_shim
 *fill*         0x000000001000400e        0x2 
 .text.double2uint64_shim
                0x0000000010004010       0x70 CMakeFiles/AudioTrans.dir/home/samgriffen/raspberry-pi-pico/pico/pico-sdk/src/rp2_common/pico_double/double_v1_rom_shim.S.obj
                0x0000000010004010                double2uint64_shim
                0x0000000010004012                double2ufix64_shim
                0x0000000010004032                d2fix_a
 .text.dunpacks
                0x0000000010004080       0x3c CMakeFiles/AudioTrans.dir/home/samgriffen/raspberry-pi-pico/pico/pico-sdk/src/rp2_common/pico_double/double_v1_rom_shim.S.obj
                0x0000000010004080                dunpacks
 .text.__aeabi_lmul
                0x00000000100040bc       0x32 CMakeFiles/AudioTrans.dir/home/samgriffen/raspberry-pi-pico/pico/pico-sdk/src/rp2_common/pico_int64_ops/pico_int64_ops_aeabi.S.obj
                0x00000000100040bc                __wrap___aeabi_lmul
 *fill*         0x00000000100040ee        0x2 
 .text.__aeabi_float_init
                0x00000000100040f0       0xfc CMakeFiles/AudioTrans.dir/home/samgriffen/raspberry-pi-pico/pico/pico-sdk/src/rp2_common/pico_float/float_init_rom.c.obj
                0x00000000100040f0                __aeabi_float_init
 .text.float_table_shim_on_use_helper
                0x00000000100041ec       0x34 CMakeFiles/AudioTrans.dir/home/samgriffen/raspberry-pi-pico/pico/pico-sdk/src/rp2_common/pico_float/float_v1_rom_shim.S.obj
                0x00000000100041ec                float_table_shim_on_use_helper
 .text          0x0000000010004220       0x10 CMakeFiles/AudioTrans.dir/home/samgriffen/raspberry-pi-pico/pico/pico-sdk/src/rp2_common/pico_mem_ops/mem_ops_aeabi.S.obj
                0x0000000010004220                __aeabi_mem_init
 .text.memset   0x0000000010004230        0xc CMakeFiles/AudioTrans.dir/home/samgriffen/raspberry-pi-pico/pico/pico-sdk/src/rp2_common/pico_mem_ops/mem_ops_aeabi.S.obj
                0x0000000010004230                __wrap_memset
 .text.memcpy   0x000000001000423c        0xc CMakeFiles/AudioTrans.dir/home/samgriffen/raspberry-pi-pico/pico/pico-sdk/src/rp2_common/pico_mem_ops/mem_ops_aeabi.S.obj
                0x000000001000423c                __wrap___aeabi_memcpy
                0x000000001000423c                __wrap_memcpy
 .text.stdio_out_chars_no_crlf
                0x0000000010004248        0xe CMakeFiles/AudioTrans.dir/home/samgriffen/raspberry-pi-pico/pico/pico-sdk/src/rp2_common/pico_stdio/stdio.c.obj
 *fill*         0x0000000010004256        0x2 
 .text.stdio_out_chars_crlf
                0x0000000010004258       0x80 CMakeFiles/AudioTrans.dir/home/samgriffen/raspberry-pi-pico/pico/pico-sdk/src/rp2_common/pico_stdio/stdio.c.obj
 .text.stdio_stack_buffer_flush
                0x00000000100042d8       0x44 CMakeFiles/AudioTrans.dir/home/samgriffen/raspberry-pi-pico/pico/pico-sdk/src/rp2_common/pico_stdio/stdio.c.obj
 .text.stdio_buffered_printer
                0x000000001000431c       0x20 CMakeFiles/AudioTrans.dir/home/samgriffen/raspberry-pi-pico/pico/pico-sdk/src/rp2_common/pico_stdio/stdio.c.obj
 .text.stdout_serialize_begin
                0x000000001000433c       0x30 CMakeFiles/AudioTrans.dir/home/samgriffen/raspberry-pi-pico/pico/pico-sdk/src/rp2_common/pico_stdio/stdio.c.obj
                0x000000001000433c                stdout_serialize_begin
 .text.stdout_serialize_end
                0x000000001000436c       0x10 CMakeFiles/AudioTrans.dir/home/samgriffen/raspberry-pi-pico/pico/pico-sdk/src/rp2_common/pico_stdio/stdio.c.obj
                0x000000001000436c                stdout_serialize_end
 .text.stdio_put_string
                0x000000001000437c       0x98 CMakeFiles/AudioTrans.dir/home/samgriffen/raspberry-pi-pico/pico/pico-sdk/src/rp2_common/pico_stdio/stdio.c.obj
 .text.stdio_set_driver_enabled
                0x0000000010004414       0x38 CMakeFiles/AudioTrans.dir/home/samgriffen/raspberry-pi-pico/pico/pico-sdk/src/rp2_common/pico_stdio/stdio.c.obj
                0x0000000010004414                stdio_set_driver_enabled
 .text.stdio_flush
                0x000000001000444c       0x20 CMakeFiles/AudioTrans.dir/home/samgriffen/raspberry-pi-pico/pico/pico-sdk/src/rp2_common/pico_stdio/stdio.c.obj
                0x000000001000444c                stdio_flush
 .text.__wrap_puts
                0x000000001000446c       0x1e CMakeFiles/AudioTrans.dir/home/samgriffen/raspberry-pi-pico/pico/pico-sdk/src/rp2_common/pico_stdio/stdio.c.obj
                0x000000001000446c                __wrap_puts
 *fill*         0x000000001000448a        0x2 
 .text.__wrap_vprintf
                0x000000001000448c       0x44 CMakeFiles/AudioTrans.dir/home/samgriffen/raspberry-pi-pico/pico/pico-sdk/src/rp2_common/pico_stdio/stdio.c.obj
                0x000000001000448c                __wrap_vprintf
 .text.__wrap_printf
                0x00000000100044d0       0x18 CMakeFiles/AudioTrans.dir/home/samgriffen/raspberry-pi-pico/pico/pico-sdk/src/rp2_common/pico_stdio/stdio.c.obj
                0x00000000100044d0                __wrap_printf
 .text.stdio_init_all
                0x00000000100044e8        0x8 CMakeFiles/AudioTrans.dir/home/samgriffen/raspberry-pi-pico/pico/pico-sdk/src/rp2_common/pico_stdio/stdio.c.obj
                0x00000000100044e8                stdio_init_all
 .text.stdio_uart_out_chars
                0x00000000100044f0       0x74 CMakeFiles/AudioTrans.dir/home/samgriffen/raspberry-pi-pico/pico/pico-sdk/src/rp2_common/pico_stdio_uart/stdio_uart.c.obj
 .text.stdio_uart_in_chars
                0x0000000010004564       0x58 CMakeFiles/AudioTrans.dir/home/samgriffen/raspberry-pi-pico/pico/pico-sdk/src/rp2_common/pico_stdio_uart/stdio_uart.c.obj
                0x0000000010004564                stdio_uart_in_chars
 .text.stdio_uart_init_full
                0x00000000100045bc       0x3c CMakeFiles/AudioTrans.dir/home/samgriffen/raspberry-pi-pico/pico/pico-sdk/src/rp2_common/pico_stdio_uart/stdio_uart.c.obj
                0x00000000100045bc                stdio_uart_init_full
 .text.stdio_uart_init
                0x00000000100045f8       0x28 CMakeFiles/AudioTrans.dir/home/samgriffen/raspberry-pi-pico/pico/pico-sdk/src/rp2_common/pico_stdio_uart/stdio_uart.c.obj
                0x00000000100045f8                stdio_uart_init
 .text.spi_set_baudrate
                0x0000000010004620       0x92 CMakeFiles/AudioTrans.dir/home/samgriffen/raspberry-pi-pico/pico/pico-sdk/src/rp2_common/hardware_spi/spi.c.obj
                0x0000000010004620                spi_set_baudrate
 *fill*         0x00000000100046b2        0x2 
 .text.spi_init
                0x00000000100046b4       0x68 CMakeFiles/AudioTrans.dir/home/samgriffen/raspberry-pi-pico/pico/pico-sdk/src/rp2_common/hardware_spi/spi.c.obj
                0x00000000100046b4                spi_init
 .text.adc_init
                0x000000001000471c       0x34 CMakeFiles/AudioTrans.dir/home/samgriffen/raspberry-pi-pico/pico/pico-sdk/src/rp2_common/hardware_adc/adc.c.obj
                0x000000001000471c                adc_init
 .text          0x0000000010004750       0x5c /usr/lib/gcc/arm-none-eabi/10.3.1/../../../arm-none-eabi/lib/thumb/v6-m/nofp/libg.a(lib_a-strlen-stub.o)
                0x0000000010004750                strlen
 *(.fini)
 .fini          0x00000000100047ac        0x4 /usr/lib/gcc/arm-none-eabi/10.3.1/thumb/v6-m/nofp/crti.o
                0x00000000100047ac                _fini
 .fini.__stub   0x00000000100047b0       0x70 linker stubs
 *crtbegin.o(.ctors)
 *crtbegin?.o(.ctors)
 *(EXCLUDE_FILE(*crtend.o *crtend?.o) .ctors)
 *(SORT_BY_NAME(.ctors.*))
 *(.ctors)
 *crtbegin.o(.dtors)
 *crtbegin?.o(.dtors)
 *(EXCLUDE_FILE(*crtend.o *crtend?.o) .dtors)
 *(SORT_BY_NAME(.dtors.*))
 *(.dtors)
 *(.eh_frame*)
 .eh_frame      0x0000000010004820        0x0 /usr/lib/gcc/arm-none-eabi/10.3.1/thumb/v6-m/nofp/crtbegin.o
                0x0000000010004820                . = ALIGN (0x4)

.glue_7         0x0000000010004820        0x0
 .glue_7        0x0000000010004820        0x0 linker stubs

.glue_7t        0x0000000010004820        0x0
 .glue_7t       0x0000000010004820        0x0 linker stubs

.vfp11_veneer   0x0000000010004820        0x0
 .vfp11_veneer  0x0000000010004820        0x0 linker stubs

.v4_bx          0x0000000010004820        0x0
 .v4_bx         0x0000000010004820        0x0 linker stubs

.iplt           0x0000000010004820        0x0
 .iplt          0x0000000010004820        0x0 /usr/lib/gcc/arm-none-eabi/10.3.1/thumb/v6-m/nofp/crtbegin.o

.rodata         0x0000000010004820      0xf58
 *(EXCLUDE_FILE(*libm.a: *libc.a:*lib_a-mem*.o *libgcc.a:) .rodata*)
 .rodata._ZN5NRF246configEv.str1.4
                0x0000000010004820        0x6 CMakeFiles/AudioTrans.dir/NRF24.cpp.obj
 *fill*         0x0000000010004826        0x2 
 .rodata.repeating_timer_callback.str1.4
                0x0000000010004828       0x61 CMakeFiles/AudioTrans.dir/home/samgriffen/raspberry-pi-pico/pico/pico-sdk/src/common/pico_time/time.c.obj
 *fill*         0x0000000010004889        0x3 
 .rodata.alarm_pool_dump_key.str1.4
                0x000000001000488c       0x33 CMakeFiles/AudioTrans.dir/home/samgriffen/raspberry-pi-pico/pico/pico-sdk/src/common/pico_time/time.c.obj
 *fill*         0x00000000100048bf        0x1 
 .rodata.ph_add_child_node.str1.4
                0x00000000100048c0       0xaa CMakeFiles/AudioTrans.dir/home/samgriffen/raspberry-pi-pico/pico/pico-sdk/src/common/pico_time/time.c.obj
 *fill*         0x000000001000496a        0x2 
 .rodata.add_alarm_under_lock.str1.4
                0x000000001000496c       0x28 CMakeFiles/AudioTrans.dir/home/samgriffen/raspberry-pi-pico/pico/pico-sdk/src/common/pico_time/time.c.obj
                                         0x2b (size before relaxing)
 .rodata.alarm_pool_alarm_callback.str1.4
                0x0000000010004994       0xfa CMakeFiles/AudioTrans.dir/home/samgriffen/raspberry-pi-pico/pico/pico-sdk/src/common/pico_time/time.c.obj
 *fill*         0x0000000010004a8e        0x2 
 .rodata.alarm_pool_get_default.str1.4
                0x0000000010004a90       0x21 CMakeFiles/AudioTrans.dir/home/samgriffen/raspberry-pi-pico/pico/pico-sdk/src/common/pico_time/time.c.obj
 *fill*         0x0000000010004ab1        0x3 
 .rodata.sleep_until.str1.4
                0x0000000010004ab4       0x4d CMakeFiles/AudioTrans.dir/home/samgriffen/raspberry-pi-pico/pico/pico-sdk/src/common/pico_time/time.c.obj
 *fill*         0x0000000010004b01        0x3 
 .rodata.__func__.10
                0x0000000010004b04       0x15 CMakeFiles/AudioTrans.dir/home/samgriffen/raspberry-pi-pico/pico/pico-sdk/src/common/pico_time/time.c.obj
 *fill*         0x0000000010004b19        0x3 
 .rodata.__func__.11
                0x0000000010004b1c       0x1a CMakeFiles/AudioTrans.dir/home/samgriffen/raspberry-pi-pico/pico/pico-sdk/src/common/pico_time/time.c.obj
 *fill*         0x0000000010004b36        0x2 
 .rodata.__func__.12
                0x0000000010004b38        0xa CMakeFiles/AudioTrans.dir/home/samgriffen/raspberry-pi-pico/pico/pico-sdk/src/common/pico_time/time.c.obj
 *fill*         0x0000000010004b42        0x2 
 .rodata.__func__.3
                0x0000000010004b44       0x17 CMakeFiles/AudioTrans.dir/home/samgriffen/raspberry-pi-pico/pico/pico-sdk/src/common/pico_time/time.c.obj
 *fill*         0x0000000010004b5b        0x1 
 .rodata.__func__.4
                0x0000000010004b5c       0x12 CMakeFiles/AudioTrans.dir/home/samgriffen/raspberry-pi-pico/pico/pico-sdk/src/common/pico_time/time.c.obj
 *fill*         0x0000000010004b6e        0x2 
 .rodata.__func__.5
                0x0000000010004b70        0xd CMakeFiles/AudioTrans.dir/home/samgriffen/raspberry-pi-pico/pico/pico-sdk/src/common/pico_time/time.c.obj
 *fill*         0x0000000010004b7d        0x3 
 .rodata.__func__.6
                0x0000000010004b80       0x12 CMakeFiles/AudioTrans.dir/home/samgriffen/raspberry-pi-pico/pico/pico-sdk/src/common/pico_time/time.c.obj
 *fill*         0x0000000010004b92        0x2 
 .rodata.__func__.7
                0x0000000010004b94        0xf CMakeFiles/AudioTrans.dir/home/samgriffen/raspberry-pi-pico/pico/pico-sdk/src/common/pico_time/time.c.obj
 *fill*         0x0000000010004ba3        0x1 
 .rodata.__func__.8
                0x0000000010004ba4        0xc CMakeFiles/AudioTrans.dir/home/samgriffen/raspberry-pi-pico/pico/pico-sdk/src/common/pico_time/time.c.obj
 .rodata.__func__.9
                0x0000000010004bb0       0x15 CMakeFiles/AudioTrans.dir/home/samgriffen/raspberry-pi-pico/pico/pico-sdk/src/common/pico_time/time.c.obj
 *fill*         0x0000000010004bc5        0x3 
 .rodata.hardware_alarm_claim.str1.4
                0x0000000010004bc8       0x22 CMakeFiles/AudioTrans.dir/home/samgriffen/raspberry-pi-pico/pico/pico-sdk/src/rp2_common/hardware_timer/timer.c.obj
 *fill*         0x0000000010004bea        0x2 
 .rodata.hardware_alarm_set_target.str1.4
                0x0000000010004bec       0x7b CMakeFiles/AudioTrans.dir/home/samgriffen/raspberry-pi-pico/pico/pico-sdk/src/rp2_common/hardware_timer/timer.c.obj
 *fill*         0x0000000010004c67        0x1 
 .rodata.__func__.0
                0x0000000010004c68       0x1a CMakeFiles/AudioTrans.dir/home/samgriffen/raspberry-pi-pico/pico/pico-sdk/src/rp2_common/hardware_timer/timer.c.obj
 *fill*         0x0000000010004c82        0x2 
 .rodata.str1.4
                0x0000000010004c84       0xa1 CMakeFiles/AudioTrans.dir/home/samgriffen/raspberry-pi-pico/pico/pico-sdk/src/common/pico_sync/mutex.c.obj
                                        0x119 (size before relaxing)
 *fill*         0x0000000010004d25        0x3 
 .rodata.__func__.1
                0x0000000010004d28        0xb CMakeFiles/AudioTrans.dir/home/samgriffen/raspberry-pi-pico/pico/pico-sdk/src/common/pico_sync/mutex.c.obj
 .rodata.ph_add_child_node.str1.4
                0x0000000010004d33       0xaa CMakeFiles/AudioTrans.dir/home/samgriffen/raspberry-pi-pico/pico/pico-sdk/src/common/pico_util/pheap.c.obj
 *fill*         0x0000000010004d33        0x1 
 .rodata.ph_remove_any_head.str1.4
                0x0000000010004d34       0xa4 CMakeFiles/AudioTrans.dir/home/samgriffen/raspberry-pi-pico/pico/pico-sdk/src/common/pico_util/pheap.c.obj
 .rodata.ph_remove_and_free_node.str1.4
                0x0000000010004dd8       0x26 CMakeFiles/AudioTrans.dir/home/samgriffen/raspberry-pi-pico/pico/pico-sdk/src/common/pico_util/pheap.c.obj
 *fill*         0x0000000010004dfe        0x2 
 .rodata.__func__.0
                0x0000000010004e00       0x18 CMakeFiles/AudioTrans.dir/home/samgriffen/raspberry-pi-pico/pico/pico-sdk/src/common/pico_util/pheap.c.obj
 .rodata.__func__.1
                0x0000000010004e18       0x13 CMakeFiles/AudioTrans.dir/home/samgriffen/raspberry-pi-pico/pico/pico-sdk/src/common/pico_util/pheap.c.obj
 *fill*         0x0000000010004e2b        0x1 
 .rodata.__func__.2
                0x0000000010004e2c       0x12 CMakeFiles/AudioTrans.dir/home/samgriffen/raspberry-pi-pico/pico/pico-sdk/src/common/pico_util/pheap.c.obj
 *fill*         0x0000000010004e3e        0x2 
 .rodata.__func__.3
                0x0000000010004e40        0xc CMakeFiles/AudioTrans.dir/home/samgriffen/raspberry-pi-pico/pico/pico-sdk/src/common/pico_util/pheap.c.obj
 .rodata.__assert_func.str1.4
                0x0000000010004e4c       0x3f CMakeFiles/AudioTrans.dir/home/samgriffen/raspberry-pi-pico/pico/pico-sdk/src/rp2_common/pico_runtime/runtime.c.obj
                                         0x43 (size before relaxing)
 *fill*         0x0000000010004e8b        0x1 
 .rodata.runtime_init.str1.4
                0x0000000010004e8c       0x77 CMakeFiles/AudioTrans.dir/home/samgriffen/raspberry-pi-pico/pico/pico-sdk/src/rp2_common/pico_runtime/runtime.c.obj
 *fill*         0x0000000010004f03        0x1 
 .rodata.panic.str1.4
                0x0000000010004f04       0x12 CMakeFiles/AudioTrans.dir/home/samgriffen/raspberry-pi-pico/pico/pico-sdk/src/rp2_common/pico_runtime/runtime.c.obj
 *fill*         0x0000000010004f16        0x2 
 .rodata.__func__.1
                0x0000000010004f18        0xd CMakeFiles/AudioTrans.dir/home/samgriffen/raspberry-pi-pico/pico/pico-sdk/src/rp2_common/pico_runtime/runtime.c.obj
 *fill*         0x0000000010004f25        0x3 
 .rodata.clock_configure.str1.4
                0x0000000010004f28       0x6d CMakeFiles/AudioTrans.dir/home/samgriffen/raspberry-pi-pico/pico/pico-sdk/src/rp2_common/hardware_clocks/clocks.c.obj
 *fill*         0x0000000010004f95        0x3 
 .rodata.__func__.1
                0x0000000010004f98       0x10 CMakeFiles/AudioTrans.dir/home/samgriffen/raspberry-pi-pico/pico/pico-sdk/src/rp2_common/hardware_clocks/clocks.c.obj
 .rodata.make_branch.str1.4
                0x0000000010004fa8       0x63 CMakeFiles/AudioTrans.dir/home/samgriffen/raspberry-pi-pico/pico/pico-sdk/src/rp2_common/hardware_irq/irq.c.obj
 *fill*         0x000000001000500b        0x1 
 .rodata.irq_set_exclusive_handler.str1.4
                0x000000001000500c       0x36 CMakeFiles/AudioTrans.dir/home/samgriffen/raspberry-pi-pico/pico/pico-sdk/src/rp2_common/hardware_irq/irq.c.obj
 *fill*         0x0000000010005042        0x2 
 .rodata.irq_add_shared_handler.str1.4
                0x0000000010005044       0xd9 CMakeFiles/AudioTrans.dir/home/samgriffen/raspberry-pi-pico/pico/pico-sdk/src/rp2_common/hardware_irq/irq.c.obj
 *fill*         0x000000001000511d        0x3 
 .rodata.irq_remove_handler.str1.4
                0x0000000010005120       0x2a CMakeFiles/AudioTrans.dir/home/samgriffen/raspberry-pi-pico/pico/pico-sdk/src/rp2_common/hardware_irq/irq.c.obj
 *fill*         0x000000001000514a        0x2 
 .rodata.irq_add_tail_to_free_list.str1.4
                0x000000001000514c       0x32 CMakeFiles/AudioTrans.dir/home/samgriffen/raspberry-pi-pico/pico/pico-sdk/src/rp2_common/hardware_irq/irq.c.obj
                                         0x3a (size before relaxing)
 *fill*         0x000000001000517e        0x2 
 .rodata.__func__.0
                0x0000000010005180       0x1a CMakeFiles/AudioTrans.dir/home/samgriffen/raspberry-pi-pico/pico/pico-sdk/src/rp2_common/hardware_irq/irq.c.obj
 *fill*         0x000000001000519a        0x2 
 .rodata.__func__.1
                0x000000001000519c       0x17 CMakeFiles/AudioTrans.dir/home/samgriffen/raspberry-pi-pico/pico/pico-sdk/src/rp2_common/hardware_irq/irq.c.obj
 *fill*         0x00000000100051b3        0x1 
 .rodata.__func__.2
                0x00000000100051b4       0x13 CMakeFiles/AudioTrans.dir/home/samgriffen/raspberry-pi-pico/pico/pico-sdk/src/rp2_common/hardware_irq/irq.c.obj
 *fill*         0x00000000100051c7        0x1 
 .rodata.__func__.3
                0x00000000100051c8        0xc CMakeFiles/AudioTrans.dir/home/samgriffen/raspberry-pi-pico/pico/pico-sdk/src/rp2_common/hardware_irq/irq.c.obj
 .rodata.__func__.4
                0x00000000100051d4        0xf CMakeFiles/AudioTrans.dir/home/samgriffen/raspberry-pi-pico/pico/pico-sdk/src/rp2_common/hardware_irq/irq.c.obj
 *fill*         0x00000000100051e3        0x1 
 .rodata.__func__.6
                0x00000000100051e4       0x1a CMakeFiles/AudioTrans.dir/home/samgriffen/raspberry-pi-pico/pico/pico-sdk/src/rp2_common/hardware_irq/irq.c.obj
 *fill*         0x00000000100051fe        0x2 
 .rodata.pll_init.str1.4
                0x0000000010005200       0xef CMakeFiles/AudioTrans.dir/home/samgriffen/raspberry-pi-pico/pico/pico-sdk/src/rp2_common/hardware_pll/pll.c.obj
 *fill*         0x00000000100052ef        0x1 
 .rodata.__func__.0
                0x00000000100052f0        0x9 CMakeFiles/AudioTrans.dir/home/samgriffen/raspberry-pi-pico/pico/pico-sdk/src/rp2_common/hardware_pll/pll.c.obj
 *fill*         0x00000000100052f9        0x3 
 .rodata._ftoa.str1.4
                0x00000000100052fc       0x15 CMakeFiles/AudioTrans.dir/home/samgriffen/raspberry-pi-pico/pico/pico-sdk/src/rp2_common/pico_printf/printf.c.obj
 *fill*         0x0000000010005311        0x3 
 .rodata._vsnprintf
                0x0000000010005314      0x1e0 CMakeFiles/AudioTrans.dir/home/samgriffen/raspberry-pi-pico/pico/pico-sdk/src/rp2_common/pico_printf/printf.c.obj
 *fill*         0x00000000100054f4        0x4 
 .rodata.pow10.0
                0x00000000100054f8       0x50 CMakeFiles/AudioTrans.dir/home/samgriffen/raspberry-pi-pico/pico/pico-sdk/src/rp2_common/pico_printf/printf.c.obj
 .rodata.__aeabi_double_init.str1.4
                0x0000000010005548       0xbe CMakeFiles/AudioTrans.dir/home/samgriffen/raspberry-pi-pico/pico/pico-sdk/src/rp2_common/pico_double/double_init_rom.c.obj
 *fill*         0x0000000010005606        0x2 
 .rodata.__func__.0
                0x0000000010005608       0x14 CMakeFiles/AudioTrans.dir/home/samgriffen/raspberry-pi-pico/pico/pico-sdk/src/rp2_common/pico_double/double_init_rom.c.obj
 .rodata.__aeabi_float_init.str1.4
                0x000000001000561c       0x90 CMakeFiles/AudioTrans.dir/home/samgriffen/raspberry-pi-pico/pico/pico-sdk/src/rp2_common/pico_float/float_init_rom.c.obj
                                         0x94 (size before relaxing)
 .rodata.__func__.0
                0x00000000100056ac       0x13 CMakeFiles/AudioTrans.dir/home/samgriffen/raspberry-pi-pico/pico/pico-sdk/src/rp2_common/pico_float/float_init_rom.c.obj
 *fill*         0x00000000100056bf        0x1 
 .rodata.str1.4
                0x00000000100056c0       0x44 CMakeFiles/AudioTrans.dir/home/samgriffen/raspberry-pi-pico/pico/pico-sdk/src/rp2_common/pico_standard_link/binary_info.c.obj
 .rodata.__bi_44
                0x0000000010005704        0xc CMakeFiles/AudioTrans.dir/home/samgriffen/raspberry-pi-pico/pico/pico-sdk/src/rp2_common/pico_standard_link/binary_info.c.obj
 .rodata.__bi_56
                0x0000000010005710        0xc CMakeFiles/AudioTrans.dir/home/samgriffen/raspberry-pi-pico/pico/pico-sdk/src/rp2_common/pico_standard_link/binary_info.c.obj
 .rodata.__bi_75
                0x000000001000571c        0xc CMakeFiles/AudioTrans.dir/home/samgriffen/raspberry-pi-pico/pico/pico-sdk/src/rp2_common/pico_standard_link/binary_info.c.obj
 .rodata.__bi_81
                0x0000000010005728        0xc CMakeFiles/AudioTrans.dir/home/samgriffen/raspberry-pi-pico/pico/pico-sdk/src/rp2_common/pico_standard_link/binary_info.c.obj
 .rodata.crlf_str.3
                0x0000000010005734        0x2 CMakeFiles/AudioTrans.dir/home/samgriffen/raspberry-pi-pico/pico/pico-sdk/src/rp2_common/pico_stdio/stdio.c.obj
 *fill*         0x0000000010005736        0x2 
 .rodata.str1.4
                0x0000000010005738       0x2c CMakeFiles/AudioTrans.dir/home/samgriffen/raspberry-pi-pico/pico/pico-sdk/src/rp2_common/pico_stdio_uart/stdio_uart.c.obj
 .rodata.__bi_28.4
                0x0000000010005764        0xc CMakeFiles/AudioTrans.dir/home/samgriffen/raspberry-pi-pico/pico/pico-sdk/src/rp2_common/pico_stdio_uart/stdio_uart.c.obj
 .rodata.__bi_29.5
                0x0000000010005770        0x8 CMakeFiles/AudioTrans.dir/home/samgriffen/raspberry-pi-pico/pico/pico-sdk/src/rp2_common/pico_stdio_uart/stdio_uart.c.obj
                0x0000000010005778                . = ALIGN (0x4)
 *(SORT_BY_ALIGNMENT(SORT_BY_NAME(.flashdata*)))
                0x0000000010005778                . = ALIGN (0x4)

.rel.dyn        0x0000000010005778        0x0
 .rel.iplt      0x0000000010005778        0x0 /usr/lib/gcc/arm-none-eabi/10.3.1/thumb/v6-m/nofp/crtbegin.o

.ARM.extab
 *(.ARM.extab* .gnu.linkonce.armextab.*)
                0x0000000010005778                __exidx_start = .

.ARM.exidx
 *(.ARM.exidx* .gnu.linkonce.armexidx.*)
                0x0000000010005778                __exidx_end = .
                0x0000000010005778                . = ALIGN (0x4)
                0x0000000010005778                __binary_info_start = .

.binary_info    0x0000000010005778       0x28
 *(.binary_info.keep.*)
 .binary_info.keep.__bi_ptr22
                0x0000000010005778        0x4 CMakeFiles/AudioTrans.dir/home/samgriffen/raspberry-pi-pico/pico/pico-sdk/src/rp2_common/pico_standard_link/binary_info.c.obj
 .binary_info.keep.__bi_ptr30
                0x000000001000577c        0x4 CMakeFiles/AudioTrans.dir/home/samgriffen/raspberry-pi-pico/pico/pico-sdk/src/rp2_common/pico_standard_link/binary_info.c.obj
 .binary_info.keep.__bi_ptr38
                0x0000000010005780        0x4 CMakeFiles/AudioTrans.dir/home/samgriffen/raspberry-pi-pico/pico/pico-sdk/src/rp2_common/pico_standard_link/binary_info.c.obj
 .binary_info.keep.__bi_ptr44
                0x0000000010005784        0x4 CMakeFiles/AudioTrans.dir/home/samgriffen/raspberry-pi-pico/pico/pico-sdk/src/rp2_common/pico_standard_link/binary_info.c.obj
 .binary_info.keep.__bi_ptr50
                0x0000000010005788        0x4 CMakeFiles/AudioTrans.dir/home/samgriffen/raspberry-pi-pico/pico/pico-sdk/src/rp2_common/pico_standard_link/binary_info.c.obj
 .binary_info.keep.__bi_ptr56
                0x000000001000578c        0x4 CMakeFiles/AudioTrans.dir/home/samgriffen/raspberry-pi-pico/pico/pico-sdk/src/rp2_common/pico_standard_link/binary_info.c.obj
 .binary_info.keep.__bi_ptr75
                0x0000000010005790        0x4 CMakeFiles/AudioTrans.dir/home/samgriffen/raspberry-pi-pico/pico/pico-sdk/src/rp2_common/pico_standard_link/binary_info.c.obj
 .binary_info.keep.__bi_ptr81
                0x0000000010005794        0x4 CMakeFiles/AudioTrans.dir/home/samgriffen/raspberry-pi-pico/pico/pico-sdk/src/rp2_common/pico_standard_link/binary_info.c.obj
 *(.binary_info.*)
 .binary_info.__bi_ptr28
                0x0000000010005798        0x4 CMakeFiles/AudioTrans.dir/home/samgriffen/raspberry-pi-pico/pico/pico-sdk/src/rp2_common/pico_stdio_uart/stdio_uart.c.obj
 .binary_info.__bi_ptr29
                0x000000001000579c        0x4 CMakeFiles/AudioTrans.dir/home/samgriffen/raspberry-pi-pico/pico/pico-sdk/src/rp2_common/pico_stdio_uart/stdio_uart.c.obj
                0x00000000100057a0                __binary_info_end = .
                0x00000000100057a0                . = ALIGN (0x4)
                0x00000000100057a0                __etext = .

.ram_vector_table
                0x0000000020000000       0xc0
 *(.ram_vector_table)
 .ram_vector_table
                0x0000000020000000       0xc0 CMakeFiles/AudioTrans.dir/home/samgriffen/raspberry-pi-pico/pico/pico-sdk/src/rp2_common/pico_runtime/runtime.c.obj
                0x0000000020000000                ram_vector_table

.data           0x00000000200000c0      0x230 load address 0x00000000100057a0
                0x00000000200000c0                __data_start__ = .
 *(vtable)
 *(.time_critical*)
 .time_critical.mutex_enter_blocking
                0x00000000200000c0       0x48 CMakeFiles/AudioTrans.dir/home/samgriffen/raspberry-pi-pico/pico/pico-sdk/src/common/pico_sync/mutex.c.obj
                0x00000000200000c0                mutex_enter_blocking
 .time_critical.mutex_try_enter
                0x0000000020000108       0x46 CMakeFiles/AudioTrans.dir/home/samgriffen/raspberry-pi-pico/pico/pico-sdk/src/common/pico_sync/mutex.c.obj
                0x0000000020000108                mutex_try_enter
 *fill*         0x000000002000014e        0x2 
 .time_critical.mutex_exit
                0x0000000020000150       0x4c CMakeFiles/AudioTrans.dir/home/samgriffen/raspberry-pi-pico/pico/pico-sdk/src/common/pico_sync/mutex.c.obj
                0x0000000020000150                mutex_exit
 .time_critical.spi_write_blocking
                0x000000002000019c       0x3a CMakeFiles/AudioTrans.dir/home/samgriffen/raspberry-pi-pico/pico/pico-sdk/src/rp2_common/hardware_spi/spi.c.obj
                0x000000002000019c                spi_write_blocking
 .time_critical.spi_read_blocking
                0x00000000200001d6       0x3e CMakeFiles/AudioTrans.dir/home/samgriffen/raspberry-pi-pico/pico/pico-sdk/src/rp2_common/hardware_spi/spi.c.obj
                0x00000000200001d6                spi_read_blocking
 *(.text*)
 .text          0x0000000020000214        0x4 /usr/lib/gcc/arm-none-eabi/10.3.1/thumb/v6-m/nofp/libgcc.a(_dvmd_tls.o)
                0x0000000020000214                __aeabi_ldiv0
                0x0000000020000214                __aeabi_idiv0
 .text.__stub   0x0000000020000218       0x10 linker stubs
                0x0000000020000228                . = ALIGN (0x4)
 *(.rodata*)
                0x0000000020000228                . = ALIGN (0x4)
 *(.data*)
 .data.striped_spin_lock_num
                0x0000000020000228        0x1 CMakeFiles/AudioTrans.dir/home/samgriffen/raspberry-pi-pico/pico/pico-sdk/src/rp2_common/hardware_sync/sync.c.obj
 *fill*         0x0000000020000229        0x3 
 .data.default_alarm_pool
                0x000000002000022c       0x18 CMakeFiles/AudioTrans.dir/home/samgriffen/raspberry-pi-pico/pico/pico-sdk/src/common/pico_time/time.c.obj
 .data.default_alarm_pool_heap
                0x0000000020000244       0x10 CMakeFiles/AudioTrans.dir/home/samgriffen/raspberry-pi-pico/pico/pico-sdk/src/common/pico_time/time.c.obj
 .data          0x0000000020000254       0x48 CMakeFiles/AudioTrans.dir/home/samgriffen/raspberry-pi-pico/pico/pico-sdk/src/rp2_common/hardware_irq/irq_handler_chain.S.obj
                0x0000000020000254                irq_handler_chain_slots
                0x0000000020000284                irq_handler_chain_first_slot
                0x000000002000028e                irq_handler_chain_remove_tail
 *fill*         0x000000002000029c        0x4 
 .data.aeabi_bits_funcs
                0x00000000200002a0       0x10 CMakeFiles/AudioTrans.dir/home/samgriffen/raspberry-pi-pico/pico/pico-sdk/src/rp2_common/pico_bit_ops/bit_ops_aeabi.S.obj
                0x00000000200002a0                aeabi_bits_funcs
                0x00000000200002b0                aeabi_bits_funcs_end
 .data.aeabi_mem_funcs
                0x00000000200002b0       0x10 CMakeFiles/AudioTrans.dir/home/samgriffen/raspberry-pi-pico/pico/pico-sdk/src/rp2_common/pico_mem_ops/mem_ops_aeabi.S.obj
                0x00000000200002b0                aeabi_mem_funcs
                0x00000000200002c0                aeabi_mem_funcs_end
 .data.stdio_uart
                0x00000000200002c0       0x14 CMakeFiles/AudioTrans.dir/home/samgriffen/raspberry-pi-pico/pico/pico-sdk/src/rp2_common/pico_stdio_uart/stdio_uart.c.obj
                0x00000000200002c0                stdio_uart
                0x00000000200002d4                . = ALIGN (0x4)
 *(.after_data.*)
                0x00000000200002d4                . = ALIGN (0x4)
                0x00000000200002d4                PROVIDE (__mutex_array_start = .)
 *(SORT_BY_NAME(.mutex_array.*))
 *(.mutex_array)
 .mutex_array   0x00000000200002d4        0x8 CMakeFiles/AudioTrans.dir/home/samgriffen/raspberry-pi-pico/pico/pico-sdk/src/rp2_common/pico_stdio/stdio.c.obj
                0x00000000200002dc                PROVIDE (__mutex_array_end = .)
                0x00000000200002dc                . = ALIGN (0x4)
                0x00000000200002dc                PROVIDE (__preinit_array_start = .)
 *(SORT_BY_NAME(.preinit_array.*))
 .preinit_array.00001
                0x00000000200002dc        0x4 CMakeFiles/AudioTrans.dir/home/samgriffen/raspberry-pi-pico/pico/pico-sdk/src/rp2_common/pico_mem_ops/mem_ops_aeabi.S.obj
 .preinit_array.00010
                0x00000000200002e0        0x4 CMakeFiles/AudioTrans.dir/home/samgriffen/raspberry-pi-pico/pico/pico-sdk/src/rp2_common/pico_bit_ops/bit_ops_aeabi.S.obj
 .preinit_array.00020
                0x00000000200002e4        0x4 CMakeFiles/AudioTrans.dir/home/samgriffen/raspberry-pi-pico/pico/pico-sdk/src/rp2_common/pico_double/double_aeabi.S.obj
 .preinit_array.00020
                0x00000000200002e8        0x4 CMakeFiles/AudioTrans.dir/home/samgriffen/raspberry-pi-pico/pico/pico-sdk/src/rp2_common/pico_float/float_aeabi.S.obj
 *(.preinit_array)
                0x00000000200002ec                PROVIDE (__preinit_array_end = .)
                0x00000000200002ec                . = ALIGN (0x4)
                0x00000000200002ec                PROVIDE (__init_array_start = .)
 *(SORT_BY_NAME(.init_array.*))
 *(.init_array)
 .init_array    0x00000000200002ec        0x4 /usr/lib/gcc/arm-none-eabi/10.3.1/thumb/v6-m/nofp/crtbegin.o
                0x00000000200002f0                PROVIDE (__init_array_end = .)
                0x00000000200002f0                . = ALIGN (0x4)
                0x00000000200002f0                PROVIDE (__fini_array_start = .)
 *(SORT_BY_NAME(.fini_array.*))
 *(.fini_array)
                0x00000000200002f0                PROVIDE (__fini_array_end = .)
 *(.jcr)
                0x00000000200002f0                . = ALIGN (0x4)
                0x00000000200002f0                __data_end__ = .

.tm_clone_table
                0x00000000200002f0        0x0 load address 0x00000000100059d0
 .tm_clone_table
                0x00000000200002f0        0x0 /usr/lib/gcc/arm-none-eabi/10.3.1/thumb/v6-m/nofp/crtbegin.o
 .tm_clone_table
                0x00000000200002f0        0x0 /usr/lib/gcc/arm-none-eabi/10.3.1/thumb/v6-m/nofp/crtend.o

.igot.plt       0x00000000200002f0        0x0 load address 0x00000000100059d0
 .igot.plt      0x00000000200002f0        0x0 /usr/lib/gcc/arm-none-eabi/10.3.1/thumb/v6-m/nofp/crtbegin.o

.uninitialized_data
                0x00000000200002f0        0x0 load address 0x00000000100059d0
                0x00000000200002f0                . = ALIGN (0x4)
 *(.uninitialized_data*)

.scratch_x      0x0000000020040000        0x0 load address 0x00000000100059d0
                0x0000000020040000                __scratch_x_start__ = .
 *(.scratch_x.*)
                0x0000000020040000                . = ALIGN (0x4)
                0x0000000020040000                __scratch_x_end__ = .
                0x00000000100059d0                __scratch_x_source__ = LOADADDR (.scratch_x)

.scratch_y      0x0000000020041000        0x0 load address 0x00000000100059d0
                0x0000000020041000                __scratch_y_start__ = .
 *(.scratch_y.*)
                0x0000000020041000                . = ALIGN (0x4)
                0x0000000020041000                __scratch_y_end__ = .
                0x00000000100059d0                __scratch_y_source__ = LOADADDR (.scratch_y)

.bss            0x00000000200002f0      0x3d4
                0x00000000200002f0                . = ALIGN (0x4)
                0x00000000200002f0                __bss_start__ = .
 *(SORT_BY_ALIGNMENT(SORT_BY_NAME(.bss*)))
 .bss.default_alarm_pool_entries
                0x00000000200002f0      0x100 CMakeFiles/AudioTrans.dir/home/samgriffen/raspberry-pi-pico/pico/pico-sdk/src/common/pico_time/time.c.obj
 .bss           0x00000000200003f0       0x1c /usr/lib/gcc/arm-none-eabi/10.3.1/thumb/v6-m/nofp/crtbegin.o
 .bss.alarm_callbacks
                0x000000002000040c       0x10 CMakeFiles/AudioTrans.dir/home/samgriffen/raspberry-pi-pico/pico/pico-sdk/src/rp2_common/hardware_timer/timer.c.obj
 .bss.configured_freq
                0x000000002000041c       0x28 CMakeFiles/AudioTrans.dir/home/samgriffen/raspberry-pi-pico/pico/pico-sdk/src/rp2_common/hardware_clocks/clocks.c.obj
 .bss.default_alarm_pool_entry_ids_high
                0x0000000020000444       0x10 CMakeFiles/AudioTrans.dir/home/samgriffen/raspberry-pi-pico/pico/pico-sdk/src/common/pico_time/time.c.obj
 .bss.default_alarm_pool_heap_nodes
                0x0000000020000454       0x30 CMakeFiles/AudioTrans.dir/home/samgriffen/raspberry-pi-pico/pico/pico-sdk/src/common/pico_time/time.c.obj
 .bss.drivers   0x0000000020000484        0x4 CMakeFiles/AudioTrans.dir/home/samgriffen/raspberry-pi-pico/pico/pico-sdk/src/rp2_common/pico_stdio/stdio.c.obj
 .bss.filter    0x0000000020000488        0x4 CMakeFiles/AudioTrans.dir/home/samgriffen/raspberry-pi-pico/pico/pico-sdk/src/rp2_common/pico_stdio/stdio.c.obj
 .bss.payload   0x000000002000048c        0x4 CMakeFiles/AudioTrans.dir/AudioTrans.cpp.obj
                0x000000002000048c                payload
 .bss.pools     0x0000000020000490       0x10 CMakeFiles/AudioTrans.dir/home/samgriffen/raspberry-pi-pico/pico/pico-sdk/src/common/pico_time/time.c.obj
 .bss.sd_table  0x00000000200004a0      0x100 CMakeFiles/AudioTrans.dir/home/samgriffen/raspberry-pi-pico/pico/pico-sdk/src/rp2_common/pico_double/double_init_rom.c.obj
                0x00000000200004a0                sd_table
 .bss.sf_clz_func
                0x00000000200005a0        0x4 CMakeFiles/AudioTrans.dir/home/samgriffen/raspberry-pi-pico/pico/pico-sdk/src/rp2_common/pico_double/double_init_rom.c.obj
                0x00000000200005a0                sf_clz_func
 .bss.sf_table  0x00000000200005a4      0x100 CMakeFiles/AudioTrans.dir/home/samgriffen/raspberry-pi-pico/pico/pico-sdk/src/rp2_common/pico_float/float_init_rom.c.obj
                0x00000000200005a4                sf_table
 .bss.sleep_notifier
                0x00000000200006a4        0x4 CMakeFiles/AudioTrans.dir/home/samgriffen/raspberry-pi-pico/pico/pico-sdk/src/common/pico_time/time.c.obj
 .bss.target_hi
                0x00000000200006a8       0x10 CMakeFiles/AudioTrans.dir/home/samgriffen/raspberry-pi-pico/pico/pico-sdk/src/rp2_common/hardware_timer/timer.c.obj
 .bss.uart_char_to_line_feed
                0x00000000200006b8        0x4 CMakeFiles/AudioTrans.dir/home/samgriffen/raspberry-pi-pico/pico/pico-sdk/src/rp2_common/hardware_uart/uart.c.obj
                0x00000000200006b8                uart_char_to_line_feed
 .bss.uart_instance
                0x00000000200006bc        0x4 CMakeFiles/AudioTrans.dir/home/samgriffen/raspberry-pi-pico/pico/pico-sdk/src/rp2_common/pico_stdio_uart/stdio_uart.c.obj
 .bss.check_stat
                0x00000000200006c0        0x1 CMakeFiles/AudioTrans.dir/AudioTrans.cpp.obj
                0x00000000200006c0                check_stat
 .bss.claimed   0x00000000200006c1        0x1 CMakeFiles/AudioTrans.dir/home/samgriffen/raspberry-pi-pico/pico/pico-sdk/src/rp2_common/hardware_timer/timer.c.obj
 .bss.irq_hander_chain_free_slot_head
                0x00000000200006c2        0x1 CMakeFiles/AudioTrans.dir/home/samgriffen/raspberry-pi-pico/pico/pico-sdk/src/rp2_common/hardware_irq/irq.c.obj
 .bss.timer_callbacks_pending
                0x00000000200006c3        0x1 CMakeFiles/AudioTrans.dir/home/samgriffen/raspberry-pi-pico/pico/pico-sdk/src/rp2_common/hardware_timer/timer.c.obj
 *(COMMON)
                0x00000000200006c4                . = ALIGN (0x4)
                0x00000000200006c4                __bss_end__ = .

.heap           0x00000000200006c4      0x800
                0x00000000200006c4                __end__ = .
                0x00000000200006c4                end = __end__
 *(.heap*)
 .heap          0x00000000200006c4      0x800 CMakeFiles/AudioTrans.dir/home/samgriffen/raspberry-pi-pico/pico/pico-sdk/src/rp2_common/pico_standard_link/crt0.S.obj
                0x0000000020000ec4                __HeapLimit = .

.stack1_dummy   0x0000000020040000        0x0
 *(.stack1*)

.stack_dummy    0x0000000020041000      0x800
 *(.stack*)
 .stack         0x0000000020041000      0x800 CMakeFiles/AudioTrans.dir/home/samgriffen/raspberry-pi-pico/pico/pico-sdk/src/rp2_common/pico_standard_link/crt0.S.obj

.flash_end      0x00000000100059d0        0x0
                0x00000000100059d0                __flash_binary_end = .
                0x0000000020040000                __StackLimit = (ORIGIN (RAM) + LENGTH (RAM))
                0x0000000020041000                __StackOneTop = (ORIGIN (SCRATCH_X) + LENGTH (SCRATCH_X))
                0x0000000020042000                __StackTop = (ORIGIN (SCRATCH_Y) + LENGTH (SCRATCH_Y))
                0x0000000020041000                __StackOneBottom = (__StackOneTop - SIZEOF (.stack1_dummy))
                0x0000000020041800                __StackBottom = (__StackTop - SIZEOF (.stack_dummy))
                0x0000000020042000                PROVIDE (__stack = __StackTop)
                0x0000000000000001                ASSERT ((__StackLimit >= __HeapLimit), region RAM overflowed)
                0x0000000000000001                ASSERT (((__binary_info_header_end - __logical_binary_start) <= 0x100), Binary info must be in first 256 bytes of the binary)
LOAD CMakeFiles/AudioTrans.dir/AudioTrans.cpp.obj
LOAD CMakeFiles/AudioTrans.dir/NRF24.cpp.obj
LOAD CMakeFiles/AudioTrans.dir/home/samgriffen/raspberry-pi-pico/pico/pico-sdk/src/rp2_common/pico_stdlib/stdlib.c.obj
LOAD CMakeFiles/AudioTrans.dir/home/samgriffen/raspberry-pi-pico/pico/pico-sdk/src/rp2_common/hardware_gpio/gpio.c.obj
LOAD CMakeFiles/AudioTrans.dir/home/samgriffen/raspberry-pi-pico/pico/pico-sdk/src/rp2_common/hardware_claim/claim.c.obj
LOAD CMakeFiles/AudioTrans.dir/home/samgriffen/raspberry-pi-pico/pico/pico-sdk/src/rp2_common/pico_platform/platform.c.obj
LOAD CMakeFiles/AudioTrans.dir/home/samgriffen/raspberry-pi-pico/pico/pico-sdk/src/rp2_common/hardware_sync/sync.c.obj
LOAD CMakeFiles/AudioTrans.dir/home/samgriffen/raspberry-pi-pico/pico/pico-sdk/src/rp2_common/hardware_uart/uart.c.obj
LOAD CMakeFiles/AudioTrans.dir/home/samgriffen/raspberry-pi-pico/pico/pico-sdk/src/rp2_common/hardware_divider/divider.S.obj
LOAD CMakeFiles/AudioTrans.dir/home/samgriffen/raspberry-pi-pico/pico/pico-sdk/src/common/pico_time/time.c.obj
LOAD CMakeFiles/AudioTrans.dir/home/samgriffen/raspberry-pi-pico/pico/pico-sdk/src/common/pico_time/timeout_helper.c.obj
LOAD CMakeFiles/AudioTrans.dir/home/samgriffen/raspberry-pi-pico/pico/pico-sdk/src/rp2_common/hardware_timer/timer.c.obj
LOAD CMakeFiles/AudioTrans.dir/home/samgriffen/raspberry-pi-pico/pico/pico-sdk/src/common/pico_sync/sem.c.obj
LOAD CMakeFiles/AudioTrans.dir/home/samgriffen/raspberry-pi-pico/pico/pico-sdk/src/common/pico_sync/lock_core.c.obj
LOAD CMakeFiles/AudioTrans.dir/home/samgriffen/raspberry-pi-pico/pico/pico-sdk/src/common/pico_sync/mutex.c.obj
LOAD CMakeFiles/AudioTrans.dir/home/samgriffen/raspberry-pi-pico/pico/pico-sdk/src/common/pico_sync/critical_section.c.obj
LOAD CMakeFiles/AudioTrans.dir/home/samgriffen/raspberry-pi-pico/pico/pico-sdk/src/common/pico_util/datetime.c.obj
LOAD CMakeFiles/AudioTrans.dir/home/samgriffen/raspberry-pi-pico/pico/pico-sdk/src/common/pico_util/pheap.c.obj
LOAD CMakeFiles/AudioTrans.dir/home/samgriffen/raspberry-pi-pico/pico/pico-sdk/src/common/pico_util/queue.c.obj
LOAD CMakeFiles/AudioTrans.dir/home/samgriffen/raspberry-pi-pico/pico/pico-sdk/src/rp2_common/pico_runtime/runtime.c.obj
LOAD CMakeFiles/AudioTrans.dir/home/samgriffen/raspberry-pi-pico/pico/pico-sdk/src/rp2_common/hardware_clocks/clocks.c.obj
LOAD CMakeFiles/AudioTrans.dir/home/samgriffen/raspberry-pi-pico/pico/pico-sdk/src/rp2_common/hardware_irq/irq.c.obj
LOAD CMakeFiles/AudioTrans.dir/home/samgriffen/raspberry-pi-pico/pico/pico-sdk/src/rp2_common/hardware_irq/irq_handler_chain.S.obj
LOAD CMakeFiles/AudioTrans.dir/home/samgriffen/raspberry-pi-pico/pico/pico-sdk/src/rp2_common/hardware_pll/pll.c.obj
LOAD CMakeFiles/AudioTrans.dir/home/samgriffen/raspberry-pi-pico/pico/pico-sdk/src/rp2_common/hardware_vreg/vreg.c.obj
LOAD CMakeFiles/AudioTrans.dir/home/samgriffen/raspberry-pi-pico/pico/pico-sdk/src/rp2_common/hardware_watchdog/watchdog.c.obj
LOAD CMakeFiles/AudioTrans.dir/home/samgriffen/raspberry-pi-pico/pico/pico-sdk/src/rp2_common/hardware_xosc/xosc.c.obj
LOAD CMakeFiles/AudioTrans.dir/home/samgriffen/raspberry-pi-pico/pico/pico-sdk/src/rp2_common/pico_printf/printf.c.obj
LOAD CMakeFiles/AudioTrans.dir/home/samgriffen/raspberry-pi-pico/pico/pico-sdk/src/rp2_common/pico_bit_ops/bit_ops_aeabi.S.obj
LOAD CMakeFiles/AudioTrans.dir/home/samgriffen/raspberry-pi-pico/pico/pico-sdk/src/rp2_common/pico_bootrom/bootrom.c.obj
LOAD CMakeFiles/AudioTrans.dir/home/samgriffen/raspberry-pi-pico/pico/pico-sdk/src/rp2_common/pico_divider/divider.S.obj
LOAD CMakeFiles/AudioTrans.dir/home/samgriffen/raspberry-pi-pico/pico/pico-sdk/src/rp2_common/pico_double/double_aeabi.S.obj
LOAD CMakeFiles/AudioTrans.dir/home/samgriffen/raspberry-pi-pico/pico/pico-sdk/src/rp2_common/pico_double/double_init_rom.c.obj
LOAD CMakeFiles/AudioTrans.dir/home/samgriffen/raspberry-pi-pico/pico/pico-sdk/src/rp2_common/pico_double/double_math.c.obj
LOAD CMakeFiles/AudioTrans.dir/home/samgriffen/raspberry-pi-pico/pico/pico-sdk/src/rp2_common/pico_double/double_v1_rom_shim.S.obj
LOAD CMakeFiles/AudioTrans.dir/home/samgriffen/raspberry-pi-pico/pico/pico-sdk/src/rp2_common/pico_int64_ops/pico_int64_ops_aeabi.S.obj
LOAD CMakeFiles/AudioTrans.dir/home/samgriffen/raspberry-pi-pico/pico/pico-sdk/src/rp2_common/pico_float/float_aeabi.S.obj
LOAD CMakeFiles/AudioTrans.dir/home/samgriffen/raspberry-pi-pico/pico/pico-sdk/src/rp2_common/pico_float/float_init_rom.c.obj
LOAD CMakeFiles/AudioTrans.dir/home/samgriffen/raspberry-pi-pico/pico/pico-sdk/src/rp2_common/pico_float/float_math.c.obj
LOAD CMakeFiles/AudioTrans.dir/home/samgriffen/raspberry-pi-pico/pico/pico-sdk/src/rp2_common/pico_float/float_v1_rom_shim.S.obj
LOAD CMakeFiles/AudioTrans.dir/home/samgriffen/raspberry-pi-pico/pico/pico-sdk/src/rp2_common/pico_malloc/pico_malloc.c.obj
LOAD CMakeFiles/AudioTrans.dir/home/samgriffen/raspberry-pi-pico/pico/pico-sdk/src/rp2_common/pico_mem_ops/mem_ops_aeabi.S.obj
LOAD CMakeFiles/AudioTrans.dir/home/samgriffen/raspberry-pi-pico/pico/pico-sdk/src/rp2_common/pico_standard_link/crt0.S.obj
LOAD CMakeFiles/AudioTrans.dir/home/samgriffen/raspberry-pi-pico/pico/pico-sdk/src/rp2_common/pico_standard_link/new_delete.cpp.obj
LOAD CMakeFiles/AudioTrans.dir/home/samgriffen/raspberry-pi-pico/pico/pico-sdk/src/rp2_common/pico_standard_link/binary_info.c.obj
LOAD CMakeFiles/AudioTrans.dir/home/samgriffen/raspberry-pi-pico/pico/pico-sdk/src/rp2_common/pico_stdio/stdio.c.obj
LOAD CMakeFiles/AudioTrans.dir/home/samgriffen/raspberry-pi-pico/pico/pico-sdk/src/rp2_common/pico_stdio_uart/stdio_uart.c.obj
LOAD CMakeFiles/AudioTrans.dir/home/samgriffen/raspberry-pi-pico/pico/pico-sdk/src/rp2_common/hardware_spi/spi.c.obj
LOAD CMakeFiles/AudioTrans.dir/home/samgriffen/raspberry-pi-pico/pico/pico-sdk/src/rp2_common/hardware_adc/adc.c.obj
LOAD /tmp/ccWDWCia.o
LOAD /usr/lib/gcc/arm-none-eabi/10.3.1/../../../arm-none-eabi/lib/thumb/v6-m/nofp/libstdc++.a
LOAD /usr/lib/gcc/arm-none-eabi/10.3.1/../../../arm-none-eabi/lib/thumb/v6-m/nofp/libm.a
START GROUP
LOAD /usr/lib/gcc/arm-none-eabi/10.3.1/thumb/v6-m/nofp/libgcc.a
LOAD /usr/lib/gcc/arm-none-eabi/10.3.1/../../../arm-none-eabi/lib/thumb/v6-m/nofp/libg.a
LOAD /usr/lib/gcc/arm-none-eabi/10.3.1/../../../arm-none-eabi/lib/thumb/v6-m/nofp/libc.a
END GROUP
START GROUP
LOAD /usr/lib/gcc/arm-none-eabi/10.3.1/thumb/v6-m/nofp/libgcc.a
LOAD /usr/lib/gcc/arm-none-eabi/10.3.1/../../../arm-none-eabi/lib/thumb/v6-m/nofp/libc.a
LOAD /usr/lib/gcc/arm-none-eabi/10.3.1/../../../arm-none-eabi/lib/thumb/v6-m/nofp/libnosys.a
END GROUP
LOAD /usr/lib/gcc/arm-none-eabi/10.3.1/thumb/v6-m/nofp/crtend.o
LOAD /usr/lib/gcc/arm-none-eabi/10.3.1/thumb/v6-m/nofp/crtn.o
OUTPUT(AudioTrans.elf elf32-littlearm)
LOAD linker stubs

.ARM.attributes
                0x0000000000000000       0x28
 .ARM.attributes
                0x0000000000000000       0x1e /usr/lib/gcc/arm-none-eabi/10.3.1/thumb/v6-m/nofp/crti.o
 .ARM.attributes
                0x000000000000001e       0x2c /usr/lib/gcc/arm-none-eabi/10.3.1/thumb/v6-m/nofp/crtbegin.o
 .ARM.attributes
                0x000000000000004a       0x2c CMakeFiles/AudioTrans.dir/AudioTrans.cpp.obj
 .ARM.attributes
                0x0000000000000076       0x2c CMakeFiles/AudioTrans.dir/NRF24.cpp.obj
 .ARM.attributes
                0x00000000000000a2       0x2c CMakeFiles/AudioTrans.dir/home/samgriffen/raspberry-pi-pico/pico/pico-sdk/src/rp2_common/hardware_gpio/gpio.c.obj
 .ARM.attributes
                0x00000000000000ce       0x2c CMakeFiles/AudioTrans.dir/home/samgriffen/raspberry-pi-pico/pico/pico-sdk/src/rp2_common/hardware_claim/claim.c.obj
 .ARM.attributes
                0x00000000000000fa       0x2c CMakeFiles/AudioTrans.dir/home/samgriffen/raspberry-pi-pico/pico/pico-sdk/src/rp2_common/pico_platform/platform.c.obj
 .ARM.attributes
                0x0000000000000126       0x2c CMakeFiles/AudioTrans.dir/home/samgriffen/raspberry-pi-pico/pico/pico-sdk/src/rp2_common/hardware_sync/sync.c.obj
 .ARM.attributes
                0x0000000000000152       0x2c CMakeFiles/AudioTrans.dir/home/samgriffen/raspberry-pi-pico/pico/pico-sdk/src/rp2_common/hardware_uart/uart.c.obj
 .ARM.attributes
                0x000000000000017e       0x2c CMakeFiles/AudioTrans.dir/home/samgriffen/raspberry-pi-pico/pico/pico-sdk/src/common/pico_time/time.c.obj
 .ARM.attributes
                0x00000000000001aa       0x2c CMakeFiles/AudioTrans.dir/home/samgriffen/raspberry-pi-pico/pico/pico-sdk/src/rp2_common/hardware_timer/timer.c.obj
 .ARM.attributes
                0x00000000000001d6       0x2c CMakeFiles/AudioTrans.dir/home/samgriffen/raspberry-pi-pico/pico/pico-sdk/src/common/pico_sync/lock_core.c.obj
 .ARM.attributes
                0x0000000000000202       0x2c CMakeFiles/AudioTrans.dir/home/samgriffen/raspberry-pi-pico/pico/pico-sdk/src/common/pico_sync/mutex.c.obj
 .ARM.attributes
                0x000000000000022e       0x2c CMakeFiles/AudioTrans.dir/home/samgriffen/raspberry-pi-pico/pico/pico-sdk/src/common/pico_util/pheap.c.obj
 .ARM.attributes
                0x000000000000025a       0x2c CMakeFiles/AudioTrans.dir/home/samgriffen/raspberry-pi-pico/pico/pico-sdk/src/rp2_common/pico_runtime/runtime.c.obj
 .ARM.attributes
                0x0000000000000286       0x2c CMakeFiles/AudioTrans.dir/home/samgriffen/raspberry-pi-pico/pico/pico-sdk/src/rp2_common/hardware_clocks/clocks.c.obj
 .ARM.attributes
                0x00000000000002b2       0x2c CMakeFiles/AudioTrans.dir/home/samgriffen/raspberry-pi-pico/pico/pico-sdk/src/rp2_common/hardware_irq/irq.c.obj
 .ARM.attributes
                0x00000000000002de       0x22 CMakeFiles/AudioTrans.dir/home/samgriffen/raspberry-pi-pico/pico/pico-sdk/src/rp2_common/hardware_irq/irq_handler_chain.S.obj
 .ARM.attributes
                0x0000000000000300       0x2c CMakeFiles/AudioTrans.dir/home/samgriffen/raspberry-pi-pico/pico/pico-sdk/src/rp2_common/hardware_pll/pll.c.obj
 .ARM.attributes
                0x000000000000032c       0x2c CMakeFiles/AudioTrans.dir/home/samgriffen/raspberry-pi-pico/pico/pico-sdk/src/rp2_common/hardware_watchdog/watchdog.c.obj
 .ARM.attributes
                0x0000000000000358       0x2c CMakeFiles/AudioTrans.dir/home/samgriffen/raspberry-pi-pico/pico/pico-sdk/src/rp2_common/hardware_xosc/xosc.c.obj
 .ARM.attributes
                0x0000000000000384       0x2c CMakeFiles/AudioTrans.dir/home/samgriffen/raspberry-pi-pico/pico/pico-sdk/src/rp2_common/pico_printf/printf.c.obj
 .ARM.attributes
                0x00000000000003b0       0x22 CMakeFiles/AudioTrans.dir/home/samgriffen/raspberry-pi-pico/pico/pico-sdk/src/rp2_common/pico_bit_ops/bit_ops_aeabi.S.obj
 .ARM.attributes
                0x00000000000003d2       0x2c CMakeFiles/AudioTrans.dir/home/samgriffen/raspberry-pi-pico/pico/pico-sdk/src/rp2_common/pico_bootrom/bootrom.c.obj
 .ARM.attributes
                0x00000000000003fe       0x22 CMakeFiles/AudioTrans.dir/home/samgriffen/raspberry-pi-pico/pico/pico-sdk/src/rp2_common/pico_divider/divider.S.obj
 .ARM.attributes
                0x0000000000000420       0x22 CMakeFiles/AudioTrans.dir/home/samgriffen/raspberry-pi-pico/pico/pico-sdk/src/rp2_common/pico_double/double_aeabi.S.obj
 .ARM.attributes
                0x0000000000000442       0x2c CMakeFiles/AudioTrans.dir/home/samgriffen/raspberry-pi-pico/pico/pico-sdk/src/rp2_common/pico_double/double_init_rom.c.obj
 .ARM.attributes
                0x000000000000046e       0x22 CMakeFiles/AudioTrans.dir/home/samgriffen/raspberry-pi-pico/pico/pico-sdk/src/rp2_common/pico_double/double_v1_rom_shim.S.obj
 .ARM.attributes
                0x0000000000000490       0x22 CMakeFiles/AudioTrans.dir/home/samgriffen/raspberry-pi-pico/pico/pico-sdk/src/rp2_common/pico_int64_ops/pico_int64_ops_aeabi.S.obj
 .ARM.attributes
                0x00000000000004b2       0x22 CMakeFiles/AudioTrans.dir/home/samgriffen/raspberry-pi-pico/pico/pico-sdk/src/rp2_common/pico_float/float_aeabi.S.obj
 .ARM.attributes
                0x00000000000004d4       0x2c CMakeFiles/AudioTrans.dir/home/samgriffen/raspberry-pi-pico/pico/pico-sdk/src/rp2_common/pico_float/float_init_rom.c.obj
 .ARM.attributes
                0x0000000000000500       0x22 CMakeFiles/AudioTrans.dir/home/samgriffen/raspberry-pi-pico/pico/pico-sdk/src/rp2_common/pico_float/float_v1_rom_shim.S.obj
 .ARM.attributes
                0x0000000000000522       0x22 CMakeFiles/AudioTrans.dir/home/samgriffen/raspberry-pi-pico/pico/pico-sdk/src/rp2_common/pico_mem_ops/mem_ops_aeabi.S.obj
 .ARM.attributes
                0x0000000000000544       0x22 CMakeFiles/AudioTrans.dir/home/samgriffen/raspberry-pi-pico/pico/pico-sdk/src/rp2_common/pico_standard_link/crt0.S.obj
 .ARM.attributes
                0x0000000000000566       0x32 CMakeFiles/AudioTrans.dir/home/samgriffen/raspberry-pi-pico/pico/pico-sdk/src/rp2_common/pico_standard_link/binary_info.c.obj
 .ARM.attributes
                0x0000000000000598       0x2c CMakeFiles/AudioTrans.dir/home/samgriffen/raspberry-pi-pico/pico/pico-sdk/src/rp2_common/pico_stdio/stdio.c.obj
 .ARM.attributes
                0x00000000000005c4       0x2c CMakeFiles/AudioTrans.dir/home/samgriffen/raspberry-pi-pico/pico/pico-sdk/src/rp2_common/pico_stdio_uart/stdio_uart.c.obj
 .ARM.attributes
                0x00000000000005f0       0x2c CMakeFiles/AudioTrans.dir/home/samgriffen/raspberry-pi-pico/pico/pico-sdk/src/rp2_common/hardware_spi/spi.c.obj
 .ARM.attributes
                0x000000000000061c       0x2c CMakeFiles/AudioTrans.dir/home/samgriffen/raspberry-pi-pico/pico/pico-sdk/src/rp2_common/hardware_adc/adc.c.obj
 .ARM.attributes
                0x0000000000000648       0x22 /tmp/ccWDWCia.o
 .ARM.attributes
                0x000000000000066a       0x1e /usr/lib/gcc/arm-none-eabi/10.3.1/thumb/v6-m/nofp/libgcc.a(_dvmd_tls.o)
 .ARM.attributes
                0x0000000000000688       0x2c /usr/lib/gcc/arm-none-eabi/10.3.1/../../../arm-none-eabi/lib/thumb/v6-m/nofp/libg.a(lib_a-strlen-stub.o)
 .ARM.attributes
                0x00000000000006b4       0x2c /usr/lib/gcc/arm-none-eabi/10.3.1/thumb/v6-m/nofp/crtend.o

.comment        0x0000000000000000       0x33
 .comment       0x0000000000000000       0x33 /usr/lib/gcc/arm-none-eabi/10.3.1/thumb/v6-m/nofp/crtbegin.o
                                         0x34 (size before relaxing)
 .comment       0x0000000000000033       0x34 CMakeFiles/AudioTrans.dir/AudioTrans.cpp.obj
 .comment       0x0000000000000033       0x34 CMakeFiles/AudioTrans.dir/NRF24.cpp.obj
 .comment       0x0000000000000033       0x34 CMakeFiles/AudioTrans.dir/home/samgriffen/raspberry-pi-pico/pico/pico-sdk/src/rp2_common/hardware_gpio/gpio.c.obj
 .comment       0x0000000000000033       0x34 CMakeFiles/AudioTrans.dir/home/samgriffen/raspberry-pi-pico/pico/pico-sdk/src/rp2_common/hardware_claim/claim.c.obj
 .comment       0x0000000000000033       0x34 CMakeFiles/AudioTrans.dir/home/samgriffen/raspberry-pi-pico/pico/pico-sdk/src/rp2_common/pico_platform/platform.c.obj
 .comment       0x0000000000000033       0x34 CMakeFiles/AudioTrans.dir/home/samgriffen/raspberry-pi-pico/pico/pico-sdk/src/rp2_common/hardware_sync/sync.c.obj
 .comment       0x0000000000000033       0x34 CMakeFiles/AudioTrans.dir/home/samgriffen/raspberry-pi-pico/pico/pico-sdk/src/rp2_common/hardware_uart/uart.c.obj
 .comment       0x0000000000000033       0x34 CMakeFiles/AudioTrans.dir/home/samgriffen/raspberry-pi-pico/pico/pico-sdk/src/common/pico_time/time.c.obj
 .comment       0x0000000000000033       0x34 CMakeFiles/AudioTrans.dir/home/samgriffen/raspberry-pi-pico/pico/pico-sdk/src/rp2_common/hardware_timer/timer.c.obj
 .comment       0x0000000000000033       0x34 CMakeFiles/AudioTrans.dir/home/samgriffen/raspberry-pi-pico/pico/pico-sdk/src/common/pico_sync/lock_core.c.obj
 .comment       0x0000000000000033       0x34 CMakeFiles/AudioTrans.dir/home/samgriffen/raspberry-pi-pico/pico/pico-sdk/src/common/pico_sync/mutex.c.obj
 .comment       0x0000000000000033       0x34 CMakeFiles/AudioTrans.dir/home/samgriffen/raspberry-pi-pico/pico/pico-sdk/src/common/pico_util/pheap.c.obj
 .comment       0x0000000000000033       0x34 CMakeFiles/AudioTrans.dir/home/samgriffen/raspberry-pi-pico/pico/pico-sdk/src/rp2_common/pico_runtime/runtime.c.obj
 .comment       0x0000000000000033       0x34 CMakeFiles/AudioTrans.dir/home/samgriffen/raspberry-pi-pico/pico/pico-sdk/src/rp2_common/hardware_clocks/clocks.c.obj
 .comment       0x0000000000000033       0x34 CMakeFiles/AudioTrans.dir/home/samgriffen/raspberry-pi-pico/pico/pico-sdk/src/rp2_common/hardware_irq/irq.c.obj
 .comment       0x0000000000000033       0x34 CMakeFiles/AudioTrans.dir/home/samgriffen/raspberry-pi-pico/pico/pico-sdk/src/rp2_common/hardware_pll/pll.c.obj
 .comment       0x0000000000000033       0x34 CMakeFiles/AudioTrans.dir/home/samgriffen/raspberry-pi-pico/pico/pico-sdk/src/rp2_common/hardware_watchdog/watchdog.c.obj
 .comment       0x0000000000000033       0x34 CMakeFiles/AudioTrans.dir/home/samgriffen/raspberry-pi-pico/pico/pico-sdk/src/rp2_common/hardware_xosc/xosc.c.obj
 .comment       0x0000000000000033       0x34 CMakeFiles/AudioTrans.dir/home/samgriffen/raspberry-pi-pico/pico/pico-sdk/src/rp2_common/pico_printf/printf.c.obj
 .comment       0x0000000000000033       0x34 CMakeFiles/AudioTrans.dir/home/samgriffen/raspberry-pi-pico/pico/pico-sdk/src/rp2_common/pico_bootrom/bootrom.c.obj
 .comment       0x0000000000000033       0x34 CMakeFiles/AudioTrans.dir/home/samgriffen/raspberry-pi-pico/pico/pico-sdk/src/rp2_common/pico_double/double_init_rom.c.obj
 .comment       0x0000000000000033       0x34 CMakeFiles/AudioTrans.dir/home/samgriffen/raspberry-pi-pico/pico/pico-sdk/src/rp2_common/pico_float/float_init_rom.c.obj
 .comment       0x0000000000000033       0x34 CMakeFiles/AudioTrans.dir/home/samgriffen/raspberry-pi-pico/pico/pico-sdk/src/rp2_common/pico_standard_link/binary_info.c.obj
 .comment       0x0000000000000033       0x34 CMakeFiles/AudioTrans.dir/home/samgriffen/raspberry-pi-pico/pico/pico-sdk/src/rp2_common/pico_stdio/stdio.c.obj
 .comment       0x0000000000000033       0x34 CMakeFiles/AudioTrans.dir/home/samgriffen/raspberry-pi-pico/pico/pico-sdk/src/rp2_common/pico_stdio_uart/stdio_uart.c.obj
 .comment       0x0000000000000033       0x34 CMakeFiles/AudioTrans.dir/home/samgriffen/raspberry-pi-pico/pico/pico-sdk/src/rp2_common/hardware_spi/spi.c.obj
 .comment       0x0000000000000033       0x34 CMakeFiles/AudioTrans.dir/home/samgriffen/raspberry-pi-pico/pico/pico-sdk/src/rp2_common/hardware_adc/adc.c.obj
 .comment       0x0000000000000033       0x34 /usr/lib/gcc/arm-none-eabi/10.3.1/../../../arm-none-eabi/lib/thumb/v6-m/nofp/libg.a(lib_a-strlen-stub.o)
 .comment       0x0000000000000033       0x34 /usr/lib/gcc/arm-none-eabi/10.3.1/thumb/v6-m/nofp/crtend.o

.debug_info     0x0000000000000000    0x16856
 .debug_info    0x0000000000000000      0xb0b CMakeFiles/AudioTrans.dir/AudioTrans.cpp.obj
 .debug_info    0x0000000000000b0b     0x17ed CMakeFiles/AudioTrans.dir/NRF24.cpp.obj
 .debug_info    0x00000000000022f8     0x1479 CMakeFiles/AudioTrans.dir/home/samgriffen/raspberry-pi-pico/pico/pico-sdk/src/rp2_common/hardware_gpio/gpio.c.obj
 .debug_info    0x0000000000003771      0x6a3 CMakeFiles/AudioTrans.dir/home/samgriffen/raspberry-pi-pico/pico/pico-sdk/src/rp2_common/hardware_claim/claim.c.obj
 .debug_info    0x0000000000003e14      0x1cb CMakeFiles/AudioTrans.dir/home/samgriffen/raspberry-pi-pico/pico/pico-sdk/src/rp2_common/pico_platform/platform.c.obj
 .debug_info    0x0000000000003fdf      0x576 CMakeFiles/AudioTrans.dir/home/samgriffen/raspberry-pi-pico/pico/pico-sdk/src/rp2_common/hardware_sync/sync.c.obj
 .debug_info    0x0000000000004555      0xb4d CMakeFiles/AudioTrans.dir/home/samgriffen/raspberry-pi-pico/pico/pico-sdk/src/rp2_common/hardware_uart/uart.c.obj
 .debug_info    0x00000000000050a2     0x3aff CMakeFiles/AudioTrans.dir/home/samgriffen/raspberry-pi-pico/pico/pico-sdk/src/common/pico_time/time.c.obj
 .debug_info    0x0000000000008ba1     0x10f8 CMakeFiles/AudioTrans.dir/home/samgriffen/raspberry-pi-pico/pico/pico-sdk/src/rp2_common/hardware_timer/timer.c.obj
 .debug_info    0x0000000000009c99      0x198 CMakeFiles/AudioTrans.dir/home/samgriffen/raspberry-pi-pico/pico/pico-sdk/src/common/pico_sync/lock_core.c.obj
 .debug_info    0x0000000000009e31     0x1ff2 CMakeFiles/AudioTrans.dir/home/samgriffen/raspberry-pi-pico/pico/pico-sdk/src/common/pico_sync/mutex.c.obj
 .debug_info    0x000000000000be23     0x120c CMakeFiles/AudioTrans.dir/home/samgriffen/raspberry-pi-pico/pico/pico-sdk/src/common/pico_util/pheap.c.obj
 .debug_info    0x000000000000d02f      0xa87 CMakeFiles/AudioTrans.dir/home/samgriffen/raspberry-pi-pico/pico/pico-sdk/src/rp2_common/pico_runtime/runtime.c.obj
 .debug_info    0x000000000000dab6      0xf3c CMakeFiles/AudioTrans.dir/home/samgriffen/raspberry-pi-pico/pico/pico-sdk/src/rp2_common/hardware_clocks/clocks.c.obj
 .debug_info    0x000000000000e9f2     0x1920 CMakeFiles/AudioTrans.dir/home/samgriffen/raspberry-pi-pico/pico/pico-sdk/src/rp2_common/hardware_irq/irq.c.obj
 .debug_info    0x0000000000010312      0x503 CMakeFiles/AudioTrans.dir/home/samgriffen/raspberry-pi-pico/pico/pico-sdk/src/rp2_common/hardware_pll/pll.c.obj
 .debug_info    0x0000000000010815      0x4ee CMakeFiles/AudioTrans.dir/home/samgriffen/raspberry-pi-pico/pico/pico-sdk/src/rp2_common/hardware_watchdog/watchdog.c.obj
 .debug_info    0x0000000000010d03      0x1c0 CMakeFiles/AudioTrans.dir/home/samgriffen/raspberry-pi-pico/pico/pico-sdk/src/rp2_common/hardware_xosc/xosc.c.obj